Archive member included to satisfy reference by file (symbol)

C:/ST/STM32CubeIDE_1.19.0/STM32CubeIDE/plugins/com.st.stm32cube.ide.mcu.externaltools.gnu-tools-for-stm32.13.3.rel1.win32_1.0.0.202411081344/tools/bin/../lib/gcc/arm-none-eabi/13.3.1/../../../../arm-none-eabi/lib/thumb/v7e-m+dp/hard\libc_nano.a(libc_a-exit.o)
                              C:/ST/STM32CubeIDE_1.19.0/STM32CubeIDE/plugins/com.st.stm32cube.ide.mcu.externaltools.gnu-tools-for-stm32.13.3.rel1.win32_1.0.0.202411081344/tools/bin/../lib/gcc/arm-none-eabi/13.3.1/../../../../arm-none-eabi/lib/thumb/v7e-m+dp/hard/crt0.o (exit)
C:/ST/STM32CubeIDE_1.19.0/STM32CubeIDE/plugins/com.st.stm32cube.ide.mcu.externaltools.gnu-tools-for-stm32.13.3.rel1.win32_1.0.0.202411081344/tools/bin/../lib/gcc/arm-none-eabi/13.3.1/../../../../arm-none-eabi/lib/thumb/v7e-m+dp/hard\libc_nano.a(libc_a-findfp.o)
                              C:/ST/STM32CubeIDE_1.19.0/STM32CubeIDE/plugins/com.st.stm32cube.ide.mcu.externaltools.gnu-tools-for-stm32.13.3.rel1.win32_1.0.0.202411081344/tools/bin/../lib/gcc/arm-none-eabi/13.3.1/../../../../arm-none-eabi/lib/thumb/v7e-m+dp/hard\libc_nano.a(libc_a-exit.o) (__stdio_exit_handler)
C:/ST/STM32CubeIDE_1.19.0/STM32CubeIDE/plugins/com.st.stm32cube.ide.mcu.externaltools.gnu-tools-for-stm32.13.3.rel1.win32_1.0.0.202411081344/tools/bin/../lib/gcc/arm-none-eabi/13.3.1/../../../../arm-none-eabi/lib/thumb/v7e-m+dp/hard\libc_nano.a(libc_a-fwalk.o)
                              C:/ST/STM32CubeIDE_1.19.0/STM32CubeIDE/plugins/com.st.stm32cube.ide.mcu.externaltools.gnu-tools-for-stm32.13.3.rel1.win32_1.0.0.202411081344/tools/bin/../lib/gcc/arm-none-eabi/13.3.1/../../../../arm-none-eabi/lib/thumb/v7e-m+dp/hard\libc_nano.a(libc_a-findfp.o) (_fwalk_sglue)
C:/ST/STM32CubeIDE_1.19.0/STM32CubeIDE/plugins/com.st.stm32cube.ide.mcu.externaltools.gnu-tools-for-stm32.13.3.rel1.win32_1.0.0.202411081344/tools/bin/../lib/gcc/arm-none-eabi/13.3.1/../../../../arm-none-eabi/lib/thumb/v7e-m+dp/hard\libc_nano.a(libc_a-printf.o)
                              ./Core/Src/can_rtos_rx.o (printf)
C:/ST/STM32CubeIDE_1.19.0/STM32CubeIDE/plugins/com.st.stm32cube.ide.mcu.externaltools.gnu-tools-for-stm32.13.3.rel1.win32_1.0.0.202411081344/tools/bin/../lib/gcc/arm-none-eabi/13.3.1/../../../../arm-none-eabi/lib/thumb/v7e-m+dp/hard\libc_nano.a(libc_a-puts.o)
                              ./Core/Src/can_rtos_tx.o (puts)
C:/ST/STM32CubeIDE_1.19.0/STM32CubeIDE/plugins/com.st.stm32cube.ide.mcu.externaltools.gnu-tools-for-stm32.13.3.rel1.win32_1.0.0.202411081344/tools/bin/../lib/gcc/arm-none-eabi/13.3.1/../../../../arm-none-eabi/lib/thumb/v7e-m+dp/hard\libc_nano.a(libc_a-stdio.o)
                              C:/ST/STM32CubeIDE_1.19.0/STM32CubeIDE/plugins/com.st.stm32cube.ide.mcu.externaltools.gnu-tools-for-stm32.13.3.rel1.win32_1.0.0.202411081344/tools/bin/../lib/gcc/arm-none-eabi/13.3.1/../../../../arm-none-eabi/lib/thumb/v7e-m+dp/hard\libc_nano.a(libc_a-findfp.o) (__sread)
C:/ST/STM32CubeIDE_1.19.0/STM32CubeIDE/plugins/com.st.stm32cube.ide.mcu.externaltools.gnu-tools-for-stm32.13.3.rel1.win32_1.0.0.202411081344/tools/bin/../lib/gcc/arm-none-eabi/13.3.1/../../../../arm-none-eabi/lib/thumb/v7e-m+dp/hard\libc_nano.a(libc_a-wbuf.o)
                              C:/ST/STM32CubeIDE_1.19.0/STM32CubeIDE/plugins/com.st.stm32cube.ide.mcu.externaltools.gnu-tools-for-stm32.13.3.rel1.win32_1.0.0.202411081344/tools/bin/../lib/gcc/arm-none-eabi/13.3.1/../../../../arm-none-eabi/lib/thumb/v7e-m+dp/hard\libc_nano.a(libc_a-puts.o) (__swbuf_r)
C:/ST/STM32CubeIDE_1.19.0/STM32CubeIDE/plugins/com.st.stm32cube.ide.mcu.externaltools.gnu-tools-for-stm32.13.3.rel1.win32_1.0.0.202411081344/tools/bin/../lib/gcc/arm-none-eabi/13.3.1/../../../../arm-none-eabi/lib/thumb/v7e-m+dp/hard\libc_nano.a(libc_a-wsetup.o)
                              C:/ST/STM32CubeIDE_1.19.0/STM32CubeIDE/plugins/com.st.stm32cube.ide.mcu.externaltools.gnu-tools-for-stm32.13.3.rel1.win32_1.0.0.202411081344/tools/bin/../lib/gcc/arm-none-eabi/13.3.1/../../../../arm-none-eabi/lib/thumb/v7e-m+dp/hard\libc_nano.a(libc_a-puts.o) (__swsetup_r)
C:/ST/STM32CubeIDE_1.19.0/STM32CubeIDE/plugins/com.st.stm32cube.ide.mcu.externaltools.gnu-tools-for-stm32.13.3.rel1.win32_1.0.0.202411081344/tools/bin/../lib/gcc/arm-none-eabi/13.3.1/../../../../arm-none-eabi/lib/thumb/v7e-m+dp/hard\libc_nano.a(libc_a-memset.o)
                              C:/ST/STM32CubeIDE_1.19.0/STM32CubeIDE/plugins/com.st.stm32cube.ide.mcu.externaltools.gnu-tools-for-stm32.13.3.rel1.win32_1.0.0.202411081344/tools/bin/../lib/gcc/arm-none-eabi/13.3.1/../../../../arm-none-eabi/lib/thumb/v7e-m+dp/hard/crt0.o (memset)
C:/ST/STM32CubeIDE_1.19.0/STM32CubeIDE/plugins/com.st.stm32cube.ide.mcu.externaltools.gnu-tools-for-stm32.13.3.rel1.win32_1.0.0.202411081344/tools/bin/../lib/gcc/arm-none-eabi/13.3.1/../../../../arm-none-eabi/lib/thumb/v7e-m+dp/hard\libc_nano.a(libc_a-closer.o)
[...]
Memory Configuration

Name             Origin             Length             Attributes
RAM              0x20000000         0x00080000         xrw
FLASH            0x08000000         0x00200000         xr
*default*        0x00000000         0xffffffff

Linker script and memory map

LOAD C:/ST/STM32CubeIDE_1.19.0/STM32CubeIDE/plugins/com.st.stm32cube.ide.mcu.externaltools.gnu-tools-for-stm32.13.3.rel1.win32_1.0.0.202411081344/tools/bin/../lib/gcc/arm-none-eabi/13.3.1/thumb/v7e-m+dp/hard/crti.o
LOAD C:/ST/STM32CubeIDE_1.19.0/STM32CubeIDE/plugins/com.st.stm32cube.ide.mcu.externaltools.gnu-tools-for-stm32.13.3.rel1.win32_1.0.0.202411081344/tools/bin/../lib/gcc/arm-none-eabi/13.3.1/thumb/v7e-m+dp/hard/crtbegin.o
LOAD C:/ST/STM32CubeIDE_1.19.0/STM32CubeIDE/plugins/com.st.stm32cube.ide.mcu.externaltools.gnu-tools-for-stm32.13.3.rel1.win32_1.0.0.202411081344/tools/bin/../lib/gcc/arm-none-eabi/13.3.1/../../../../arm-none-eabi/lib/thumb/v7e-m+dp/hard/crt0.o
LOAD ./Core/Src/Serial_link.o
LOAD ./Core/Src/app_can.o
LOAD ./Core/Src/can.o
LOAD ./Core/Src/can_rtos_rx.o
LOAD ./Core/Src/can_rtos_tx.o
LOAD ./Core/Src/freertos.o
LOAD ./Core/Src/gpio.o
LOAD ./Core/Src/main.o
LOAD ./Core/Src/stm32f7xx_hal_msp.o
LOAD ./Core/Src/stm32f7xx_it.o
LOAD ./Core/Src/syscalls.o
LOAD ./Core/Src/sysmem.o
LOAD ./Core/Src/system_stm32f7xx.o
LOAD ./Core/Src/uart_pkt.o
LOAD ./Core/Src/usart.o
LOAD ./Core/Startup/startup_stm32f767zitx.o
LOAD ./Drivers/STM32F7xx_HAL_Driver/Src/stm32f7xx_hal.o
LOAD ./Drivers/STM32F7xx_HAL_Driver/Src/stm32f7xx_hal_can.o
LOAD ./Drivers/STM32F7xx_HAL_Driver/Src/stm32f7xx_hal_cortex.o
LOAD ./Drivers/STM32F7xx_HAL_Driver/Src/stm32f7xx_hal_dma.o
LOAD ./Drivers/STM32F7xx_HAL_Driver/Src/stm32f7xx_hal_dma_ex.o
LOAD ./Drivers/STM32F7xx_HAL_Driver/Src/stm32f7xx_hal_exti.o
LOAD ./Drivers/STM32F7xx_HAL_Driver/Src/stm32f7xx_hal_flash.o
LOAD ./Drivers/STM32F7xx_HAL_Driver/Src/stm32f7xx_hal_flash_ex.o
LOAD ./Drivers/STM32F7xx_HAL_Driver/Src/stm32f7xx_hal_gpio.o
LOAD ./Drivers/STM32F7xx_HAL_Driver/Src/stm32f7xx_hal_i2c.o
LOAD ./Drivers/STM32F7xx_HAL_Driver/Src/stm32f7xx_hal_i2c_ex.o
LOAD ./Drivers/STM32F7xx_HAL_Driver/Src/stm32f7xx_hal_pwr.o
LOAD ./Drivers/STM32F7xx_HAL_Driver/Src/stm32f7xx_hal_pwr_ex.o
LOAD ./Drivers/STM32F7xx_HAL_Driver/Src/stm32f7xx_hal_rcc.o
LOAD ./Drivers/STM32F7xx_HAL_Driver/Src/stm32f7xx_hal_rcc_ex.o
LOAD ./Drivers/STM32F7xx_HAL_Driver/Src/stm32f7xx_hal_uart.o
LOAD ./Drivers/STM32F7xx_HAL_Driver/Src/stm32f7xx_hal_uart_ex.o
LOAD ./Middlewares/Third_Party/FreeRTOS/Source/CMSIS_RTOS_V2/cmsis_os2.o
LOAD ./Middlewares/Third_Party/FreeRTOS/Source/croutine.o
LOAD ./Middlewares/Third_Party/FreeRTOS/Source/event_groups.o
LOAD ./Middlewares/Third_Party/FreeRTOS/Source/list.o
LOAD ./Middlewares/Third_Party/FreeRTOS/Source/queue.o
LOAD ./Middlewares/Third_Party/FreeRTOS/Source/stream_buffer.o
LOAD ./Middlewares/Third_Party/FreeRTOS/Source/tasks.o
LOAD ./Middlewares/Third_Party/FreeRTOS/Source/timers.o
LOAD ./Middlewares/Third_Party/FreeRTOS/Source/portable/GCC/ARM_CM7/r0p1/port.o
LOAD ./Middlewares/Third_Party/FreeRTOS/Source/portable/MemMang/heap_4.o
START GROUP
LOAD C:/ST/STM32CubeIDE_1.19.0/STM32CubeIDE/plugins/com.st.stm32cube.ide.mcu.externaltools.gnu-tools-for-stm32.13.3.rel1.win32_1.0.0.202411081344/tools/bin/../lib/gcc/arm-none-eabi/13.3.1/../../../../arm-none-eabi/lib/thumb/v7e-m+dp/hard\libc_nano.a
LOAD C:/ST/STM32CubeIDE_1.19.0/STM32CubeIDE/plugins/com.st.stm32cube.ide.mcu.externaltools.gnu-tools-for-stm32.13.3.rel1.win32_1.0.0.202411081344/tools/bin/../lib/gcc/arm-none-eabi/13.3.1/../../../../arm-none-eabi/lib/thumb/v7e-m+dp/hard\libm.a
END GROUP
START GROUP
LOAD C:/ST/STM32CubeIDE_1.19.0/STM32CubeIDE/plugins/com.st.stm32cube.ide.mcu.externaltools.gnu-tools-for-stm32.13.3.rel1.win32_1.0.0.202411081344/tools/bin/../lib/gcc/arm-none-eabi/13.3.1/thumb/v7e-m+dp/hard\libgcc.a
LOAD C:/ST/STM32CubeIDE_1.19.0/STM32CubeIDE/plugins/com.st.stm32cube.ide.mcu.externaltools.gnu-tools-for-stm32.13.3.rel1.win32_1.0.0.202411081344/tools/bin/../lib/gcc/arm-none-eabi/13.3.1/../../../../arm-none-eabi/lib/thumb/v7e-m+dp/hard\libc_nano.a
END GROUP
START GROUP
LOAD C:/ST/STM32CubeIDE_1.19.0/STM32CubeIDE/plugins/com.st.stm32cube.ide.mcu.externaltools.gnu-tools-for-stm32.13.3.rel1.win32_1.0.0.202411081344/tools/bin/../lib/gcc/arm-none-eabi/13.3.1/thumb/v7e-m+dp/hard\libgcc.a
LOAD C:/ST/STM32CubeIDE_1.19.0/STM32CubeIDE/plugins/com.st.stm32cube.ide.mcu.externaltools.gnu-tools-for-stm32.13.3.rel1.win32_1.0.0.202411081344/tools/bin/../lib/gcc/arm-none-eabi/13.3.1/../../../../arm-none-eabi/lib/thumb/v7e-m+dp/hard\libc_nano.a
LOAD C:/ST/STM32CubeIDE_1.19.0/STM32CubeIDE/plugins/com.st.stm32cube.ide.mcu.externaltools.gnu-tools-for-stm32.13.3.rel1.win32_1.0.0.202411081344/tools/bin/../lib/gcc/arm-none-eabi/13.3.1/../../../../arm-none-eabi/lib/thumb/v7e-m+dp/hard\libnosys.a
END GROUP
START GROUP
LOAD C:/ST/STM32CubeIDE_1.19.0/STM32CubeIDE/plugins/com.st.stm32cube.ide.mcu.externaltools.gnu-tools-for-stm32.13.3.rel1.win32_1.0.0.202411081344/tools/bin/../lib/gcc/arm-none-eabi/13.3.1/thumb/v7e-m+dp/hard\libgcc.a
LOAD C:/ST/STM32CubeIDE_1.19.0/STM32CubeIDE/plugins/com.st.stm32cube.ide.mcu.externaltools.gnu-tools-for-stm32.13.3.rel1.win32_1.0.0.202411081344/tools/bin/../lib/gcc/arm-none-eabi/13.3.1/../../../../arm-none-eabi/lib/thumb/v7e-m+dp/hard\libc_nano.a
LOAD C:/ST/STM32CubeIDE_1.19.0/STM32CubeIDE/plugins/com.st.stm32cube.ide.mcu.externaltools.gnu-tools-for-stm32.13.3.rel1.win32_1.0.0.202411081344/tools/bin/../lib/gcc/arm-none-eabi/13.3.1/../../../../arm-none-eabi/lib/thumb/v7e-m+dp/hard\libnosys.a
END GROUP
LOAD C:/ST/STM32CubeIDE_1.19.0/STM32CubeIDE/plugins/com.st.stm32cube.ide.mcu.externaltools.gnu-tools-for-stm32.13.3.rel1.win32_1.0.0.202411081344/tools/bin/../lib/gcc/arm-none-eabi/13.3.1/thumb/v7e-m+dp/hard/crtend.o
LOAD C:/ST/STM32CubeIDE_1.19.0/STM32CubeIDE/plugins/com.st.stm32cube.ide.mcu.externaltools.gnu-tools-for-stm32.13.3.rel1.win32_1.0.0.202411081344/tools/bin/../lib/gcc/arm-none-eabi/13.3.1/thumb/v7e-m+dp/hard/crtn.o
                0x20080000                        _estack = (ORIGIN (RAM) + LENGTH (RAM))
                0x00000200                        _Min_Heap_Size = 0x200
                0x00000400                        _Min_Stack_Size = 0x400

.isr_vector     0x08000000      0x1f8
                0x08000000                        . = ALIGN (0x4)
 *(.isr_vector)
 .isr_vector    0x08000000      0x1f8 ./Core/Startup/startup_stm32f767zitx.o
                0x08000000                g_pfnVectors
                0x080001f8                        . = ALIGN (0x4)

.text           0x08000200     0x8a28
                0x08000200                        . = ALIGN (0x4)
 *(.text)
 .text          0x08000200       0x40 C:/ST/STM32CubeIDE_1.19.0/STM32CubeIDE/plugins/com.st.stm32cube.ide.mcu.externaltools.gnu-tools-for-stm32.13.3.rel1.win32_1.0.0.202411081344/tools/bin/../lib/gcc/arm-none-eabi/13.3.1/thumb/v7e-m+dp/hard/crtbegin.o
 .text          0x08000240       0xa0 C:/ST/STM32CubeIDE_1.19.0/STM32CubeIDE/plugins/com.st.stm32cube.ide.mcu.externaltools.gnu-tools-for-stm32.13.3.rel1.win32_1.0.0.202411081344/tools/bin/../lib/gcc/arm-none-eabi/13.3.1/../../../../arm-none-eabi/lib/thumb/v7e-m+dp/hard\libc_nano.a(libc_a-memchr.o)
                0x08000240                memchr
 .text          0x080002e0       0x30 C:/ST/STM32CubeIDE_1.19.0/STM32CubeIDE/plugins/com.st.stm32cube.ide.mcu.externaltools.gnu-tools-for-stm32.13.3.rel1.win32_1.0.0.202411081344/tools/bin/../lib/gcc/arm-none-eabi/13.3.1/thumb/v7e-m+dp/hard\libgcc.a(_aeabi_uldivmod.o)
                0x080002e0                __aeabi_uldivmod
 .text          0x08000310      0x2f8 C:/ST/STM32CubeIDE_1.19.0/STM32CubeIDE/plugins/com.st.stm32cube.ide.mcu.externaltools.gnu-tools-for-stm32.13.3.rel1.win32_1.0.0.202411081344/tools/bin/../lib/gcc/arm-none-eabi/13.3.1/thumb/v7e-m+dp/hard\libgcc.a(_udivmoddi4.o)
                0x08000310                __udivmoddi4
 .text          0x08000608        0x4 C:/ST/STM32CubeIDE_1.19.0/STM32CubeIDE/plugins/com.st.stm32cube.ide.mcu.externaltools.gnu-tools-for-stm32.13.3.rel1.win32_1.0.0.202411081344/tools/bin/../lib/gcc/arm-none-eabi/13.3.1/thumb/v7e-m+dp/hard\libgcc.a(_dvmd_tls.o)
                0x08000608                __aeabi_idiv0
                0x08000608                __aeabi_ldiv0
 *(.text*)
 .text.SerialLink_Init
                0x0800060c       0x1c ./Core/Src/Serial_link.o
                0x0800060c                SerialLink_Init
 .text.SerialLink_SendNode32_Async
                0x08000628       0xb0 ./Core/Src/Serial_link.o
                0x08000628                SerialLink_SendNode32_Async
 .text.SerialLink_TxTask
                0x080006d8       0x38 ./Core/Src/Serial_link.o
                0x080006d8                SerialLink_TxTask
 .text.CanCmd_SendToNode
                0x08000710       0x6e ./Core/Src/app_can.o
                0x08000710                CanCmd_SendToNode
 *fill*         0x0800077e        0x2 
 .text.MX_CAN1_Init
                0x08000780       0x6c ./Core/Src/can.o
                0x08000780                MX_CAN1_Init
 .text.HAL_CAN_MspInit
                0x080007ec       0xb8 ./Core/Src/can.o
                0x080007ec                HAL_CAN_MspInit
 .text.CanRtosRx_Init
                0x080008a4       0x68 ./Core/Src/can_rtos_rx.o
                0x080008a4                CanRtosRx_Init
 .text.CanRtosRx_OnFifo0Pending
                0x0800090c       0x8c ./Core/Src/can_rtos_rx.o
                0x0800090c                CanRtosRx_OnFifo0Pending
 .text.CanRtosTx_Init
                0x08000998       0x54 ./Core/Src/can_rtos_tx.o
                0x08000998                CanRtosTx_Init
 .text.CanRtosTx_SendStd_Async
                0x080009ec       0xc0 ./Core/Src/can_rtos_tx.o
                0x080009ec                CanRtosTx_SendStd_Async
 .text.CanTxTask
                0x08000aac       0xec ./Core/Src/can_rtos_tx.o
                0x08000aac                CanTxTask
 .text.MX_FREERTOS_Init
                0x08000b98      0x168 ./Core/Src/freertos.o
                0x08000b98                MX_FREERTOS_Init
 .text.StartDefaultTask
                0x08000d00       0x20 ./Core/Src/freertos.o
                0x08000d00                StartDefaultTask
 .text.CanRxTask
                0x08000d20      0x418 ./Core/Src/freertos.o
                0x08000d20                CanRxTask
 .text.BuildNodeFlags
                0x08001138       0x44 ./Core/Src/freertos.o
 .text.SensorStatus_IsValid
                0x0800117c       0x48 ./Core/Src/freertos.o
 .text.SensorStatus_GetConfidence
                0x080011c4       0x48 ./Core/Src/freertos.o
 .text.BedMap_GetRow
                0x0800120c       0x2c ./Core/Src/freertos.o
 .text.BedMap_GetCol
                0x08001238       0x1e ./Core/Src/freertos.o
 *fill*         0x08001256        0x2 
 .text.BedModel_UpdateNode
                0x08001258       0xf4 ./Core/Src/freertos.o
 .text.BedSync_OnNodeUpdated
                0x0800134c       0x6c ./Core/Src/freertos.o
 .text.Node1CmdTask
                0x080013b8       0x28 ./Core/Src/freertos.o
                0x080013b8                Node1CmdTask
 .text.NodeMonitorTask
                0x080013e0      0x130 ./Core/Src/freertos.o
                0x080013e0                NodeMonitorTask
 .text.MX_GPIO_Init
                0x08001510       0xe8 ./Core/Src/gpio.o
                0x08001510                MX_GPIO_Init
 .text._write   0x080015f8       0x2c ./Core/Src/main.o
                0x080015f8                _write
 .text.CAN_Filter_0x100_to_0x1FF
                0x08001624       0x74 ./Core/Src/main.o
 .text.CAN_StartWithIrq
                0x08001698       0x38 ./Core/Src/main.o
 .text.HAL_CAN_RxFifo0MsgPendingCallback
                0x080016d0       0x16 ./Core/Src/main.o
                0x080016d0                HAL_CAN_RxFifo0MsgPendingCallback
 .text.main     0x080016e6       0x46 ./Core/Src/main.o
                0x080016e6                main
 .text.SystemClock_Config
                0x0800172c       0xe8 ./Core/Src/main.o
                0x0800172c                SystemClock_Config
 .text.MPU_Config
                0x08001814       0x58 ./Core/Src/main.o
 .text.Error_Handler
                0x0800186c       0x10 ./Core/Src/main.o
                0x0800186c                Error_Handler
 .text.HAL_MspInit
                0x0800187c       0x50 ./Core/Src/stm32f7xx_hal_msp.o
                0x0800187c                HAL_MspInit
 .text.NMI_Handler
                0x080018cc        0x8 ./Core/Src/stm32f7xx_it.o
                0x080018cc                NMI_Handler
 .text.HardFault_Handler
                0x080018d4        0x8 ./Core/Src/stm32f7xx_it.o
                0x080018d4                HardFault_Handler
 .text.MemManage_Handler
                0x080018dc        0x8 ./Core/Src/stm32f7xx_it.o
                0x080018dc                MemManage_Handler
 .text.BusFault_Handler
                0x080018e4        0x8 ./Core/Src/stm32f7xx_it.o
                0x080018e4                BusFault_Handler
 .text.UsageFault_Handler
                0x080018ec        0x8 ./Core/Src/stm32f7xx_it.o
                0x080018ec                UsageFault_Handler
 .text.DebugMon_Handler
                0x080018f4        0xe ./Core/Src/stm32f7xx_it.o
                0x080018f4                DebugMon_Handler
 .text.SysTick_Handler
                0x08001902       0x1a ./Core/Src/stm32f7xx_it.o
                0x08001902                SysTick_Handler
 .text.CAN1_RX0_IRQHandler
                0x0800191c       0x14 ./Core/Src/stm32f7xx_it.o
                0x0800191c                CAN1_RX0_IRQHandler
 .text._read    0x08001930       0x3a ./Core/Src/syscalls.o
                0x08001930                _read
 .text._close   0x0800196a       0x18 ./Core/Src/syscalls.o
                0x0800196a                _close
 .text._fstat   0x08001982       0x20 ./Core/Src/syscalls.o
                0x08001982                _fstat
 .text._isatty  0x080019a2       0x16 ./Core/Src/syscalls.o
                0x080019a2                _isatty
 .text._lseek   0x080019b8       0x1a ./Core/Src/syscalls.o
                0x080019b8                _lseek
 *fill*         0x080019d2        0x2 
 .text._sbrk    0x080019d4       0x6c ./Core/Src/sysmem.o
                0x080019d4                _sbrk
 .text.SystemInit
                0x08001a40       0x24 ./Core/Src/system_stm32f7xx.o
                0x08001a40                SystemInit
 .text.UartPkt_Init
                0x08001a64       0x18 ./Core/Src/uart_pkt.o
                0x08001a64                UartPkt_Init
 .text.UartPkt_SendNode32
                0x08001a7c       0x80 ./Core/Src/uart_pkt.o
                0x08001a7c                UartPkt_SendNode32
 .text.MX_UART4_Init
                0x08001afc       0x60 ./Core/Src/usart.o
                0x08001afc                MX_UART4_Init
 .text.MX_USART3_UART_Init
                0x08001b5c       0x60 ./Core/Src/usart.o
                0x08001b5c                MX_USART3_UART_Init
 .text.HAL_UART_MspInit
                0x08001bbc      0x14c ./Core/Src/usart.o
                0x08001bbc                HAL_UART_MspInit
 .text.Reset_Handler
                0x08001d08       0x50 ./Core/Startup/startup_stm32f767zitx.o
                0x08001d08                Reset_Handler
 .text.Default_Handler
                0x08001d58        0x2 ./Core/Startup/startup_stm32f767zitx.o
                0x08001d58                RTC_Alarm_IRQHandler
                0x08001d58                EXTI2_IRQHandler
                0x08001d58                TIM8_CC_IRQHandler
                0x08001d58                UART8_IRQHandler
                0x08001d58                SPI4_IRQHandler
                0x08001d58                TIM1_CC_IRQHandler
                0x08001d58                DMA2_Stream5_IRQHandler
                0x08001d58                JPEG_IRQHandler
                0x08001d58                DMA1_Stream5_IRQHandler
                0x08001d58                CAN3_RX1_IRQHandler
                0x08001d58                PVD_IRQHandler
                0x08001d58                TAMP_STAMP_IRQHandler
                0x08001d58                CAN2_RX1_IRQHandler
                0x08001d58                EXTI3_IRQHandler
                0x08001d58                TIM8_TRG_COM_TIM14_IRQHandler
                0x08001d58                DFSDM1_FLT1_IRQHandler
                0x08001d58                TIM1_UP_TIM10_IRQHandler
                0x08001d58                TIM8_UP_TIM13_IRQHandler
                0x08001d58                I2C3_ER_IRQHandler
                0x08001d58                DFSDM1_FLT2_IRQHandler
                0x08001d58                EXTI0_IRQHandler
                0x08001d58                I2C2_EV_IRQHandler
                0x08001d58                DMA1_Stream2_IRQHandler
                0x08001d58                FPU_IRQHandler
                0x08001d58                OTG_HS_WKUP_IRQHandler
                0x08001d58                CAN3_SCE_IRQHandler
                0x08001d58                LTDC_ER_IRQHandler
                0x08001d58                CAN2_SCE_IRQHandler
                0x08001d58                DMA2_Stream2_IRQHandler
                0x08001d58                SPI1_IRQHandler
                0x08001d58                TIM6_DAC_IRQHandler
                0x08001d58                TIM1_BRK_TIM9_IRQHandler
                0x08001d58                DCMI_IRQHandler
                0x08001d58                CAN2_RX0_IRQHandler
                0x08001d58                DMA2_Stream3_IRQHandler
                0x08001d58                SAI2_IRQHandler
                0x08001d58                DFSDM1_FLT3_IRQHandler
                0x08001d58                USART6_IRQHandler
                0x08001d58                CAN3_RX0_IRQHandler
                0x08001d58                USART3_IRQHandler
                0x08001d58                CAN1_RX1_IRQHandler
                0x08001d58                UART5_IRQHandler
                0x08001d58                DMA2_Stream0_IRQHandler
                0x08001d58                TIM4_IRQHandler
                0x08001d58                QUADSPI_IRQHandler
                0x08001d58                I2C1_EV_IRQHandler
                0x08001d58                DMA1_Stream6_IRQHandler
                0x08001d58                DMA1_Stream1_IRQHandler
                0x08001d58                UART4_IRQHandler
                0x08001d58                TIM3_IRQHandler
                0x08001d58                RCC_IRQHandler
                0x08001d58                TIM8_BRK_TIM12_IRQHandler
                0x08001d58                Default_Handler
                0x08001d58                CEC_IRQHandler
                0x08001d58                EXTI15_10_IRQHandler
                0x08001d58                ADC_IRQHandler
                0x08001d58                DMA1_Stream7_IRQHandler
                0x08001d58                SPI5_IRQHandler
                0x08001d58                TIM7_IRQHandler
                0x08001d58                SDMMC1_IRQHandler
                0x08001d58                CAN2_TX_IRQHandler
                0x08001d58                TIM5_IRQHandler
                0x08001d58                DMA2_Stream7_IRQHandler
                0x08001d58                I2C3_EV_IRQHandler
                0x08001d58                EXTI9_5_IRQHandler
                0x08001d58                RTC_WKUP_IRQHandler
                0x08001d58                LTDC_IRQHandler
                0x08001d58                ETH_WKUP_IRQHandler
                0x08001d58                SPDIF_RX_IRQHandler
                0x08001d58                SPI2_IRQHandler
                0x08001d58                OTG_HS_EP1_IN_IRQHandler
                0x08001d58                DMA1_Stream0_IRQHandler
                0x08001d58                CAN1_TX_IRQHandler
                0x08001d58                EXTI4_IRQHandler
                0x08001d58                RNG_IRQHandler
                0x08001d58                ETH_IRQHandler
                0x08001d58                OTG_HS_EP1_OUT_IRQHandler
                0x08001d58                WWDG_IRQHandler
                0x08001d58                SPI6_IRQHandler
                0x08001d58                MDIOS_IRQHandler
                0x08001d58                I2C4_EV_IRQHandler
                0x08001d58                CAN3_TX_IRQHandler
                0x08001d58                TIM2_IRQHandler
                0x08001d58                OTG_FS_WKUP_IRQHandler
                0x08001d58                TIM1_TRG_COM_TIM11_IRQHandler
                0x08001d58                OTG_HS_IRQHandler
                0x08001d58                DMA2D_IRQHandler
                0x08001d58                EXTI1_IRQHandler
                0x08001d58                SDMMC2_IRQHandler
                0x08001d58                UART7_IRQHandler
                0x08001d58                USART2_IRQHandler
                0x08001d58                DFSDM1_FLT0_IRQHandler
                0x08001d58                I2C2_ER_IRQHandler
                0x08001d58                DMA2_Stream1_IRQHandler
                0x08001d58                CAN1_SCE_IRQHandler
                0x08001d58                FLASH_IRQHandler
                0x08001d58                DMA2_Stream4_IRQHandler
                0x08001d58                USART1_IRQHandler
                0x08001d58                OTG_FS_IRQHandler
                0x08001d58                SPI3_IRQHandler
                0x08001d58                DMA1_Stream4_IRQHandler
                0x08001d58                I2C1_ER_IRQHandler
                0x08001d58                FMC_IRQHandler
                0x08001d58                LPTIM1_IRQHandler
                0x08001d58                I2C4_ER_IRQHandler
                0x08001d58                DMA2_Stream6_IRQHandler
                0x08001d58                SAI1_IRQHandler
                0x08001d58                DMA1_Stream3_IRQHandler
 .text.HAL_Init
                0x08001d5a       0x1a ./Drivers/STM32F7xx_HAL_Driver/Src/stm32f7xx_hal.o
                0x08001d5a                HAL_Init
 .text.HAL_InitTick
                0x08001d74       0x60 ./Drivers/STM32F7xx_HAL_Driver/Src/stm32f7xx_hal.o
                0x08001d74                HAL_InitTick
 .text.HAL_IncTick
                0x08001dd4       0x28 ./Drivers/STM32F7xx_HAL_Driver/Src/stm32f7xx_hal.o
                0x08001dd4                HAL_IncTick
 .text.HAL_GetTick
                0x08001dfc       0x18 ./Drivers/STM32F7xx_HAL_Driver/Src/stm32f7xx_hal.o
                0x08001dfc                HAL_GetTick
 .text.HAL_Delay
                0x08001e14       0x48 ./Drivers/STM32F7xx_HAL_Driver/Src/stm32f7xx_hal.o
                0x08001e14                HAL_Delay
 .text.HAL_CAN_Init
                0x08001e5c      0x1f6 ./Drivers/STM32F7xx_HAL_Driver/Src/stm32f7xx_hal_can.o
                0x08001e5c                HAL_CAN_Init
 *fill*         0x08002052        0x2 
 .text.HAL_CAN_ConfigFilter
                0x08002054      0x1d8 ./Drivers/STM32F7xx_HAL_Driver/Src/stm32f7xx_hal_can.o
                0x08002054                HAL_CAN_ConfigFilter
 .text.HAL_CAN_Start
                0x0800222c       0x88 ./Drivers/STM32F7xx_HAL_Driver/Src/stm32f7xx_hal_can.o
                0x0800222c                HAL_CAN_Start
 .text.HAL_CAN_AddTxMessage
                0x080022b4      0x1a0 ./Drivers/STM32F7xx_HAL_Driver/Src/stm32f7xx_hal_can.o
                0x080022b4                HAL_CAN_AddTxMessage
 .text.HAL_CAN_GetTxMailboxesFreeLevel
                0x08002454       0x6a ./Drivers/STM32F7xx_HAL_Driver/Src/stm32f7xx_hal_can.o
                0x08002454                HAL_CAN_GetTxMailboxesFreeLevel
 .text.HAL_CAN_GetRxMessage
                0x080024be      0x244 ./Drivers/STM32F7xx_HAL_Driver/Src/stm32f7xx_hal_can.o
                0x080024be                HAL_CAN_GetRxMessage
 .text.HAL_CAN_GetRxFifoFillLevel
                0x08002702       0x50 ./Drivers/STM32F7xx_HAL_Driver/Src/stm32f7xx_hal_can.o
                0x08002702                HAL_CAN_GetRxFifoFillLevel
 .text.HAL_CAN_ActivateNotification
                0x08002752       0x4c ./Drivers/STM32F7xx_HAL_Driver/Src/stm32f7xx_hal_can.o
                0x08002752                HAL_CAN_ActivateNotification
 .text.HAL_CAN_IRQHandler
                0x0800279e      0x36e ./Drivers/STM32F7xx_HAL_Driver/Src/stm32f7xx_hal_can.o
                0x0800279e                HAL_CAN_IRQHandler
 .text.HAL_CAN_TxMailbox0CompleteCallback
                0x08002b0c       0x14 ./Drivers/STM32F7xx_HAL_Driver/Src/stm32f7xx_hal_can.o
                0x08002b0c                HAL_CAN_TxMailbox0CompleteCallback
 .text.HAL_CAN_TxMailbox1CompleteCallback
                0x08002b20       0x14 ./Drivers/STM32F7xx_HAL_Driver/Src/stm32f7xx_hal_can.o
                0x08002b20                HAL_CAN_TxMailbox1CompleteCallback
 .text.HAL_CAN_TxMailbox2CompleteCallback
                0x08002b34       0x14 ./Drivers/STM32F7xx_HAL_Driver/Src/stm32f7xx_hal_can.o
                0x08002b34                HAL_CAN_TxMailbox2CompleteCallback
 .text.HAL_CAN_TxMailbox0AbortCallback
                0x08002b48       0x14 ./Drivers/STM32F7xx_HAL_Driver/Src/stm32f7xx_hal_can.o
                0x08002b48                HAL_CAN_TxMailbox0AbortCallback
 .text.HAL_CAN_TxMailbox1AbortCallback
                0x08002b5c       0x14 ./Drivers/STM32F7xx_HAL_Driver/Src/stm32f7xx_hal_can.o
                0x08002b5c                HAL_CAN_TxMailbox1AbortCallback
 .text.HAL_CAN_TxMailbox2AbortCallback
                0x08002b70       0x14 ./Drivers/STM32F7xx_HAL_Driver/Src/stm32f7xx_hal_can.o
                0x08002b70                HAL_CAN_TxMailbox2AbortCallback
 .text.HAL_CAN_RxFifo0FullCallback
                0x08002b84       0x14 ./Drivers/STM32F7xx_HAL_Driver/Src/stm32f7xx_hal_can.o
                0x08002b84                HAL_CAN_RxFifo0FullCallback
 .text.HAL_CAN_RxFifo1MsgPendingCallback
                0x08002b98       0x14 ./Drivers/STM32F7xx_HAL_Driver/Src/stm32f7xx_hal_can.o
                0x08002b98                HAL_CAN_RxFifo1MsgPendingCallback
 .text.HAL_CAN_RxFifo1FullCallback
                0x08002bac       0x14 ./Drivers/STM32F7xx_HAL_Driver/Src/stm32f7xx_hal_can.o
                0x08002bac                HAL_CAN_RxFifo1FullCallback
 .text.HAL_CAN_SleepCallback
                0x08002bc0       0x14 ./Drivers/STM32F7xx_HAL_Driver/Src/stm32f7xx_hal_can.o
                0x08002bc0                HAL_CAN_SleepCallback
 .text.HAL_CAN_WakeUpFromRxMsgCallback
                0x08002bd4       0x14 ./Drivers/STM32F7xx_HAL_Driver/Src/stm32f7xx_hal_can.o
                0x08002bd4                HAL_CAN_WakeUpFromRxMsgCallback
 .text.HAL_CAN_ErrorCallback
                0x08002be8       0x14 ./Drivers/STM32F7xx_HAL_Driver/Src/stm32f7xx_hal_can.o
                0x08002be8                HAL_CAN_ErrorCallback
 .text.HAL_CAN_GetError
                0x08002bfc       0x18 ./Drivers/STM32F7xx_HAL_Driver/Src/stm32f7xx_hal_can.o
                0x08002bfc                HAL_CAN_GetError
 .text.__NVIC_SetPriorityGrouping
                0x08002c14       0x48 ./Drivers/STM32F7xx_HAL_Driver/Src/stm32f7xx_hal_cortex.o
 .text.__NVIC_GetPriorityGrouping
                0x08002c5c       0x1c ./Drivers/STM32F7xx_HAL_Driver/Src/stm32f7xx_hal_cortex.o
 .text.__NVIC_EnableIRQ
                0x08002c78       0x3c ./Drivers/STM32F7xx_HAL_Driver/Src/stm32f7xx_hal_cortex.o
 .text.__NVIC_SetPriority
                0x08002cb4       0x54 ./Drivers/STM32F7xx_HAL_Driver/Src/stm32f7xx_hal_cortex.o
 .text.NVIC_EncodePriority
                0x08002d08       0x66 ./Drivers/STM32F7xx_HAL_Driver/Src/stm32f7xx_hal_cortex.o
 *fill*         0x08002d6e        0x2 
 .text.SysTick_Config
                0x08002d70       0x44 ./Drivers/STM32F7xx_HAL_Driver/Src/stm32f7xx_hal_cortex.o
 .text.HAL_NVIC_SetPriorityGrouping
                0x08002db4       0x16 ./Drivers/STM32F7xx_HAL_Driver/Src/stm32f7xx_hal_cortex.o
                0x08002db4                HAL_NVIC_SetPriorityGrouping
 .text.HAL_NVIC_SetPriority
                0x08002dca       0x38 ./Drivers/STM32F7xx_HAL_Driver/Src/stm32f7xx_hal_cortex.o
                0x08002dca                HAL_NVIC_SetPriority
 .text.HAL_NVIC_EnableIRQ
                0x08002e02       0x1c ./Drivers/STM32F7xx_HAL_Driver/Src/stm32f7xx_hal_cortex.o
                0x08002e02                HAL_NVIC_EnableIRQ
 .text.HAL_SYSTICK_Config
                0x08002e1e       0x18 ./Drivers/STM32F7xx_HAL_Driver/Src/stm32f7xx_hal_cortex.o
                0x08002e1e                HAL_SYSTICK_Config
 *fill*         0x08002e36        0x2 
 .text.HAL_MPU_Disable
                0x08002e38       0x30 ./Drivers/STM32F7xx_HAL_Driver/Src/stm32f7xx_hal_cortex.o
                0x08002e38                HAL_MPU_Disable
 .text.HAL_MPU_Enable
                0x08002e68       0x40 ./Drivers/STM32F7xx_HAL_Driver/Src/stm32f7xx_hal_cortex.o
                0x08002e68                HAL_MPU_Enable
 .text.HAL_MPU_ConfigRegion
                0x08002ea8       0x80 ./Drivers/STM32F7xx_HAL_Driver/Src/stm32f7xx_hal_cortex.o
                0x08002ea8                HAL_MPU_ConfigRegion
 .text.HAL_GPIO_Init
                0x08002f28      0x358 ./Drivers/STM32F7xx_HAL_Driver/Src/stm32f7xx_hal_gpio.o
                0x08002f28                HAL_GPIO_Init
 .text.HAL_GPIO_WritePin
                0x08003280       0x32 ./Drivers/STM32F7xx_HAL_Driver/Src/stm32f7xx_hal_gpio.o
                0x08003280                HAL_GPIO_WritePin
 .text.HAL_GPIO_TogglePin
                0x080032b2       0x34 ./Drivers/STM32F7xx_HAL_Driver/Src/stm32f7xx_hal_gpio.o
                0x080032b2                HAL_GPIO_TogglePin
 *fill*         0x080032e6        0x2 
 .text.HAL_PWR_EnableBkUpAccess
                0x080032e8       0x20 ./Drivers/STM32F7xx_HAL_Driver/Src/stm32f7xx_hal_pwr.o
                0x080032e8                HAL_PWR_EnableBkUpAccess
 .text.HAL_PWREx_EnableOverDrive
                0x08003308       0xa0 ./Drivers/STM32F7xx_HAL_Driver/Src/stm32f7xx_hal_pwr_ex.o
                0x08003308                HAL_PWREx_EnableOverDrive
 .text.HAL_RCC_OscConfig
                0x080033a8      0x55c ./Drivers/STM32F7xx_HAL_Driver/Src/stm32f7xx_hal_rcc.o
                0x080033a8                HAL_RCC_OscConfig
 .text.HAL_RCC_ClockConfig
                0x08003904      0x1d8 ./Drivers/STM32F7xx_HAL_Driver/Src/stm32f7xx_hal_rcc.o
                0x08003904                HAL_RCC_ClockConfig
 .text.HAL_RCC_GetSysClockFreq
                0x08003adc      0x20c ./Drivers/STM32F7xx_HAL_Driver/Src/stm32f7xx_hal_rcc.o
                0x08003adc                HAL_RCC_GetSysClockFreq
 .text.HAL_RCC_GetHCLKFreq
                0x08003ce8       0x18 ./Drivers/STM32F7xx_HAL_Driver/Src/stm32f7xx_hal_rcc.o
                0x08003ce8                HAL_RCC_GetHCLKFreq
 .text.HAL_RCC_GetPCLK1Freq
                0x08003d00       0x28 ./Drivers/STM32F7xx_HAL_Driver/Src/stm32f7xx_hal_rcc.o
                0x08003d00                HAL_RCC_GetPCLK1Freq
 .text.HAL_RCC_GetPCLK2Freq
                0x08003d28       0x28 ./Drivers/STM32F7xx_HAL_Driver/Src/stm32f7xx_hal_rcc.o
                0x08003d28                HAL_RCC_GetPCLK2Freq
 .text.HAL_RCCEx_PeriphCLKConfig
                0x08003d50      0x850 ./Drivers/STM32F7xx_HAL_Driver/Src/stm32f7xx_hal_rcc_ex.o
                0x08003d50                HAL_RCCEx_PeriphCLKConfig
 .text.HAL_UART_Init
                0x080045a0       0x9c ./Drivers/STM32F7xx_HAL_Driver/Src/stm32f7xx_hal_uart.o
                0x080045a0                HAL_UART_Init
 .text.HAL_UART_Transmit
                0x0800463c      0x112 ./Drivers/STM32F7xx_HAL_Driver/Src/stm32f7xx_hal_uart.o
                0x0800463c                HAL_UART_Transmit
 *fill*         0x0800474e        0x2 
 .text.UART_SetConfig
                0x08004750      0x4c8 ./Drivers/STM32F7xx_HAL_Driver/Src/stm32f7xx_hal_uart.o
                0x08004750                UART_SetConfig
 .text.UART_AdvFeatureConfig
                0x08004c18      0x144 ./Drivers/STM32F7xx_HAL_Driver/Src/stm32f7xx_hal_uart.o
                0x08004c18                UART_AdvFeatureConfig
 .text.UART_CheckIdleState
                0x08004d5c      0x150 ./Drivers/STM32F7xx_HAL_Driver/Src/stm32f7xx_hal_uart.o
                0x08004d5c                UART_CheckIdleState
 .text.UART_WaitOnFlagUntilTimeout
                0x08004eac       0xda ./Drivers/STM32F7xx_HAL_Driver/Src/stm32f7xx_hal_uart.o
                0x08004eac                UART_WaitOnFlagUntilTimeout
 .text.UART_EndRxTransfer
                0x08004f86       0xc8 ./Drivers/STM32F7xx_HAL_Driver/Src/stm32f7xx_hal_uart.o
 .text.SVC_Setup
                0x0800504e        0xe ./Middlewares/Third_Party/FreeRTOS/Source/CMSIS_RTOS_V2/cmsis_os2.o
 .text.osKernelInitialize
                0x0800505c       0x68 ./Middlewares/Third_Party/FreeRTOS/Source/CMSIS_RTOS_V2/cmsis_os2.o
                0x0800505c                osKernelInitialize
 .text.osKernelStart
                0x080050c4       0x6c ./Middlewares/Third_Party/FreeRTOS/Source/CMSIS_RTOS_V2/cmsis_os2.o
                0x080050c4                osKernelStart
 .text.osThreadNew
                0x08005130      0x14c ./Middlewares/Third_Party/FreeRTOS/Source/CMSIS_RTOS_V2/cmsis_os2.o
                0x08005130                osThreadNew
 .text.osDelay  0x0800527c       0x5c ./Middlewares/Third_Party/FreeRTOS/Source/CMSIS_RTOS_V2/cmsis_os2.o
                0x0800527c                osDelay
 .text.vApplicationGetIdleTaskMemory
                0x080052d8       0x34 ./Middlewares/Third_Party/FreeRTOS/Source/CMSIS_RTOS_V2/cmsis_os2.o
                0x080052d8                vApplicationGetIdleTaskMemory
 .text.vApplicationGetTimerTaskMemory
                0x0800530c       0x34 ./Middlewares/Third_Party/FreeRTOS/Source/CMSIS_RTOS_V2/cmsis_os2.o
                0x0800530c                vApplicationGetTimerTaskMemory
 .text.vListInitialise
                0x08005340       0x40 ./Middlewares/Third_Party/FreeRTOS/Source/list.o
                0x08005340                vListInitialise
 .text.vListInitialiseItem
                0x08005380       0x1a ./Middlewares/Third_Party/FreeRTOS/Source/list.o
                0x08005380                vListInitialiseItem
 .text.vListInsertEnd
                0x0800539a       0x48 ./Middlewares/Third_Party/FreeRTOS/Source/list.o
                0x0800539a                vListInsertEnd
 .text.vListInsert
                0x080053e2       0x72 ./Middlewares/Third_Party/FreeRTOS/Source/list.o
                0x080053e2                vListInsert
 .text.uxListRemove
                0x08005454       0x54 ./Middlewares/Third_Party/FreeRTOS/Source/list.o
                0x08005454                uxListRemove
 .text.xQueueGenericReset
                0x080054a8       0xd8 ./Middlewares/Third_Party/FreeRTOS/Source/queue.o
                0x080054a8                xQueueGenericReset
 .text.xQueueGenericCreateStatic
                0x08005580      0x10e ./Middlewares/Third_Party/FreeRTOS/Source/queue.o
                0x08005580                xQueueGenericCreateStatic
 .text.xQueueGenericCreate
                0x0800568e       0x86 ./Middlewares/Third_Party/FreeRTOS/Source/queue.o
                0x0800568e                xQueueGenericCreate
 .text.prvInitialiseNewQueue
                0x08005714       0x46 ./Middlewares/Third_Party/FreeRTOS/Source/queue.o
 *fill*         0x0800575a        0x2 
 .text.xQueueGenericSend
                0x0800575c      0x214 ./Middlewares/Third_Party/FreeRTOS/Source/queue.o
                0x0800575c                xQueueGenericSend
 .text.xQueueGenericSendFromISR
                0x08005970      0x146 ./Middlewares/Third_Party/FreeRTOS/Source/queue.o
                0x08005970                xQueueGenericSendFromISR
 *fill*         0x08005ab6        0x2 
 .text.xQueueReceive
                0x08005ab8      0x1d0 ./Middlewares/Third_Party/FreeRTOS/Source/queue.o
                0x08005ab8                xQueueReceive
 .text.prvCopyDataToQueue
                0x08005c88       0xd4 ./Middlewares/Third_Party/FreeRTOS/Source/queue.o
 .text.prvCopyDataFromQueue
                0x08005d5c       0x4c ./Middlewares/Third_Party/FreeRTOS/Source/queue.o
 .text.prvUnlockQueue
                0x08005da8       0xa4 ./Middlewares/Third_Party/FreeRTOS/Source/queue.o
 .text.prvIsQueueEmpty
                0x08005e4c       0x2c ./Middlewares/Third_Party/FreeRTOS/Source/queue.o
 .text.prvIsQueueFull
                0x08005e78       0x30 ./Middlewares/Third_Party/FreeRTOS/Source/queue.o
 .text.vQueueAddToRegistry
                0x08005ea8       0x54 ./Middlewares/Third_Party/FreeRTOS/Source/queue.o
                0x08005ea8                vQueueAddToRegistry
 .text.vQueueWaitForMessageRestricted
                0x08005efc       0x68 ./Middlewares/Third_Party/FreeRTOS/Source/queue.o
                0x08005efc                vQueueWaitForMessageRestricted
 .text.xTaskCreateStatic
                0x08005f64       0xcc ./Middlewares/Third_Party/FreeRTOS/Source/tasks.o
                0x08005f64                xTaskCreateStatic
 .text.xTaskCreate
                0x08006030       0x8a ./Middlewares/Third_Party/FreeRTOS/Source/tasks.o
                0x08006030                xTaskCreate
 .text.prvInitialiseNewTask
                0x080060ba      0x124 ./Middlewares/Third_Party/FreeRTOS/Source/tasks.o
 *fill*         0x080061de        0x2 
 .text.prvAddNewTaskToReadyList
                0x080061e0       0xe0 ./Middlewares/Third_Party/FreeRTOS/Source/tasks.o
 .text.vTaskDelay
                0x080062c0       0x70 ./Middlewares/Third_Party/FreeRTOS/Source/tasks.o
                0x080062c0                vTaskDelay
 .text.vTaskStartScheduler
                0x08006330       0xd8 ./Middlewares/Third_Party/FreeRTOS/Source/tasks.o
                0x08006330                vTaskStartScheduler
 .text.vTaskSuspendAll
                0x08006408       0x1c ./Middlewares/Third_Party/FreeRTOS/Source/tasks.o
                0x08006408                vTaskSuspendAll
 .text.xTaskResumeAll
                0x08006424      0x140 ./Middlewares/Third_Party/FreeRTOS/Source/tasks.o
                0x08006424                xTaskResumeAll
 .text.xTaskGetTickCount
                0x08006564       0x20 ./Middlewares/Third_Party/FreeRTOS/Source/tasks.o
                0x08006564                xTaskGetTickCount
 .text.xTaskIncrementTick
                0x08006584      0x178 ./Middlewares/Third_Party/FreeRTOS/Source/tasks.o
                0x08006584                xTaskIncrementTick
 .text.vTaskSwitchContext
                0x080066fc       0xc0 ./Middlewares/Third_Party/FreeRTOS/Source/tasks.o
                0x080066fc                vTaskSwitchContext
 .text.vTaskPlaceOnEventList
                0x080067bc       0x50 ./Middlewares/Third_Party/FreeRTOS/Source/tasks.o
                0x080067bc                vTaskPlaceOnEventList
 .text.vTaskPlaceOnEventListRestricted
                0x0800680c       0x5c ./Middlewares/Third_Party/FreeRTOS/Source/tasks.o
                0x0800680c                vTaskPlaceOnEventListRestricted
 .text.xTaskRemoveFromEventList
                0x08006868       0xcc ./Middlewares/Third_Party/FreeRTOS/Source/tasks.o
                0x08006868                xTaskRemoveFromEventList
 .text.vTaskInternalSetTimeOutState
                0x08006934       0x2c ./Middlewares/Third_Party/FreeRTOS/Source/tasks.o
                0x08006934                vTaskInternalSetTimeOutState
 .text.xTaskCheckForTimeOut
                0x08006960       0xd0 ./Middlewares/Third_Party/FreeRTOS/Source/tasks.o
                0x08006960                xTaskCheckForTimeOut
 .text.vTaskMissedYield
                0x08006a30       0x18 ./Middlewares/Third_Party/FreeRTOS/Source/tasks.o
                0x08006a30                vTaskMissedYield
 .text.prvIdleTask
                0x08006a48       0x30 ./Middlewares/Third_Party/FreeRTOS/Source/tasks.o
 .text.prvInitialiseTaskLists
                0x08006a78       0x80 ./Middlewares/Third_Party/FreeRTOS/Source/tasks.o
 .text.prvCheckTasksWaitingTermination
                0x08006af8       0x5c ./Middlewares/Third_Party/FreeRTOS/Source/tasks.o
 .text.prvDeleteTCB
                0x08006b54       0x64 ./Middlewares/Third_Party/FreeRTOS/Source/tasks.o
 .text.prvResetNextTaskUnblockTime
                0x08006bb8       0x40 ./Middlewares/Third_Party/FreeRTOS/Source/tasks.o
 .text.xTaskGetSchedulerState
                0x08006bf8       0x3c ./Middlewares/Third_Party/FreeRTOS/Source/tasks.o
                0x08006bf8                xTaskGetSchedulerState
 .text.xTaskPriorityDisinherit
                0x08006c34       0xe8 ./Middlewares/Third_Party/FreeRTOS/Source/tasks.o
                0x08006c34                xTaskPriorityDisinherit
 .text.prvAddCurrentTaskToDelayedList
                0x08006d1c       0xa8 ./Middlewares/Third_Party/FreeRTOS/Source/tasks.o
 .text.xTimerCreateTimerTask
                0x08006dc4       0x98 ./Middlewares/Third_Party/FreeRTOS/Source/timers.o
                0x08006dc4                xTimerCreateTimerTask
 .text.xTimerGenericCommand
                0x08006e5c       0xa0 ./Middlewares/Third_Party/FreeRTOS/Source/timers.o
                0x08006e5c                xTimerGenericCommand
 .text.prvProcessExpiredTimer
                0x08006efc       0xa0 ./Middlewares/Third_Party/FreeRTOS/Source/timers.o
 .text.prvTimerTask
                0x08006f9c       0x26 ./Middlewares/Third_Party/FreeRTOS/Source/timers.o
 *fill*         0x08006fc2        0x2 
 .text.prvProcessTimerOrBlockTask
                0x08006fc4       0x9c ./Middlewares/Third_Party/FreeRTOS/Source/timers.o
 .text.prvGetNextExpireTime
                0x08007060       0x48 ./Middlewares/Third_Party/FreeRTOS/Source/timers.o
 .text.prvSampleTimeNow
                0x080070a8       0x40 ./Middlewares/Third_Party/FreeRTOS/Source/timers.o
 .text.prvInsertTimerInActiveList
                0x080070e8       0x84 ./Middlewares/Third_Party/FreeRTOS/Source/timers.o
 .text.prvProcessReceivedCommands
                0x0800716c      0x1d8 ./Middlewares/Third_Party/FreeRTOS/Source/timers.o
 .text.prvSwitchTimerLists
                0x08007344       0xd0 ./Middlewares/Third_Party/FreeRTOS/Source/timers.o
 .text.prvCheckForValidListAndQueue
                0x08007414       0x80 ./Middlewares/Third_Party/FreeRTOS/Source/timers.o
 .text.pxPortInitialiseStack
                0x08007494       0x68 ./Middlewares/Third_Party/FreeRTOS/Source/portable/GCC/ARM_CM7/r0p1/port.o
                0x08007494                pxPortInitialiseStack
 .text.prvTaskExitError
                0x080074fc       0x64 ./Middlewares/Third_Party/FreeRTOS/Source/portable/GCC/ARM_CM7/r0p1/port.o
 .text.SVC_Handler
                0x08007560       0x28 ./Middlewares/Third_Party/FreeRTOS/Source/portable/GCC/ARM_CM7/r0p1/port.o
                0x08007560                SVC_Handler
 .text.prvPortStartFirstTask
                0x08007588       0x28 ./Middlewares/Third_Party/FreeRTOS/Source/portable/GCC/ARM_CM7/r0p1/port.o
 .text.xPortStartScheduler
                0x080075b0       0xfc ./Middlewares/Third_Party/FreeRTOS/Source/portable/GCC/ARM_CM7/r0p1/port.o
                0x080075b0                xPortStartScheduler
 .text.vPortEnterCritical
                0x080076ac       0x6c ./Middlewares/Third_Party/FreeRTOS/Source/portable/GCC/ARM_CM7/r0p1/port.o
                0x080076ac                vPortEnterCritical
 .text.vPortExitCritical
                0x08007718       0x58 ./Middlewares/Third_Party/FreeRTOS/Source/portable/GCC/ARM_CM7/r0p1/port.o
                0x08007718                vPortExitCritical
 .text.PendSV_Handler
                0x08007770       0x68 ./Middlewares/Third_Party/FreeRTOS/Source/portable/GCC/ARM_CM7/r0p1/port.o
                0x08007770                PendSV_Handler
 .text.xPortSysTickHandler
                0x080077d8       0x48 ./Middlewares/Third_Party/FreeRTOS/Source/portable/GCC/ARM_CM7/r0p1/port.o
                0x080077d8                xPortSysTickHandler
 .text.vPortSetupTimerInterrupt
                0x08007820       0x48 ./Middlewares/Third_Party/FreeRTOS/Source/portable/GCC/ARM_CM7/r0p1/port.o
                0x08007820                vPortSetupTimerInterrupt
 .text.vPortEnableVFP
                0x08007868       0x14 ./Middlewares/Third_Party/FreeRTOS/Source/portable/GCC/ARM_CM7/r0p1/port.o
 .text.vPortValidateInterruptPriority
                0x0800787c       0x8c ./Middlewares/Third_Party/FreeRTOS/Source/portable/GCC/ARM_CM7/r0p1/port.o
                0x0800787c                vPortValidateInterruptPriority
 .text.pvPortMalloc
                0x08007908      0x19c ./Middlewares/Third_Party/FreeRTOS/Source/portable/MemMang/heap_4.o
                0x08007908                pvPortMalloc
 .text.vPortFree
                0x08007aa4       0xc0 ./Middlewares/Third_Party/FreeRTOS/Source/portable/MemMang/heap_4.o
                0x08007aa4                vPortFree
 .text.prvHeapInit
                0x08007b64       0xc4 ./Middlewares/Third_Party/FreeRTOS/Source/portable/MemMang/heap_4.o
 .text.prvInsertBlockIntoFreeList
                0x08007c28       0xb4 ./Middlewares/Third_Party/FreeRTOS/Source/portable/MemMang/heap_4.o
 .text.std      0x08007cdc       0x6c C:/ST/STM32CubeIDE_1.19.0/STM32CubeIDE/plugins/com.st.stm32cube.ide.mcu.externaltools.gnu-tools-for-stm32.13.3.rel1.win32_1.0.0.202411081344/tools/bin/../lib/gcc/arm-none-eabi/13.3.1/../../../../arm-none-eabi/lib/thumb/v7e-m+dp/hard\libc_nano.a(libc_a-findfp.o)
 .text.stdio_exit_handler
                0x08007d48       0x18 C:/ST/STM32CubeIDE_1.19.0/STM32CubeIDE/plugins/com.st.stm32cube.ide.mcu.externaltools.gnu-tools-for-stm32.13.3.rel1.win32_1.0.0.202411081344/tools/bin/../lib/gcc/arm-none-eabi/13.3.1/../../../../arm-none-eabi/lib/thumb/v7e-m+dp/hard\libc_nano.a(libc_a-findfp.o)
 .text.cleanup_stdio
                0x08007d60       0x40 C:/ST/STM32CubeIDE_1.19.0/STM32CubeIDE/plugins/com.st.stm32cube.ide.mcu.externaltools.gnu-tools-for-stm32.13.3.rel1.win32_1.0.0.202411081344/tools/bin/../lib/gcc/arm-none-eabi/13.3.1/../../../../arm-none-eabi/lib/thumb/v7e-m+dp/hard\libc_nano.a(libc_a-findfp.o)
 .text.global_stdio_init.part.0
                0x08007da0       0x3c C:/ST/STM32CubeIDE_1.19.0/STM32CubeIDE/plugins/com.st.stm32cube.ide.mcu.externaltools.gnu-tools-for-stm32.13.3.rel1.win32_1.0.0.202411081344/tools/bin/../lib/gcc/arm-none-eabi/13.3.1/../../../../arm-none-eabi/lib/thumb/v7e-m+dp/hard\libc_nano.a(libc_a-findfp.o)
 .text.__sfp_lock_acquire
                0x08007ddc        0xc C:/ST/STM32CubeIDE_1.19.0/STM32CubeIDE/plugins/com.st.stm32cube.ide.mcu.externaltools.gnu-tools-for-stm32.13.3.rel1.win32_1.0.0.202411081344/tools/bin/../lib/gcc/arm-none-eabi/13.3.1/../../../../arm-none-eabi/lib/thumb/v7e-m+dp/hard\libc_nano.a(libc_a-findfp.o)
                0x08007ddc                __sfp_lock_acquire
 .text.__sfp_lock_release
                0x08007de8        0xc C:/ST/STM32CubeIDE_1.19.0/STM32CubeIDE/plugins/com.st.stm32cube.ide.mcu.externaltools.gnu-tools-for-stm32.13.3.rel1.win32_1.0.0.202411081344/tools/bin/../lib/gcc/arm-none-eabi/13.3.1/../../../../arm-none-eabi/lib/thumb/v7e-m+dp/hard\libc_nano.a(libc_a-findfp.o)
                0x08007de8                __sfp_lock_release
 .text.__sinit  0x08007df4       0x30 C:/ST/STM32CubeIDE_1.19.0/STM32CubeIDE/plugins/com.st.stm32cube.ide.mcu.externaltools.gnu-tools-for-stm32.13.3.rel1.win32_1.0.0.202411081344/tools/bin/../lib/gcc/arm-none-eabi/13.3.1/../../../../arm-none-eabi/lib/thumb/v7e-m+dp/hard\libc_nano.a(libc_a-findfp.o)
                0x08007df4                __sinit
 .text._fwalk_sglue
                0x08007e24       0x3c C:/ST/STM32CubeIDE_1.19.0/STM32CubeIDE/plugins/com.st.stm32cube.ide.mcu.externaltools.gnu-tools-for-stm32.13.3.rel1.win32_1.0.0.202411081344/tools/bin/../lib/gcc/arm-none-eabi/13.3.1/../../../../arm-none-eabi/lib/thumb/v7e-m+dp/hard\libc_nano.a(libc_a-fwalk.o)
                0x08007e24                _fwalk_sglue
 .text.printf   0x08007e60       0x24 C:/ST/STM32CubeIDE_1.19.0/STM32CubeIDE/plugins/com.st.stm32cube.ide.mcu.externaltools.gnu-tools-for-stm32.13.3.rel1.win32_1.0.0.202411081344/tools/bin/../lib/gcc/arm-none-eabi/13.3.1/../../../../arm-none-eabi/lib/thumb/v7e-m+dp/hard\libc_nano.a(libc_a-printf.o)
                0x08007e60                iprintf
                0x08007e60                printf
 .text._puts_r  0x08007e84       0xaa C:/ST/STM32CubeIDE_1.19.0/STM32CubeIDE/plugins/com.st.stm32cube.ide.mcu.externaltools.gnu-tools-for-stm32.13.3.rel1.win32_1.0.0.202411081344/tools/bin/../lib/gcc/arm-none-eabi/13.3.1/../../../../arm-none-eabi/lib/thumb/v7e-m+dp/hard\libc_nano.a(libc_a-puts.o)
                0x08007e84                _puts_r
 *fill*         0x08007f2e        0x2 
 .text.puts     0x08007f30       0x10 C:/ST/STM32CubeIDE_1.19.0/STM32CubeIDE/plugins/com.st.stm32cube.ide.mcu.externaltools.gnu-tools-for-stm32.13.3.rel1.win32_1.0.0.202411081344/tools/bin/../lib/gcc/arm-none-eabi/13.3.1/../../../../arm-none-eabi/lib/thumb/v7e-m+dp/hard\libc_nano.a(libc_a-puts.o)
                0x08007f30                puts
 .text.__sread  0x08007f40       0x22 C:/ST/STM32CubeIDE_1.19.0/STM32CubeIDE/plugins/com.st.stm32cube.ide.mcu.externaltools.gnu-tools-for-stm32.13.3.rel1.win32_1.0.0.202411081344/tools/bin/../lib/gcc/arm-none-eabi/13.3.1/../../../../arm-none-eabi/lib/thumb/v7e-m+dp/hard\libc_nano.a(libc_a-stdio.o)
                0x08007f40                __sread
 .text.__swrite
                0x08007f62       0x38 C:/ST/STM32CubeIDE_1.19.0/STM32CubeIDE/plugins/com.st.stm32cube.ide.mcu.externaltools.gnu-tools-for-stm32.13.3.rel1.win32_1.0.0.202411081344/tools/bin/../lib/gcc/arm-none-eabi/13.3.1/../../../../arm-none-eabi/lib/thumb/v7e-m+dp/hard\libc_nano.a(libc_a-stdio.o)
                0x08007f62                __swrite
 .text.__sseek  0x08007f9a       0x24 C:/ST/STM32CubeIDE_1.19.0/STM32CubeIDE/plugins/com.st.stm32cube.ide.mcu.externaltools.gnu-tools-for-stm32.13.3.rel1.win32_1.0.0.202411081344/tools/bin/../lib/gcc/arm-none-eabi/13.3.1/../../../../arm-none-eabi/lib/thumb/v7e-m+dp/hard\libc_nano.a(libc_a-stdio.o)
                0x08007f9a                __sseek
 .text.__sclose
                0x08007fbe        0x8 C:/ST/STM32CubeIDE_1.19.0/STM32CubeIDE/plugins/com.st.stm32cube.ide.mcu.externaltools.gnu-tools-for-stm32.13.3.rel1.win32_1.0.0.202411081344/tools/bin/../lib/gcc/arm-none-eabi/13.3.1/../../../../arm-none-eabi/lib/thumb/v7e-m+dp/hard\libc_nano.a(libc_a-stdio.o)
                0x08007fbe                __sclose
 .text.__swbuf_r
                0x08007fc6       0x7c C:/ST/STM32CubeIDE_1.19.0/STM32CubeIDE/plugins/com.st.stm32cube.ide.mcu.externaltools.gnu-tools-for-stm32.13.3.rel1.win32_1.0.0.202411081344/tools/bin/../lib/gcc/arm-none-eabi/13.3.1/../../../../arm-none-eabi/lib/thumb/v7e-m+dp/hard\libc_nano.a(libc_a-wbuf.o)
                0x08007fc6                __swbuf_r
 *fill*         0x08008042        0x2 
 .text.__swsetup_r
                0x08008044       0xac C:/ST/STM32CubeIDE_1.19.0/STM32CubeIDE/plugins/com.st.stm32cube.ide.mcu.externaltools.gnu-tools-for-stm32.13.3.rel1.win32_1.0.0.202411081344/tools/bin/../lib/gcc/arm-none-eabi/13.3.1/../../../../arm-none-eabi/lib/thumb/v7e-m+dp/hard\libc_nano.a(libc_a-wsetup.o)
                0x08008044                __swsetup_r
 .text.memset   0x080080f0       0x10 C:/ST/STM32CubeIDE_1.19.0/STM32CubeIDE/plugins/com.st.stm32cube.ide.mcu.externaltools.gnu-tools-for-stm32.13.3.rel1.win32_1.0.0.202411081344/tools/bin/../lib/gcc/arm-none-eabi/13.3.1/../../../../arm-none-eabi/lib/thumb/v7e-m+dp/hard\libc_nano.a(libc_a-memset.o)
                0x080080f0                memset
 .text._close_r
                0x08008100       0x20 C:/ST/STM32CubeIDE_1.19.0/STM32CubeIDE/plugins/com.st.stm32cube.ide.mcu.externaltools.gnu-tools-for-stm32.13.3.rel1.win32_1.0.0.202411081344/tools/bin/../lib/gcc/arm-none-eabi/13.3.1/../../../../arm-none-eabi/lib/thumb/v7e-m+dp/hard\libc_nano.a(libc_a-closer.o)
                0x08008100                _close_r
 .text._lseek_r
                0x08008120       0x24 C:/ST/STM32CubeIDE_1.19.0/STM32CubeIDE/plugins/com.st.stm32cube.ide.mcu.externaltools.gnu-tools-for-stm32.13.3.rel1.win32_1.0.0.202411081344/tools/bin/../lib/gcc/arm-none-eabi/13.3.1/../../../../arm-none-eabi/lib/thumb/v7e-m+dp/hard\libc_nano.a(libc_a-lseekr.o)
                0x08008120                _lseek_r
 .text._read_r  0x08008144       0x24 C:/ST/STM32CubeIDE_1.19.0/STM32CubeIDE/plugins/com.st.stm32cube.ide.mcu.externaltools.gnu-tools-for-stm32.13.3.rel1.win32_1.0.0.202411081344/tools/bin/../lib/gcc/arm-none-eabi/13.3.1/../../../../arm-none-eabi/lib/thumb/v7e-m+dp/hard\libc_nano.a(libc_a-readr.o)
                0x08008144                _read_r
 .text._write_r
                0x08008168       0x24 C:/ST/STM32CubeIDE_1.19.0/STM32CubeIDE/plugins/com.st.stm32cube.ide.mcu.externaltools.gnu-tools-for-stm32.13.3.rel1.win32_1.0.0.202411081344/tools/bin/../lib/gcc/arm-none-eabi/13.3.1/../../../../arm-none-eabi/lib/thumb/v7e-m+dp/hard\libc_nano.a(libc_a-writer.o)
                0x08008168                _write_r
 .text.__errno  0x0800818c        0xc C:/ST/STM32CubeIDE_1.19.0/STM32CubeIDE/plugins/com.st.stm32cube.ide.mcu.externaltools.gnu-tools-for-stm32.13.3.rel1.win32_1.0.0.202411081344/tools/bin/../lib/gcc/arm-none-eabi/13.3.1/../../../../arm-none-eabi/lib/thumb/v7e-m+dp/hard\libc_nano.a(libc_a-errno.o)
                0x0800818c                __errno
 .text.__libc_init_array
                0x08008198       0x48 C:/ST/STM32CubeIDE_1.19.0/STM32CubeIDE/plugins/com.st.stm32cube.ide.mcu.externaltools.gnu-tools-for-stm32.13.3.rel1.win32_1.0.0.202411081344/tools/bin/../lib/gcc/arm-none-eabi/13.3.1/../../../../arm-none-eabi/lib/thumb/v7e-m+dp/hard\libc_nano.a(libc_a-init.o)
                0x08008198                __libc_init_array
 .text.__retarget_lock_init_recursive
                0x080081e0        0x2 C:/ST/STM32CubeIDE_1.19.0/STM32CubeIDE/plugins/com.st.stm32cube.ide.mcu.externaltools.gnu-tools-for-stm32.13.3.rel1.win32_1.0.0.202411081344/tools/bin/../lib/gcc/arm-none-eabi/13.3.1/../../../../arm-none-eabi/lib/thumb/v7e-m+dp/hard\libc_nano.a(libc_a-lock.o)
                0x080081e0                __retarget_lock_init_recursive
 .text.__retarget_lock_acquire_recursive
                0x080081e2        0x2 C:/ST/STM32CubeIDE_1.19.0/STM32CubeIDE/plugins/com.st.stm32cube.ide.mcu.externaltools.gnu-tools-for-stm32.13.3.rel1.win32_1.0.0.202411081344/tools/bin/../lib/gcc/arm-none-eabi/13.3.1/../../../../arm-none-eabi/lib/thumb/v7e-m+dp/hard\libc_nano.a(libc_a-lock.o)
                0x080081e2                __retarget_lock_acquire_recursive
 .text.__retarget_lock_release_recursive
                0x080081e4        0x2 C:/ST/STM32CubeIDE_1.19.0/STM32CubeIDE/plugins/com.st.stm32cube.ide.mcu.externaltools.gnu-tools-for-stm32.13.3.rel1.win32_1.0.0.202411081344/tools/bin/../lib/gcc/arm-none-eabi/13.3.1/../../../../arm-none-eabi/lib/thumb/v7e-m+dp/hard\libc_nano.a(libc_a-lock.o)
                0x080081e4                __retarget_lock_release_recursive
 .text.memcpy   0x080081e6       0x1c C:/ST/STM32CubeIDE_1.19.0/STM32CubeIDE/plugins/com.st.stm32cube.ide.mcu.externaltools.gnu-tools-for-stm32.13.3.rel1.win32_1.0.0.202411081344/tools/bin/../lib/gcc/arm-none-eabi/13.3.1/../../../../arm-none-eabi/lib/thumb/v7e-m+dp/hard\libc_nano.a(libc_a-memcpy-stub.o)
                0x080081e6                memcpy
 *fill*         0x08008202        0x2 
 .text._free_r  0x08008204       0x94 C:/ST/STM32CubeIDE_1.19.0/STM32CubeIDE/plugins/com.st.stm32cube.ide.mcu.externaltools.gnu-tools-for-stm32.13.3.rel1.win32_1.0.0.202411081344/tools/bin/../lib/gcc/arm-none-eabi/13.3.1/../../../../arm-none-eabi/lib/thumb/v7e-m+dp/hard\libc_nano.a(libc_a-freer.o)
                0x08008204                _free_r
 .text.sbrk_aligned
                0x08008298       0x44 C:/ST/STM32CubeIDE_1.19.0/STM32CubeIDE/plugins/com.st.stm32cube.ide.mcu.externaltools.gnu-tools-for-stm32.13.3.rel1.win32_1.0.0.202411081344/tools/bin/../lib/gcc/arm-none-eabi/13.3.1/../../../../arm-none-eabi/lib/thumb/v7e-m+dp/hard\libc_nano.a(libc_a-mallocr.o)
 .text._malloc_r
                0x080082dc      0x100 C:/ST/STM32CubeIDE_1.19.0/STM32CubeIDE/plugins/com.st.stm32cube.ide.mcu.externaltools.gnu-tools-for-stm32.13.3.rel1.win32_1.0.0.202411081344/tools/bin/../lib/gcc/arm-none-eabi/13.3.1/../../../../arm-none-eabi/lib/thumb/v7e-m+dp/hard\libc_nano.a(libc_a-mallocr.o)
                0x080082dc                _malloc_r
 .text.__malloc_lock
                0x080083dc        0xc C:/ST/STM32CubeIDE_1.19.0/STM32CubeIDE/plugins/com.st.stm32cube.ide.mcu.externaltools.gnu-tools-for-stm32.13.3.rel1.win32_1.0.0.202411081344/tools/bin/../lib/gcc/arm-none-eabi/13.3.1/../../../../arm-none-eabi/lib/thumb/v7e-m+dp/hard\libc_nano.a(libc_a-mlock.o)
                0x080083dc                __malloc_lock
 .text.__malloc_unlock
                0x080083e8        0xc C:/ST/STM32CubeIDE_1.19.0/STM32CubeIDE/plugins/com.st.stm32cube.ide.mcu.externaltools.gnu-tools-for-stm32.13.3.rel1.win32_1.0.0.202411081344/tools/bin/../lib/gcc/arm-none-eabi/13.3.1/../../../../arm-none-eabi/lib/thumb/v7e-m+dp/hard\libc_nano.a(libc_a-mlock.o)
                0x080083e8                __malloc_unlock
 .text.__sfputc_r
                0x080083f4       0x2e C:/ST/STM32CubeIDE_1.19.0/STM32CubeIDE/plugins/com.st.stm32cube.ide.mcu.externaltools.gnu-tools-for-stm32.13.3.rel1.win32_1.0.0.202411081344/tools/bin/../lib/gcc/arm-none-eabi/13.3.1/../../../../arm-none-eabi/lib/thumb/v7e-m+dp/hard\libc_nano.a(libc_a-nano-vfprintf.o)
 .text.__sfputs_r
                0x08008422       0x24 C:/ST/STM32CubeIDE_1.19.0/STM32CubeIDE/plugins/com.st.stm32cube.ide.mcu.externaltools.gnu-tools-for-stm32.13.3.rel1.win32_1.0.0.202411081344/tools/bin/../lib/gcc/arm-none-eabi/13.3.1/../../../../arm-none-eabi/lib/thumb/v7e-m+dp/hard\libc_nano.a(libc_a-nano-vfprintf.o)
                0x08008422                __sfputs_r
 *fill*         0x08008446        0x2 
 .text._vfprintf_r
                0x08008448      0x230 C:/ST/STM32CubeIDE_1.19.0/STM32CubeIDE/plugins/com.st.stm32cube.ide.mcu.externaltools.gnu-tools-for-stm32.13.3.rel1.win32_1.0.0.202411081344/tools/bin/../lib/gcc/arm-none-eabi/13.3.1/../../../../arm-none-eabi/lib/thumb/v7e-m+dp/hard\libc_nano.a(libc_a-nano-vfprintf.o)
                0x08008448                _vfprintf_r
                0x08008448                _vfiprintf_r
 .text._printf_common
                0x08008678       0xda C:/ST/STM32CubeIDE_1.19.0/STM32CubeIDE/plugins/com.st.stm32cube.ide.mcu.externaltools.gnu-tools-for-stm32.13.3.rel1.win32_1.0.0.202411081344/tools/bin/../lib/gcc/arm-none-eabi/13.3.1/../../../../arm-none-eabi/lib/thumb/v7e-m+dp/hard\libc_nano.a(libc_a-nano-vfprintf_i.o)
                0x08008678                _printf_common
 *fill*         0x08008752        0x2 
 .text._printf_i
                0x08008754      0x23c C:/ST/STM32CubeIDE_1.19.0/STM32CubeIDE/plugins/com.st.stm32cube.ide.mcu.externaltools.gnu-tools-for-stm32.13.3.rel1.win32_1.0.0.202411081344/tools/bin/../lib/gcc/arm-none-eabi/13.3.1/../../../../arm-none-eabi/lib/thumb/v7e-m+dp/hard\libc_nano.a(libc_a-nano-vfprintf_i.o)
                0x08008754                _printf_i
 .text.__sflush_r
                0x08008990      0x108 C:/ST/STM32CubeIDE_1.19.0/STM32CubeIDE/plugins/com.st.stm32cube.ide.mcu.externaltools.gnu-tools-for-stm32.13.3.rel1.win32_1.0.0.202411081344/tools/bin/../lib/gcc/arm-none-eabi/13.3.1/../../../../arm-none-eabi/lib/thumb/v7e-m+dp/hard\libc_nano.a(libc_a-fflush.o)
                0x08008990                __sflush_r
 .text._fflush_r
                0x08008a98       0x50 C:/ST/STM32CubeIDE_1.19.0/STM32CubeIDE/plugins/com.st.stm32cube.ide.mcu.externaltools.gnu-tools-for-stm32.13.3.rel1.win32_1.0.0.202411081344/tools/bin/../lib/gcc/arm-none-eabi/13.3.1/../../../../arm-none-eabi/lib/thumb/v7e-m+dp/hard\libc_nano.a(libc_a-fflush.o)
                0x08008a98                _fflush_r
 .text.__swhatbuf_r
                0x08008ae8       0x4c C:/ST/STM32CubeIDE_1.19.0/STM32CubeIDE/plugins/com.st.stm32cube.ide.mcu.externaltools.gnu-tools-for-stm32.13.3.rel1.win32_1.0.0.202411081344/tools/bin/../lib/gcc/arm-none-eabi/13.3.1/../../../../arm-none-eabi/lib/thumb/v7e-m+dp/hard\libc_nano.a(libc_a-makebuf.o)
                0x08008ae8                __swhatbuf_r
 .text.__smakebuf_r
                0x08008b34       0x78 C:/ST/STM32CubeIDE_1.19.0/STM32CubeIDE/plugins/com.st.stm32cube.ide.mcu.externaltools.gnu-tools-for-stm32.13.3.rel1.win32_1.0.0.202411081344/tools/bin/../lib/gcc/arm-none-eabi/13.3.1/../../../../arm-none-eabi/lib/thumb/v7e-m+dp/hard\libc_nano.a(libc_a-makebuf.o)
                0x08008b34                __smakebuf_r
 .text._fstat_r
                0x08008bac       0x24 C:/ST/STM32CubeIDE_1.19.0/STM32CubeIDE/plugins/com.st.stm32cube.ide.mcu.externaltools.gnu-tools-for-stm32.13.3.rel1.win32_1.0.0.202411081344/tools/bin/../lib/gcc/arm-none-eabi/13.3.1/../../../../arm-none-eabi/lib/thumb/v7e-m+dp/hard\libc_nano.a(libc_a-fstatr.o)
                0x08008bac                _fstat_r
 .text._isatty_r
                0x08008bd0       0x20 C:/ST/STM32CubeIDE_1.19.0/STM32CubeIDE/plugins/com.st.stm32cube.ide.mcu.externaltools.gnu-tools-for-stm32.13.3.rel1.win32_1.0.0.202411081344/tools/bin/../lib/gcc/arm-none-eabi/13.3.1/../../../../arm-none-eabi/lib/thumb/v7e-m+dp/hard\libc_nano.a(libc_a-isattyr.o)
                0x08008bd0                _isatty_r
 .text._sbrk_r  0x08008bf0       0x20 C:/ST/STM32CubeIDE_1.19.0/STM32CubeIDE/plugins/com.st.stm32cube.ide.mcu.externaltools.gnu-tools-for-stm32.13.3.rel1.win32_1.0.0.202411081344/tools/bin/../lib/gcc/arm-none-eabi/13.3.1/../../../../arm-none-eabi/lib/thumb/v7e-m+dp/hard\libc_nano.a(libc_a-sbrkr.o)
                0x08008bf0                _sbrk_r
 *(.glue_7)
 .glue_7        0x08008c10        0x0 linker stubs
 *(.glue_7t)
 .glue_7t       0x08008c10        0x0 linker stubs
 *(.eh_frame)
 .eh_frame      0x08008c10        0x0 C:/ST/STM32CubeIDE_1.19.0/STM32CubeIDE/plugins/com.st.stm32cube.ide.mcu.externaltools.gnu-tools-for-stm32.13.3.rel1.win32_1.0.0.202411081344/tools/bin/../lib/gcc/arm-none-eabi/13.3.1/thumb/v7e-m+dp/hard/crtbegin.o
 *(.init)
 .init          0x08008c10        0x4 C:/ST/STM32CubeIDE_1.19.0/STM32CubeIDE/plugins/com.st.stm32cube.ide.mcu.externaltools.gnu-tools-for-stm32.13.3.rel1.win32_1.0.0.202411081344/tools/bin/../lib/gcc/arm-none-eabi/13.3.1/thumb/v7e-m+dp/hard/crti.o
                0x08008c10                _init
 .init          0x08008c14        0x8 C:/ST/STM32CubeIDE_1.19.0/STM32CubeIDE/plugins/com.st.stm32cube.ide.mcu.externaltools.gnu-tools-for-stm32.13.3.rel1.win32_1.0.0.202411081344/tools/bin/../lib/gcc/arm-none-eabi/13.3.1/thumb/v7e-m+dp/hard/crtn.o
 *(.fini)
 .fini          0x08008c1c        0x4 C:/ST/STM32CubeIDE_1.19.0/STM32CubeIDE/plugins/com.st.stm32cube.ide.mcu.externaltools.gnu-tools-for-stm32.13.3.rel1.win32_1.0.0.202411081344/tools/bin/../lib/gcc/arm-none-eabi/13.3.1/thumb/v7e-m+dp/hard/crti.o
                0x08008c1c                _fini
 .fini          0x08008c20        0x8 C:/ST/STM32CubeIDE_1.19.0/STM32CubeIDE/plugins/com.st.stm32cube.ide.mcu.externaltools.gnu-tools-for-stm32.13.3.rel1.win32_1.0.0.202411081344/tools/bin/../lib/gcc/arm-none-eabi/13.3.1/thumb/v7e-m+dp/hard/crtn.o
                0x08008c28                        . = ALIGN (0x4)
                0x08008c28                        _etext = .

.vfp11_veneer   0x08008c28        0x0
 .vfp11_veneer  0x08008c28        0x0 linker stubs

.v4_bx          0x08008c28        0x0
 .v4_bx         0x08008c28        0x0 linker stubs

.iplt           0x08008c28        0x0
 .iplt          0x08008c28        0x0 C:/ST/STM32CubeIDE_1.19.0/STM32CubeIDE/plugins/com.st.stm32cube.ide.mcu.externaltools.gnu-tools-for-stm32.13.3.rel1.win32_1.0.0.202411081344/tools/bin/../lib/gcc/arm-none-eabi/13.3.1/thumb/v7e-m+dp/hard/crtbegin.o

.rodata         0x08008c28      0x2b4
                0x08008c28                        . = ALIGN (0x4)
 *(.rodata)
 .rodata        0x08008c28       0x26 ./Core/Src/can_rtos_rx.o
 *fill*         0x08008c4e        0x2 
 .rodata        0x08008c50       0x53 ./Core/Src/can_rtos_tx.o
 *fill*         0x08008ca3        0x1 
 .rodata        0x08008ca4      0x18c ./Core/Src/freertos.o
 .rodata        0x08008e30        0x5 ./Middlewares/Third_Party/FreeRTOS/Source/tasks.o
 *fill*         0x08008e35        0x3 
 .rodata        0x08008e38        0xd ./Middlewares/Third_Party/FreeRTOS/Source/timers.o
 *(.rodata*)
 *fill*         0x08008e45        0x3 
 .rodata.defaultTask_attributes
                0x08008e48       0x24 ./Core/Src/freertos.o
                0x08008e48                defaultTask_attributes
 .rodata.v_CanRxTask_attributes
                0x08008e6c       0x24 ./Core/Src/freertos.o
                0x08008e6c                v_CanRxTask_attributes
 .rodata.AHBPrescTable
                0x08008e90       0x10 ./Core/Src/system_stm32f7xx.o
                0x08008e90                AHBPrescTable
 .rodata.APBPrescTable
                0x08008ea0        0x8 ./Core/Src/system_stm32f7xx.o
                0x08008ea0                APBPrescTable
 .rodata._vfprintf_r.str1.1
                0x08008ea8       0x33 C:/ST/STM32CubeIDE_1.19.0/STM32CubeIDE/plugins/com.st.stm32cube.ide.mcu.externaltools.gnu-tools-for-stm32.13.3.rel1.win32_1.0.0.202411081344/tools/bin/../lib/gcc/arm-none-eabi/13.3.1/../../../../arm-none-eabi/lib/thumb/v7e-m+dp/hard\libc_nano.a(libc_a-nano-vfprintf.o)
                                 0x11 (size before relaxing)
 .rodata._printf_i.str1.1
                0x08008edb       0x22 C:/ST/STM32CubeIDE_1.19.0/STM32CubeIDE/plugins/com.st.stm32cube.ide.mcu.externaltools.gnu-tools-for-stm32.13.3.rel1.win32_1.0.0.202411081344/tools/bin/../lib/gcc/arm-none-eabi/13.3.1/../../../../arm-none-eabi/lib/thumb/v7e-m+dp/hard\libc_nano.a(libc_a-nano-vfprintf_i.o)
                0x08008f00                        . = ALIGN (0x4)
 *fill*         0x08008edb        0x1 

.ARM.extab      0x08008edc        0x0
                0x08008edc                        . = ALIGN (0x4)
 *(.ARM.extab* .gnu.linkonce.armextab.*)
                0x08008edc                        . = ALIGN (0x4)

.ARM            0x08008edc        0x8
                0x08008edc                        . = ALIGN (0x4)
                0x08008edc                        __exidx_start = .
 *(.ARM.exidx*)
 .ARM.exidx     0x08008edc        0x8 C:/ST/STM32CubeIDE_1.19.0/STM32CubeIDE/plugins/com.st.stm32cube.ide.mcu.externaltools.gnu-tools-for-stm32.13.3.rel1.win32_1.0.0.202411081344/tools/bin/../lib/gcc/arm-none-eabi/13.3.1/../../../../arm-none-eabi/lib/thumb/v7e-m+dp/hard\libc_nano.a(libc_a-memchr.o)
 .ARM.exidx     0x08008ee4        0x0 C:/ST/STM32CubeIDE_1.19.0/STM32CubeIDE/plugins/com.st.stm32cube.ide.mcu.externaltools.gnu-tools-for-stm32.13.3.rel1.win32_1.0.0.202411081344/tools/bin/../lib/gcc/arm-none-eabi/13.3.1/thumb/v7e-m+dp/hard\libgcc.a(_udivmoddi4.o)
                                  0x8 (size before relaxing)
                0x08008ee4                        __exidx_end = .
                0x08008ee4                        . = ALIGN (0x4)

.preinit_array  0x08008ee4        0x0
                0x08008ee4                        . = ALIGN (0x4)
                0x08008ee4                        PROVIDE (__preinit_array_start = .)
 *(.preinit_array*)
                0x08008ee4                        PROVIDE (__preinit_array_end = .)
                0x08008ee4                        . = ALIGN (0x4)

.init_array     0x08008ee4        0x4
                0x08008ee4                        . = ALIGN (0x4)
                0x08008ee4                        PROVIDE (__init_array_start = .)
 *(SORT_BY_NAME(.init_array.*))
 *(.init_array*)
 .init_array    0x08008ee4        0x4 C:/ST/STM32CubeIDE_1.19.0/STM32CubeIDE/plugins/com.st.stm32cube.ide.mcu.externaltools.gnu-tools-for-stm32.13.3.rel1.win32_1.0.0.202411081344/tools/bin/../lib/gcc/arm-none-eabi/13.3.1/thumb/v7e-m+dp/hard/crtbegin.o
                0x08008ee8                        PROVIDE (__init_array_end = .)
                0x08008ee8                        . = ALIGN (0x4)

.fini_array     0x08008ee8        0x4
                0x08008ee8                        . = ALIGN (0x4)
                [!provide]                        PROVIDE (__fini_array_start = .)
 *(SORT_BY_NAME(.fini_array.*))
 *(.fini_array*)
 .fini_array    0x08008ee8        0x4 C:/ST/STM32CubeIDE_1.19.0/STM32CubeIDE/plugins/com.st.stm32cube.ide.mcu.externaltools.gnu-tools-for-stm32.13.3.rel1.win32_1.0.0.202411081344/tools/bin/../lib/gcc/arm-none-eabi/13.3.1/thumb/v7e-m+dp/hard/crtbegin.o
                [!provide]                        PROVIDE (__fini_array_end = .)
                0x08008eec                        . = ALIGN (0x4)
                0x08008eec                        _sidata = LOADADDR (.data)

.rel.dyn        0x08008eec        0x0
 .rel.iplt      0x08008eec        0x0 C:/ST/STM32CubeIDE_1.19.0/STM32CubeIDE/plugins/com.st.stm32cube.ide.mcu.externaltools.gnu-tools-for-stm32.13.3.rel1.win32_1.0.0.202411081344/tools/bin/../lib/gcc/arm-none-eabi/13.3.1/thumb/v7e-m+dp/hard/crtbegin.o

.data           0x20000000       0x6c load address 0x08008eec
                0x20000000                        . = ALIGN (0x4)
                0x20000000                        _sdata = .
 *(.data)
 *(.data*)
 .data.SystemCoreClock
                0x20000000        0x4 ./Core/Src/system_stm32f7xx.o
                0x20000000                SystemCoreClock
 .data.uwTickPrio
                0x20000004        0x4 ./Drivers/STM32F7xx_HAL_Driver/Src/stm32f7xx_hal.o
                0x20000004                uwTickPrio
 .data.uwTickFreq
                0x20000008        0x1 ./Drivers/STM32F7xx_HAL_Driver/Src/stm32f7xx_hal.o
                0x20000008                uwTickFreq
 *fill*         0x20000009        0x3 
 .data.uxCriticalNesting
                0x2000000c        0x4 ./Middlewares/Third_Party/FreeRTOS/Source/portable/GCC/ARM_CM7/r0p1/port.o
 .data.__sglue  0x20000010        0xc C:/ST/STM32CubeIDE_1.19.0/STM32CubeIDE/plugins/com.st.stm32cube.ide.mcu.externaltools.gnu-tools-for-stm32.13.3.rel1.win32_1.0.0.202411081344/tools/bin/../lib/gcc/arm-none-eabi/13.3.1/../../../../arm-none-eabi/lib/thumb/v7e-m+dp/hard\libc_nano.a(libc_a-findfp.o)
                0x20000010                __sglue
 .data._impure_ptr
                0x2000001c        0x4 C:/ST/STM32CubeIDE_1.19.0/STM32CubeIDE/plugins/com.st.stm32cube.ide.mcu.externaltools.gnu-tools-for-stm32.13.3.rel1.win32_1.0.0.202411081344/tools/bin/../lib/gcc/arm-none-eabi/13.3.1/../../../../arm-none-eabi/lib/thumb/v7e-m+dp/hard\libc_nano.a(libc_a-impure.o)
                0x2000001c                _impure_ptr
 .data._impure_data
                0x20000020       0x4c C:/ST/STM32CubeIDE_1.19.0/STM32CubeIDE/plugins/com.st.stm32cube.ide.mcu.externaltools.gnu-tools-for-stm32.13.3.rel1.win32_1.0.0.202411081344/tools/bin/../lib/gcc/arm-none-eabi/13.3.1/../../../../arm-none-eabi/lib/thumb/v7e-m+dp/hard\libc_nano.a(libc_a-impure.o)
                0x20000020                _impure_data
 *(.RamFunc)
 *(.RamFunc*)
                0x2000006c                        . = ALIGN (0x4)
                0x2000006c                        _edata = .

.igot.plt       0x2000006c        0x0 load address 0x08008f58
 .igot.plt      0x2000006c        0x0 C:/ST/STM32CubeIDE_1.19.0/STM32CubeIDE/plugins/com.st.stm32cube.ide.mcu.externaltools.gnu-tools-for-stm32.13.3.rel1.win32_1.0.0.202411081344/tools/bin/../lib/gcc/arm-none-eabi/13.3.1/thumb/v7e-m+dp/hard/crtbegin.o
                0x2000006c                        . = ALIGN (0x4)

.bss            0x2000006c     0x8564 load address 0x08008f58
                0x2000006c                        _sbss = .
                0x2000006c                        __bss_start__ = _sbss
 *(.bss)
 .bss           0x2000006c       0x1c C:/ST/STM32CubeIDE_1.19.0/STM32CubeIDE/plugins/com.st.stm32cube.ide.mcu.externaltools.gnu-tools-for-stm32.13.3.rel1.win32_1.0.0.202411081344/tools/bin/../lib/gcc/arm-none-eabi/13.3.1/thumb/v7e-m+dp/hard/crtbegin.o
 *(.bss*)
 .bss.qSerialTx
                0x20000088        0x4 ./Core/Src/Serial_link.o
                0x20000088                qSerialTx
 .bss.sl_tx_dropped
                0x2000008c        0x4 ./Core/Src/Serial_link.o
 .bss.hcan1     0x20000090       0x28 ./Core/Src/can.o
                0x20000090                hcan1
 .bss.qCanRx    0x200000b8        0x4 ./Core/Src/can_rtos_rx.o
                0x200000b8                qCanRx
 .bss.dropped   0x200000bc        0x4 ./Core/Src/can_rtos_rx.o
 .bss.qCanRxCtrl
                0x200000c0       0x50 ./Core/Src/can_rtos_rx.o
 .bss.qCanRxStorage
                0x20000110     0x1200 ./Core/Src/can_rtos_rx.o
 .bss.qCanTx    0x20001310        0x4 ./Core/Src/can_rtos_tx.o
                0x20001310                qCanTx
 .bss.tx_dropped
                0x20001314        0x4 ./Core/Src/can_rtos_tx.o
 .bss.qCanTxCtrl
                0x20001318       0x50 ./Core/Src/can_rtos_tx.o
 .bss.qCanTxStorage
                0x20001368      0x300 ./Core/Src/can_rtos_tx.o
 .bss.serialTxTaskHandle
                0x20001668        0x4 ./Core/Src/freertos.o
                0x20001668                serialTxTaskHandle
 .bss.canTxTaskHandle
                0x2000166c        0x4 ./Core/Src/freertos.o
                0x2000166c                canTxTaskHandle
 .bss.nodeMonitorTaskHandle
                0x20001670        0x4 ./Core/Src/freertos.o
                0x20001670                nodeMonitorTaskHandle
 .bss.defaultTaskHandle
                0x20001674        0x4 ./Core/Src/freertos.o
                0x20001674                defaultTaskHandle
 .bss.v_CanRxTaskHandle
                0x20001678        0x4 ./Core/Src/freertos.o
                0x20001678                v_CanRxTaskHandle
 .bss.v_CanRxTaskBuffer
                0x2000167c     0x1000 ./Core/Src/freertos.o
                0x2000167c                v_CanRxTaskBuffer
 .bss.v_CanRxTaskControlBlock
                0x2000267c       0x5c ./Core/Src/freertos.o
                0x2000267c                v_CanRxTaskControlBlock
 .bss.tx_drop.1
                0x200026d8        0x4 ./Core/Src/freertos.o
 .bss.prev_state.0
                0x200026dc       0x10 ./Core/Src/freertos.o
 .bss.last_rx_ms
                0x200026ec        0x4 ./Core/Src/main.o
                0x200026ec                last_rx_ms
 .bss.can_ok    0x200026f0        0x1 ./Core/Src/main.o
                0x200026f0                can_ok
 *fill*         0x200026f1        0x3 
 .bss.sensors32
                0x200026f4      0x200 ./Core/Src/main.o
                0x200026f4                sensors32
 .bss.chunk_mask
                0x200028f4       0x10 ./Core/Src/main.o
                0x200028f4                chunk_mask
 .bss.cycles_ok
                0x20002904       0x40 ./Core/Src/main.o
                0x20002904                cycles_ok
 .bss.asm_start_ms
                0x20002944       0x40 ./Core/Src/main.o
                0x20002944                asm_start_ms
 .bss.sensor_value
                0x20002984      0x200 ./Core/Src/main.o
                0x20002984                sensor_value
 .bss.sensor_status
                0x20002b84      0x200 ./Core/Src/main.o
                0x20002b84                sensor_status
 .bss.valid_mask
                0x20002d84      0x200 ./Core/Src/main.o
                0x20002d84                valid_mask
 .bss.bed_value
                0x20002f84      0x200 ./Core/Src/main.o
                0x20002f84                bed_value
 .bss.bed_status
                0x20003184      0x200 ./Core/Src/main.o
                0x20003184                bed_status
 .bss.bed_valid
                0x20003384      0x200 ./Core/Src/main.o
                0x20003384                bed_valid
 .bss.bed_confidence
                0x20003584      0x200 ./Core/Src/main.o
                0x20003584                bed_confidence
 .bss.bed_sync_mask
                0x20003784        0x4 ./Core/Src/main.o
                0x20003784                bed_sync_mask
 .bss.bed_cycle
                0x20003788        0x4 ./Core/Src/main.o
                0x20003788                bed_cycle
 .bss.bed_snapshot_ready
                0x2000378c        0x1 ./Core/Src/main.o
                0x2000378c                bed_snapshot_ready
 *fill*         0x2000378d        0x3 
 .bss.sensor_confidence
                0x20003790      0x200 ./Core/Src/main.o
                0x20003790                sensor_confidence
 .bss.node_last_frame_ms
                0x20003990       0x40 ./Core/Src/main.o
                0x20003990                node_last_frame_ms
 .bss.node_last_complete_ms
                0x200039d0       0x40 ./Core/Src/main.o
                0x200039d0                node_last_complete_ms
 .bss.node_state
                0x20003a10       0x10 ./Core/Src/main.o
                0x20003a10                node_state
 .bss.__sbrk_heap_end
                0x20003a20        0x4 ./Core/Src/sysmem.o
 .bss.g_seq     0x20003a24        0x1 ./Core/Src/uart_pkt.o
 *fill*         0x20003a25        0x3 
 .bss.huart4    0x20003a28       0x88 ./Core/Src/usart.o
                0x20003a28                huart4
 .bss.huart3    0x20003ab0       0x88 ./Core/Src/usart.o
                0x20003ab0                huart3
 .bss.uwTick    0x20003b38        0x4 ./Drivers/STM32F7xx_HAL_Driver/Src/stm32f7xx_hal.o
                0x20003b38                uwTick
 .bss.KernelState
                0x20003b3c        0x4 ./Middlewares/Third_Party/FreeRTOS/Source/CMSIS_RTOS_V2/cmsis_os2.o
 .bss.Idle_TCB  0x20003b40       0x5c ./Middlewares/Third_Party/FreeRTOS/Source/CMSIS_RTOS_V2/cmsis_os2.o
 .bss.Idle_Stack
                0x20003b9c      0x200 ./Middlewares/Third_Party/FreeRTOS/Source/CMSIS_RTOS_V2/cmsis_os2.o
 .bss.Timer_TCB
                0x20003d9c       0x5c ./Middlewares/Third_Party/FreeRTOS/Source/CMSIS_RTOS_V2/cmsis_os2.o
 .bss.Timer_Stack
                0x20003df8      0x400 ./Middlewares/Third_Party/FreeRTOS/Source/CMSIS_RTOS_V2/cmsis_os2.o
 .bss.xQueueRegistry
                0x200041f8       0x40 ./Middlewares/Third_Party/FreeRTOS/Source/queue.o
                0x200041f8                xQueueRegistry
 .bss.pxCurrentTCB
                0x20004238        0x4 ./Middlewares/Third_Party/FreeRTOS/Source/tasks.o
                0x20004238                pxCurrentTCB
 .bss.pxReadyTasksLists
                0x2000423c      0x460 ./Middlewares/Third_Party/FreeRTOS/Source/tasks.o
 .bss.xDelayedTaskList1
                0x2000469c       0x14 ./Middlewares/Third_Party/FreeRTOS/Source/tasks.o
 .bss.xDelayedTaskList2
                0x200046b0       0x14 ./Middlewares/Third_Party/FreeRTOS/Source/tasks.o
 .bss.pxDelayedTaskList
                0x200046c4        0x4 ./Middlewares/Third_Party/FreeRTOS/Source/tasks.o
 .bss.pxOverflowDelayedTaskList
                0x200046c8        0x4 ./Middlewares/Third_Party/FreeRTOS/Source/tasks.o
 .bss.xPendingReadyList
                0x200046cc       0x14 ./Middlewares/Third_Party/FreeRTOS/Source/tasks.o
 .bss.xTasksWaitingTermination
                0x200046e0       0x14 ./Middlewares/Third_Party/FreeRTOS/Source/tasks.o
 .bss.uxDeletedTasksWaitingCleanUp
                0x200046f4        0x4 ./Middlewares/Third_Party/FreeRTOS/Source/tasks.o
 .bss.xSuspendedTaskList
                0x200046f8       0x14 ./Middlewares/Third_Party/FreeRTOS/Source/tasks.o
 .bss.uxCurrentNumberOfTasks
                0x2000470c        0x4 ./Middlewares/Third_Party/FreeRTOS/Source/tasks.o
 .bss.xTickCount
                0x20004710        0x4 ./Middlewares/Third_Party/FreeRTOS/Source/tasks.o
 .bss.uxTopReadyPriority
                0x20004714        0x4 ./Middlewares/Third_Party/FreeRTOS/Source/tasks.o
 .bss.xSchedulerRunning
                0x20004718        0x4 ./Middlewares/Third_Party/FreeRTOS/Source/tasks.o
 .bss.uxPendedTicks
                0x2000471c        0x4 ./Middlewares/Third_Party/FreeRTOS/Source/tasks.o
 .bss.xYieldPending
                0x20004720        0x4 ./Middlewares/Third_Party/FreeRTOS/Source/tasks.o
 .bss.xNumOfOverflows
                0x20004724        0x4 ./Middlewares/Third_Party/FreeRTOS/Source/tasks.o
 .bss.uxTaskNumber
                0x20004728        0x4 ./Middlewares/Third_Party/FreeRTOS/Source/tasks.o
 .bss.xNextTaskUnblockTime
                0x2000472c        0x4 ./Middlewares/Third_Party/FreeRTOS/Source/tasks.o
 .bss.xIdleTaskHandle
                0x20004730        0x4 ./Middlewares/Third_Party/FreeRTOS/Source/tasks.o
 .bss.uxSchedulerSuspended
                0x20004734        0x4 ./Middlewares/Third_Party/FreeRTOS/Source/tasks.o
 .bss.xActiveTimerList1
                0x20004738       0x14 ./Middlewares/Third_Party/FreeRTOS/Source/timers.o
 .bss.xActiveTimerList2
                0x2000474c       0x14 ./Middlewares/Third_Party/FreeRTOS/Source/timers.o
 .bss.pxCurrentTimerList
                0x20004760        0x4 ./Middlewares/Third_Party/FreeRTOS/Source/timers.o
 .bss.pxOverflowTimerList
                0x20004764        0x4 ./Middlewares/Third_Party/FreeRTOS/Source/timers.o
 .bss.xTimerQueue
                0x20004768        0x4 ./Middlewares/Third_Party/FreeRTOS/Source/timers.o
 .bss.xTimerTaskHandle
                0x2000476c        0x4 ./Middlewares/Third_Party/FreeRTOS/Source/timers.o
 .bss.xLastTime.2
                0x20004770        0x4 ./Middlewares/Third_Party/FreeRTOS/Source/timers.o
 .bss.ucStaticTimerQueueStorage.1
                0x20004774       0xa0 ./Middlewares/Third_Party/FreeRTOS/Source/timers.o
 .bss.xStaticTimerQueue.0
                0x20004814       0x50 ./Middlewares/Third_Party/FreeRTOS/Source/timers.o
 .bss.ucMaxSysCallPriority
                0x20004864        0x1 ./Middlewares/Third_Party/FreeRTOS/Source/portable/GCC/ARM_CM7/r0p1/port.o
 *fill*         0x20004865        0x3 
 .bss.ulMaxPRIGROUPValue
                0x20004868        0x4 ./Middlewares/Third_Party/FreeRTOS/Source/portable/GCC/ARM_CM7/r0p1/port.o
 .bss.ucHeap    0x2000486c     0x3c00 ./Middlewares/Third_Party/FreeRTOS/Source/portable/MemMang/heap_4.o
 .bss.xStart    0x2000846c        0x8 ./Middlewares/Third_Party/FreeRTOS/Source/portable/MemMang/heap_4.o
 .bss.pxEnd     0x20008474        0x4 ./Middlewares/Third_Party/FreeRTOS/Source/portable/MemMang/heap_4.o
 .bss.xFreeBytesRemaining
                0x20008478        0x4 ./Middlewares/Third_Party/FreeRTOS/Source/portable/MemMang/heap_4.o
 .bss.xMinimumEverFreeBytesRemaining
                0x2000847c        0x4 ./Middlewares/Third_Party/FreeRTOS/Source/portable/MemMang/heap_4.o
 .bss.xBlockAllocatedBit
                0x20008480        0x4 ./Middlewares/Third_Party/FreeRTOS/Source/portable/MemMang/heap_4.o
 .bss.__sf      0x20008484      0x138 C:/ST/STM32CubeIDE_1.19.0/STM32CubeIDE/plugins/com.st.stm32cube.ide.mcu.externaltools.gnu-tools-for-stm32.13.3.rel1.win32_1.0.0.202411081344/tools/bin/../lib/gcc/arm-none-eabi/13.3.1/../../../../arm-none-eabi/lib/thumb/v7e-m+dp/hard\libc_nano.a(libc_a-findfp.o)
                0x20008484                __sf
 .bss.__stdio_exit_handler
                0x200085bc        0x4 C:/ST/STM32CubeIDE_1.19.0/STM32CubeIDE/plugins/com.st.stm32cube.ide.mcu.externaltools.gnu-tools-for-stm32.13.3.rel1.win32_1.0.0.202411081344/tools/bin/../lib/gcc/arm-none-eabi/13.3.1/../../../../arm-none-eabi/lib/thumb/v7e-m+dp/hard\libc_nano.a(libc_a-findfp.o)
                0x200085bc                __stdio_exit_handler
 .bss.errno     0x200085c0        0x4 C:/ST/STM32CubeIDE_1.19.0/STM32CubeIDE/plugins/com.st.stm32cube.ide.mcu.externaltools.gnu-tools-for-stm32.13.3.rel1.win32_1.0.0.202411081344/tools/bin/../lib/gcc/arm-none-eabi/13.3.1/../../../../arm-none-eabi/lib/thumb/v7e-m+dp/hard\libc_nano.a(libc_a-reent.o)
                0x200085c0                errno
 .bss.__lock___malloc_recursive_mutex
                0x200085c4        0x1 C:/ST/STM32CubeIDE_1.19.0/STM32CubeIDE/plugins/com.st.stm32cube.ide.mcu.externaltools.gnu-tools-for-stm32.13.3.rel1.win32_1.0.0.202411081344/tools/bin/../lib/gcc/arm-none-eabi/13.3.1/../../../../arm-none-eabi/lib/thumb/v7e-m+dp/hard\libc_nano.a(libc_a-lock.o)
                0x200085c4                __lock___malloc_recursive_mutex
 .bss.__lock___sfp_recursive_mutex
                0x200085c5        0x1 C:/ST/STM32CubeIDE_1.19.0/STM32CubeIDE/plugins/com.st.stm32cube.ide.mcu.externaltools.gnu-tools-for-stm32.13.3.rel1.win32_1.0.0.202411081344/tools/bin/../lib/gcc/arm-none-eabi/13.3.1/../../../../arm-none-eabi/lib/thumb/v7e-m+dp/hard\libc_nano.a(libc_a-lock.o)
                0x200085c5                __lock___sfp_recursive_mutex
 *fill*         0x200085c6        0x2 
 .bss.__malloc_sbrk_start
                0x200085c8        0x4 C:/ST/STM32CubeIDE_1.19.0/STM32CubeIDE/plugins/com.st.stm32cube.ide.mcu.externaltools.gnu-tools-for-stm32.13.3.rel1.win32_1.0.0.202411081344/tools/bin/../lib/gcc/arm-none-eabi/13.3.1/../../../../arm-none-eabi/lib/thumb/v7e-m+dp/hard\libc_nano.a(libc_a-mallocr.o)
                0x200085c8                __malloc_sbrk_start
 .bss.__malloc_free_list
                0x200085cc        0x4 C:/ST/STM32CubeIDE_1.19.0/STM32CubeIDE/plugins/com.st.stm32cube.ide.mcu.externaltools.gnu-tools-for-stm32.13.3.rel1.win32_1.0.0.202411081344/tools/bin/../lib/gcc/arm-none-eabi/13.3.1/../../../../arm-none-eabi/lib/thumb/v7e-m+dp/hard\libc_nano.a(libc_a-mallocr.o)
                0x200085cc                __malloc_free_list
 *(COMMON)
                0x200085d0                        . = ALIGN (0x4)
                0x200085d0                        _ebss = .
                0x200085d0                        __bss_end__ = _ebss

._user_heap_stack
                0x200085d0      0x600 load address 0x08008f58
                0x200085d0                        . = ALIGN (0x8)
                [!provide]                        PROVIDE (end = .)
                0x200085d0                        PROVIDE (_end = .)
                0x200087d0                        . = (. + _Min_Heap_Size)
 *fill*         0x200085d0      0x200 
                0x20008bd0                        . = (. + _Min_Stack_Size)
 *fill*         0x200087d0      0x400 
                0x20008bd0                        . = ALIGN (0x8)

/DISCARD/
 libc.a(*)
 libm.a(*)
 libgcc.a(*)

.ARM.attributes
                0x00000000       0x2e
 *(.ARM.attributes)
 .ARM.attributes
                0x00000000       0x20 C:/ST/STM32CubeIDE_1.19.0/STM32CubeIDE/plugins/com.st.stm32cube.ide.mcu.externaltools.gnu-tools-for-stm32.13.3.rel1.win32_1.0.0.202411081344/tools/bin/../lib/gcc/arm-none-eabi/13.3.1/thumb/v7e-m+dp/hard/crti.o
 .ARM.attributes
                0x00000020       0x32 C:/ST/STM32CubeIDE_1.19.0/STM32CubeIDE/plugins/com.st.stm32cube.ide.mcu.externaltools.gnu-tools-for-stm32.13.3.rel1.win32_1.0.0.202411081344/tools/bin/../lib/gcc/arm-none-eabi/13.3.1/thumb/v7e-m+dp/hard/crtbegin.o
 .ARM.attributes
                0x00000052       0x32 ./Core/Src/Serial_link.o
 .ARM.attributes
                0x00000084       0x32 ./Core/Src/app_can.o
 .ARM.attributes
                0x000000b6       0x32 ./Core/Src/can.o
 .ARM.attributes
                0x000000e8       0x32 ./Core/Src/can_rtos_rx.o
 .ARM.attributes
                0x0000011a       0x32 ./Core/Src/can_rtos_tx.o
 .ARM.attributes
                0x0000014c       0x32 ./Core/Src/freertos.o
 .ARM.attributes
                0x0000017e       0x32 ./Core/Src/gpio.o
 .ARM.attributes
                0x000001b0       0x32 ./Core/Src/main.o
 .ARM.attributes
                0x000001e2       0x32 ./Core/Src/stm32f7xx_hal_msp.o
 .ARM.attributes
                0x00000214       0x32 ./Core/Src/stm32f7xx_it.o
 .ARM.attributes
                0x00000246       0x32 ./Core/Src/syscalls.o
 .ARM.attributes
                0x00000278       0x32 ./Core/Src/sysmem.o
 .ARM.attributes
                0x000002aa       0x32 ./Core/Src/system_stm32f7xx.o
 .ARM.attributes
                0x000002dc       0x32 ./Core/Src/uart_pkt.o
 .ARM.attributes
                0x0000030e       0x32 ./Core/Src/usart.o
 .ARM.attributes
                0x00000340       0x21 ./Core/Startup/startup_stm32f767zitx.o
 .ARM.attributes
                0x00000361       0x32 ./Drivers/STM32F7xx_HAL_Driver/Src/stm32f7xx_hal.o
 .ARM.attributes
                0x00000393       0x32 ./Drivers/STM32F7xx_HAL_Driver/Src/stm32f7xx_hal_can.o
 .ARM.attributes
                0x000003c5       0x32 ./Drivers/STM32F7xx_HAL_Driver/Src/stm32f7xx_hal_cortex.o
 .ARM.attributes
                0x000003f7       0x32 ./Drivers/STM32F7xx_HAL_Driver/Src/stm32f7xx_hal_gpio.o
 .ARM.attributes
                0x00000429       0x32 ./Drivers/STM32F7xx_HAL_Driver/Src/stm32f7xx_hal_pwr.o
 .ARM.attributes
                0x0000045b       0x32 ./Drivers/STM32F7xx_HAL_Driver/Src/stm32f7xx_hal_pwr_ex.o
 .ARM.attributes
                0x0000048d       0x32 ./Drivers/STM32F7xx_HAL_Driver/Src/stm32f7xx_hal_rcc.o
 .ARM.attributes
                0x000004bf       0x32 ./Drivers/STM32F7xx_HAL_Driver/Src/stm32f7xx_hal_rcc_ex.o
 .ARM.attributes
                0x000004f1       0x32 ./Drivers/STM32F7xx_HAL_Driver/Src/stm32f7xx_hal_uart.o
 .ARM.attributes
                0x00000523       0x32 ./Middlewares/Third_Party/FreeRTOS/Source/CMSIS_RTOS_V2/cmsis_os2.o
 .ARM.attributes
                0x00000555       0x32 ./Middlewares/Third_Party/FreeRTOS/Source/list.o
 .ARM.attributes
                0x00000587       0x32 ./Middlewares/Third_Party/FreeRTOS/Source/queue.o
 .ARM.attributes
                0x000005b9       0x32 ./Middlewares/Third_Party/FreeRTOS/Source/tasks.o
 .ARM.attributes
                0x000005eb       0x32 ./Middlewares/Third_Party/FreeRTOS/Source/timers.o
 .ARM.attributes
                0x0000061d       0x32 ./Middlewares/Third_Party/FreeRTOS/Source/portable/GCC/ARM_CM7/r0p1/port.o
 .ARM.attributes
                0x0000064f       0x32 ./Middlewares/Third_Party/FreeRTOS/Source/portable/MemMang/heap_4.o
 .ARM.attributes
                0x00000681       0x32 C:/ST/STM32CubeIDE_1.19.0/STM32CubeIDE/plugins/com.st.stm32cube.ide.mcu.externaltools.gnu-tools-for-stm32.13.3.rel1.win32_1.0.0.202411081344/tools/bin/../lib/gcc/arm-none-eabi/13.3.1/../../../../arm-none-eabi/lib/thumb/v7e-m+dp/hard\libc_nano.a(libc_a-findfp.o)
 .ARM.attributes
                0x000006b3       0x32 C:/ST/STM32CubeIDE_1.19.0/STM32CubeIDE/plugins/com.st.stm32cube.ide.mcu.externaltools.gnu-tools-for-stm32.13.3.rel1.win32_1.0.0.202411081344/tools/bin/../lib/gcc/arm-none-eabi/13.3.1/../../../../arm-none-eabi/lib/thumb/v7e-m+dp/hard\libc_nano.a(libc_a-fwalk.o)
 .ARM.attributes
                0x000006e5       0x32 C:/ST/STM32CubeIDE_1.19.0/STM32CubeIDE/plugins/com.st.stm32cube.ide.mcu.externaltools.gnu-tools-for-stm32.13.3.rel1.win32_1.0.0.202411081344/tools/bin/../lib/gcc/arm-none-eabi/13.3.1/../../../../arm-none-eabi/lib/thumb/v7e-m+dp/hard\libc_nano.a(libc_a-printf.o)
 .ARM.attributes
                0x00000717       0x32 C:/ST/STM32CubeIDE_1.19.0/STM32CubeIDE/plugins/com.st.stm32cube.ide.mcu.externaltools.gnu-tools-for-stm32.13.3.rel1.win32_1.0.0.202411081344/tools/bin/../lib/gcc/arm-none-eabi/13.3.1/../../../../arm-none-eabi/lib/thumb/v7e-m+dp/hard\libc_nano.a(libc_a-puts.o)
 .ARM.attributes
                0x00000749       0x32 C:/ST/STM32CubeIDE_1.19.0/STM32CubeIDE/plugins/com.st.stm32cube.ide.mcu.externaltools.gnu-tools-for-stm32.13.3.rel1.win32_1.0.0.202411081344/tools/bin/../lib/gcc/arm-none-eabi/13.3.1/../../../../arm-none-eabi/lib/thumb/v7e-m+dp/hard\libc_nano.a(libc_a-stdio.o)
 .ARM.attributes
                0x0000077b       0x32 C:/ST/STM32CubeIDE_1.19.0/STM32CubeIDE/plugins/com.st.stm32cube.ide.mcu.externaltools.gnu-tools-for-stm32.13.3.rel1.win32_1.0.0.202411081344/tools/bin/../lib/gcc/arm-none-eabi/13.3.1/../../../../arm-none-eabi/lib/thumb/v7e-m+dp/hard\libc_nano.a(libc_a-wbuf.o)
 .ARM.attributes
                0x000007ad       0x32 C:/ST/STM32CubeIDE_1.19.0/STM32CubeIDE/plugins/com.st.stm32cube.ide.mcu.externaltools.gnu-tools-for-stm32.13.3.rel1.win32_1.0.0.202411081344/tools/bin/../lib/gcc/arm-none-eabi/13.3.1/../../../../arm-none-eabi/lib/thumb/v7e-m+dp/hard\libc_nano.a(libc_a-wsetup.o)
 .ARM.attributes
                0x000007df       0x32 C:/ST/STM32CubeIDE_1.19.0/STM32CubeIDE/plugins/com.st.stm32cube.ide.mcu.externaltools.gnu-tools-for-stm32.13.3.rel1.win32_1.0.0.202411081344/tools/bin/../lib/gcc/arm-none-eabi/13.3.1/../../../../arm-none-eabi/lib/thumb/v7e-m+dp/hard\libc_nano.a(libc_a-memset.o)
 .ARM.attributes
                0x00000811       0x32 C:/ST/STM32CubeIDE_1.19.0/STM32CubeIDE/plugins/com.st.stm32cube.ide.mcu.externaltools.gnu-tools-for-stm32.13.3.rel1.win32_1.0.0.202411081344/tools/bin/../lib/gcc/arm-none-eabi/13.3.1/../../../../arm-none-eabi/lib/thumb/v7e-m+dp/hard\libc_nano.a(libc_a-closer.o)
 .ARM.attributes
                0x00000843       0x32 C:/ST/STM32CubeIDE_1.19.0/STM32CubeIDE/plugins/com.st.stm32cube.ide.mcu.externaltools.gnu-tools-for-stm32.13.3.rel1.win32_1.0.0.202411081344/tools/bin/../lib/gcc/arm-none-eabi/13.3.1/../../../../arm-none-eabi/lib/thumb/v7e-m+dp/hard\libc_nano.a(libc_a-reent.o)
 .ARM.attributes
                0x00000875       0x32 C:/ST/STM32CubeIDE_1.19.0/STM32CubeIDE/plugins/com.st.stm32cube.ide.mcu.externaltools.gnu-tools-for-stm32.13.3.rel1.win32_1.0.0.202411081344/tools/bin/../lib/gcc/arm-none-eabi/13.3.1/../../../../arm-none-eabi/lib/thumb/v7e-m+dp/hard\libc_nano.a(libc_a-impure.o)
 .ARM.attributes
                0x000008a7       0x32 C:/ST/STM32CubeIDE_1.19.0/STM32CubeIDE/plugins/com.st.stm32cube.ide.mcu.externaltools.gnu-tools-for-stm32.13.3.rel1.win32_1.0.0.202411081344/tools/bin/../lib/gcc/arm-none-eabi/13.3.1/../../../../arm-none-eabi/lib/thumb/v7e-m+dp/hard\libc_nano.a(libc_a-lseekr.o)
 .ARM.attributes
                0x000008d9       0x32 C:/ST/STM32CubeIDE_1.19.0/STM32CubeIDE/plugins/com.st.stm32cube.ide.mcu.externaltools.gnu-tools-for-stm32.13.3.rel1.win32_1.0.0.202411081344/tools/bin/../lib/gcc/arm-none-eabi/13.3.1/../../../../arm-none-eabi/lib/thumb/v7e-m+dp/hard\libc_nano.a(libc_a-readr.o)
 .ARM.attributes
                0x0000090b       0x32 C:/ST/STM32CubeIDE_1.19.0/STM32CubeIDE/plugins/com.st.stm32cube.ide.mcu.externaltools.gnu-tools-for-stm32.13.3.rel1.win32_1.0.0.202411081344/tools/bin/../lib/gcc/arm-none-eabi/13.3.1/../../../../arm-none-eabi/lib/thumb/v7e-m+dp/hard\libc_nano.a(libc_a-writer.o)
 .ARM.attributes
                0x0000093d       0x32 C:/ST/STM32CubeIDE_1.19.0/STM32CubeIDE/plugins/com.st.stm32cube.ide.mcu.externaltools.gnu-tools-for-stm32.13.3.rel1.win32_1.0.0.202411081344/tools/bin/../lib/gcc/arm-none-eabi/13.3.1/../../../../arm-none-eabi/lib/thumb/v7e-m+dp/hard\libc_nano.a(libc_a-errno.o)
 .ARM.attributes