Archive member included to satisfy reference by file (symbol)

C:/ST/STM32CubeIDE_1.17.0/STM32CubeIDE/plugins/com.st.stm32cube.ide.mcu.externaltools.gnu-tools-for-stm32.12.3.rel1.win32_1.1.0.202410251130/tools/bin/../lib/gcc/arm-none-eabi/12.3.1/../../../../arm-none-eabi/lib/thumb/v7e-m+dp/hard\libc_nano.a(libc_a-exit.o)
                              C:/ST/STM32CubeIDE_1.17.0/STM32CubeIDE/plugins/com.st.stm32cube.ide.mcu.externaltools.gnu-tools-for-stm32.12.3.rel1.win32_1.1.0.202410251130/tools/bin/../lib/gcc/arm-none-eabi/12.3.1/../../../../arm-none-eabi/lib/thumb/v7e-m+dp/hard/crt0.o (exit)
C:/ST/STM32CubeIDE_1.17.0/STM32CubeIDE/plugins/com.st.stm32cube.ide.mcu.externaltools.gnu-tools-for-stm32.12.3.rel1.win32_1.1.0.202410251130/tools/bin/../lib/gcc/arm-none-eabi/12.3.1/../../../../arm-none-eabi/lib/thumb/v7e-m+dp/hard\libc_nano.a(libc_a-findfp.o)
                              C:/ST/STM32CubeIDE_1.17.0/STM32CubeIDE/plugins/com.st.stm32cube.ide.mcu.externaltools.gnu-tools-for-stm32.12.3.rel1.win32_1.1.0.202410251130/tools/bin/../lib/gcc/arm-none-eabi/12.3.1/../../../../arm-none-eabi/lib/thumb/v7e-m+dp/hard\libc_nano.a(libc_a-exit.o) (__stdio_exit_handler)
C:/ST/STM32CubeIDE_1.17.0/STM32CubeIDE/plugins/com.st.stm32cube.ide.mcu.externaltools.gnu-tools-for-stm32.12.3.rel1.win32_1.1.0.202410251130/tools/bin/../lib/gcc/arm-none-eabi/12.3.1/../../../../arm-none-eabi/lib/thumb/v7e-m+dp/hard\libc_nano.a(libc_a-fwalk.o)
                              C:/ST/STM32CubeIDE_1.17.0/STM32CubeIDE/plugins/com.st.stm32cube.ide.mcu.externaltools.gnu-tools-for-stm32.12.3.rel1.win32_1.1.0.202410251130/tools/bin/../lib/gcc/arm-none-eabi/12.3.1/../../../../arm-none-eabi/lib/thumb/v7e-m+dp/hard\libc_nano.a(libc_a-findfp.o) (_fwalk_sglue)
C:/ST/STM32CubeIDE_1.17.0/STM32CubeIDE/plugins/com.st.stm32cube.ide.mcu.externaltools.gnu-tools-for-stm32.12.3.rel1.win32_1.1.0.202410251130/tools/bin/../lib/gcc/arm-none-eabi/12.3.1/../../../../arm-none-eabi/lib/thumb/v7e-m+dp/hard\libc_nano.a(libc_a-printf.o)
                              ./Core/Src/can_rtos_rx.o (printf)
C:/ST/STM32CubeIDE_1.17.0/STM32CubeIDE/plugins/com.st.stm32cube.ide.mcu.externaltools.gnu-tools-for-stm32.12.3.rel1.win32_1.1.0.202410251130/tools/bin/../lib/gcc/arm-none-eabi/12.3.1/../../../../arm-none-eabi/lib/thumb/v7e-m+dp/hard\libc_nano.a(libc_a-puts.o)
                              ./Core/Src/can_rtos_tx.o (puts)
C:/ST/STM32CubeIDE_1.17.0/STM32CubeIDE/plugins/com.st.stm32cube.ide.mcu.externaltools.gnu-tools-for-stm32.12.3.rel1.win32_1.1.0.202410251130/tools/bin/../lib/gcc/arm-none-eabi/12.3.1/../../../../arm-none-eabi/lib/thumb/v7e-m+dp/hard\libc_nano.a(libc_a-stdio.o)
                              C:/ST/STM32CubeIDE_1.17.0/STM32CubeIDE/plugins/com.st.stm32cube.ide.mcu.externaltools.gnu-tools-for-stm32.12.3.rel1.win32_1.1.0.202410251130/tools/bin/../lib/gcc/arm-none-eabi/12.3.1/../../../../arm-none-eabi/lib/thumb/v7e-m+dp/hard\libc_nano.a(libc_a-findfp.o) (__sread)
C:/ST/STM32CubeIDE_1.17.0/STM32CubeIDE/plugins/com.st.stm32cube.ide.mcu.externaltools.gnu-tools-for-stm32.12.3.rel1.win32_1.1.0.202410251130/tools/bin/../lib/gcc/arm-none-eabi/12.3.1/../../../../arm-none-eabi/lib/thumb/v7e-m+dp/hard\libc_nano.a(libc_a-wbuf.o)
                              C:/ST/STM32CubeIDE_1.17.0/STM32CubeIDE/plugins/com.st.stm32cube.ide.mcu.externaltools.gnu-tools-for-stm32.12.3.rel1.win32_1.1.0.202410251130/tools/bin/../lib/gcc/arm-none-eabi/12.3.1/../../../../arm-none-eabi/lib/thumb/v7e-m+dp/hard\libc_nano.a(libc_a-puts.o) (__swbuf_r)
C:/ST/STM32CubeIDE_1.17.0/STM32CubeIDE/plugins/com.st.stm32cube.ide.mcu.externaltools.gnu-tools-for-stm32.12.3.rel1.win32_1.1.0.202410251130/tools/bin/../lib/gcc/arm-none-eabi/12.3.1/../../../../arm-none-eabi/lib/thumb/v7e-m+dp/hard\libc_nano.a(libc_a-wsetup.o)
                              C:/ST/STM32CubeIDE_1.17.0/STM32CubeIDE/plugins/com.st.stm32cube.ide.mcu.externaltools.gnu-tools-for-stm32.12.3.rel1.win32_1.1.0.202410251130/tools/bin/../lib/gcc/arm-none-eabi/12.3.1/../../../../arm-none-eabi/lib/thumb/v7e-m+dp/hard\libc_nano.a(libc_a-puts.o) (__swsetup_r)
C:/ST/STM32CubeIDE_1.17.0/STM32CubeIDE/plugins/com.st.stm32cube.ide.mcu.externaltools.gnu-tools-for-stm32.12.3.rel1.win32_1.1.0.202410251130/tools/bin/../lib/gcc/arm-none-eabi/12.3.1/../../../../arm-none-eabi/lib/thumb/v7e-m+dp/hard\libc_nano.a(libc_a-memset.o)
                              C:/ST/STM32CubeIDE_1.17.0/STM32CubeIDE/plugins/com.st.stm32cube.ide.mcu.externaltools.gnu-tools-for-stm32.12.3.rel1.win32_1.1.0.202410251130/tools/bin/../lib/gcc/arm-none-eabi/12.3.1/../../../../arm-none-eabi/lib/thumb/v7e-m+dp/hard/crt0.o (memset)
C:/ST/STM32CubeIDE_1.17.0/STM32CubeIDE/plugins/com.st.stm32cube.ide.mcu.externaltools.gnu-tools-for-stm32.12.3.rel1.win32_1.1.0.202410251130/tools/bin/../lib/gcc/arm-none-eabi/12.3.1/../../../../arm-none-eabi/lib/thumb/v7e-m+dp/hard\libc_nano.a(libc_a-closer.o)
[...]
Memory Configuration

Name             Origin             Length             Attributes
RAM              0x20000000         0x00080000         xrw
FLASH            0x08000000         0x00200000         xr
*default*        0x00000000         0xffffffff

Linker script and memory map

LOAD C:/ST/STM32CubeIDE_1.17.0/STM32CubeIDE/plugins/com.st.stm32cube.ide.mcu.externaltools.gnu-tools-for-stm32.12.3.rel1.win32_1.1.0.202410251130/tools/bin/../lib/gcc/arm-none-eabi/12.3.1/thumb/v7e-m+dp/hard/crti.o
LOAD C:/ST/STM32CubeIDE_1.17.0/STM32CubeIDE/plugins/com.st.stm32cube.ide.mcu.externaltools.gnu-tools-for-stm32.12.3.rel1.win32_1.1.0.202410251130/tools/bin/../lib/gcc/arm-none-eabi/12.3.1/thumb/v7e-m+dp/hard/crtbegin.o
LOAD C:/ST/STM32CubeIDE_1.17.0/STM32CubeIDE/plugins/com.st.stm32cube.ide.mcu.externaltools.gnu-tools-for-stm32.12.3.rel1.win32_1.1.0.202410251130/tools/bin/../lib/gcc/arm-none-eabi/12.3.1/../../../../arm-none-eabi/lib/thumb/v7e-m+dp/hard/crt0.o
LOAD ./Core/Src/Serial_link.o
LOAD ./Core/Src/app_can.o
LOAD ./Core/Src/can.o
LOAD ./Core/Src/can_rtos_rx.o
LOAD ./Core/Src/can_rtos_tx.o
LOAD ./Core/Src/freertos.o
LOAD ./Core/Src/gpio.o
LOAD ./Core/Src/main.o
LOAD ./Core/Src/stm32f7xx_hal_msp.o
LOAD ./Core/Src/stm32f7xx_it.o
LOAD ./Core/Src/syscalls.o
LOAD ./Core/Src/sysmem.o
LOAD ./Core/Src/system_stm32f7xx.o
LOAD ./Core/Src/uart_pkt.o
LOAD ./Core/Src/usart.o
LOAD ./Core/Startup/startup_stm32f767zitx.o
LOAD ./Drivers/STM32F7xx_HAL_Driver/Src/stm32f7xx_hal.o
LOAD ./Drivers/STM32F7xx_HAL_Driver/Src/stm32f7xx_hal_can.o
LOAD ./Drivers/STM32F7xx_HAL_Driver/Src/stm32f7xx_hal_cortex.o
LOAD ./Drivers/STM32F7xx_HAL_Driver/Src/stm32f7xx_hal_dma.o
LOAD ./Drivers/STM32F7xx_HAL_Driver/Src/stm32f7xx_hal_dma_ex.o
LOAD ./Drivers/STM32F7xx_HAL_Driver/Src/stm32f7xx_hal_exti.o
LOAD ./Drivers/STM32F7xx_HAL_Driver/Src/stm32f7xx_hal_flash.o
LOAD ./Drivers/STM32F7xx_HAL_Driver/Src/stm32f7xx_hal_flash_ex.o
LOAD ./Drivers/STM32F7xx_HAL_Driver/Src/stm32f7xx_hal_gpio.o
LOAD ./Drivers/STM32F7xx_HAL_Driver/Src/stm32f7xx_hal_i2c.o
LOAD ./Drivers/STM32F7xx_HAL_Driver/Src/stm32f7xx_hal_i2c_ex.o
LOAD ./Drivers/STM32F7xx_HAL_Driver/Src/stm32f7xx_hal_pwr.o
LOAD ./Drivers/STM32F7xx_HAL_Driver/Src/stm32f7xx_hal_pwr_ex.o
LOAD ./Drivers/STM32F7xx_HAL_Driver/Src/stm32f7xx_hal_rcc.o
LOAD ./Drivers/STM32F7xx_HAL_Driver/Src/stm32f7xx_hal_rcc_ex.o
LOAD ./Drivers/STM32F7xx_HAL_Driver/Src/stm32f7xx_hal_uart.o
LOAD ./Drivers/STM32F7xx_HAL_Driver/Src/stm32f7xx_hal_uart_ex.o
LOAD ./Middlewares/Third_Party/FreeRTOS/Source/CMSIS_RTOS_V2/cmsis_os2.o
LOAD ./Middlewares/Third_Party/FreeRTOS/Source/croutine.o
LOAD ./Middlewares/Third_Party/FreeRTOS/Source/event_groups.o
LOAD ./Middlewares/Third_Party/FreeRTOS/Source/list.o
LOAD ./Middlewares/Third_Party/FreeRTOS/Source/queue.o
LOAD ./Middlewares/Third_Party/FreeRTOS/Source/stream_buffer.o
LOAD ./Middlewares/Third_Party/FreeRTOS/Source/tasks.o
LOAD ./Middlewares/Third_Party/FreeRTOS/Source/timers.o
LOAD ./Middlewares/Third_Party/FreeRTOS/Source/portable/GCC/ARM_CM7/r0p1/port.o
LOAD ./Middlewares/Third_Party/FreeRTOS/Source/portable/MemMang/heap_4.o
START GROUP
LOAD C:/ST/STM32CubeIDE_1.17.0/STM32CubeIDE/plugins/com.st.stm32cube.ide.mcu.externaltools.gnu-tools-for-stm32.12.3.rel1.win32_1.1.0.202410251130/tools/bin/../lib/gcc/arm-none-eabi/12.3.1/../../../../arm-none-eabi/lib/thumb/v7e-m+dp/hard\libc_nano.a
LOAD C:/ST/STM32CubeIDE_1.17.0/STM32CubeIDE/plugins/com.st.stm32cube.ide.mcu.externaltools.gnu-tools-for-stm32.12.3.rel1.win32_1.1.0.202410251130/tools/bin/../lib/gcc/arm-none-eabi/12.3.1/../../../../arm-none-eabi/lib/thumb/v7e-m+dp/hard\libm.a
END GROUP
START GROUP
LOAD C:/ST/STM32CubeIDE_1.17.0/STM32CubeIDE/plugins/com.st.stm32cube.ide.mcu.externaltools.gnu-tools-for-stm32.12.3.rel1.win32_1.1.0.202410251130/tools/bin/../lib/gcc/arm-none-eabi/12.3.1/thumb/v7e-m+dp/hard\libgcc.a
LOAD C:/ST/STM32CubeIDE_1.17.0/STM32CubeIDE/plugins/com.st.stm32cube.ide.mcu.externaltools.gnu-tools-for-stm32.12.3.rel1.win32_1.1.0.202410251130/tools/bin/../lib/gcc/arm-none-eabi/12.3.1/../../../../arm-none-eabi/lib/thumb/v7e-m+dp/hard\libc_nano.a
END GROUP
START GROUP
LOAD C:/ST/STM32CubeIDE_1.17.0/STM32CubeIDE/plugins/com.st.stm32cube.ide.mcu.externaltools.gnu-tools-for-stm32.12.3.rel1.win32_1.1.0.202410251130/tools/bin/../lib/gcc/arm-none-eabi/12.3.1/thumb/v7e-m+dp/hard\libgcc.a
LOAD C:/ST/STM32CubeIDE_1.17.0/STM32CubeIDE/plugins/com.st.stm32cube.ide.mcu.externaltools.gnu-tools-for-stm32.12.3.rel1.win32_1.1.0.202410251130/tools/bin/../lib/gcc/arm-none-eabi/12.3.1/../../../../arm-none-eabi/lib/thumb/v7e-m+dp/hard\libc_nano.a
LOAD C:/ST/STM32CubeIDE_1.17.0/STM32CubeIDE/plugins/com.st.stm32cube.ide.mcu.externaltools.gnu-tools-for-stm32.12.3.rel1.win32_1.1.0.202410251130/tools/bin/../lib/gcc/arm-none-eabi/12.3.1/../../../../arm-none-eabi/lib/thumb/v7e-m+dp/hard\libnosys.a
END GROUP
START GROUP
LOAD C:/ST/STM32CubeIDE_1.17.0/STM32CubeIDE/plugins/com.st.stm32cube.ide.mcu.externaltools.gnu-tools-for-stm32.12.3.rel1.win32_1.1.0.202410251130/tools/bin/../lib/gcc/arm-none-eabi/12.3.1/thumb/v7e-m+dp/hard\libgcc.a
LOAD C:/ST/STM32CubeIDE_1.17.0/STM32CubeIDE/plugins/com.st.stm32cube.ide.mcu.externaltools.gnu-tools-for-stm32.12.3.rel1.win32_1.1.0.202410251130/tools/bin/../lib/gcc/arm-none-eabi/12.3.1/../../../../arm-none-eabi/lib/thumb/v7e-m+dp/hard\libc_nano.a
LOAD C:/ST/STM32CubeIDE_1.17.0/STM32CubeIDE/plugins/com.st.stm32cube.ide.mcu.externaltools.gnu-tools-for-stm32.12.3.rel1.win32_1.1.0.202410251130/tools/bin/../lib/gcc/arm-none-eabi/12.3.1/../../../../arm-none-eabi/lib/thumb/v7e-m+dp/hard\libnosys.a
END GROUP
LOAD C:/ST/STM32CubeIDE_1.17.0/STM32CubeIDE/plugins/com.st.stm32cube.ide.mcu.externaltools.gnu-tools-for-stm32.12.3.rel1.win32_1.1.0.202410251130/tools/bin/../lib/gcc/arm-none-eabi/12.3.1/thumb/v7e-m+dp/hard/crtend.o
LOAD C:/ST/STM32CubeIDE_1.17.0/STM32CubeIDE/plugins/com.st.stm32cube.ide.mcu.externaltools.gnu-tools-for-stm32.12.3.rel1.win32_1.1.0.202410251130/tools/bin/../lib/gcc/arm-none-eabi/12.3.1/thumb/v7e-m+dp/hard/crtn.o
                0x20080000                        _estack = (ORIGIN (RAM) + LENGTH (RAM))
                0x00000200                        _Min_Heap_Size = 0x200
                0x00000400                        _Min_Stack_Size = 0x400

.isr_vector     0x08000000      0x1f8
                0x08000000                        . = ALIGN (0x4)
 *(.isr_vector)
 .isr_vector    0x08000000      0x1f8 ./Core/Startup/startup_stm32f767zitx.o
                0x08000000                g_pfnVectors
                0x080001f8                        . = ALIGN (0x4)

.text           0x08000200     0x89fc
                0x08000200                        . = ALIGN (0x4)
 *(.text)
 .text          0x08000200       0x40 C:/ST/STM32CubeIDE_1.17.0/STM32CubeIDE/plugins/com.st.stm32cube.ide.mcu.externaltools.gnu-tools-for-stm32.12.3.rel1.win32_1.1.0.202410251130/tools/bin/../lib/gcc/arm-none-eabi/12.3.1/thumb/v7e-m+dp/hard/crtbegin.o
 .text          0x08000240       0xa0 C:/ST/STM32CubeIDE_1.17.0/STM32CubeIDE/plugins/com.st.stm32cube.ide.mcu.externaltools.gnu-tools-for-stm32.12.3.rel1.win32_1.1.0.202410251130/tools/bin/../lib/gcc/arm-none-eabi/12.3.1/../../../../arm-none-eabi/lib/thumb/v7e-m+dp/hard\libc_nano.a(libc_a-memchr.o)
                0x08000240                memchr
 .text          0x080002e0       0x30 C:/ST/STM32CubeIDE_1.17.0/STM32CubeIDE/plugins/com.st.stm32cube.ide.mcu.externaltools.gnu-tools-for-stm32.12.3.rel1.win32_1.1.0.202410251130/tools/bin/../lib/gcc/arm-none-eabi/12.3.1/thumb/v7e-m+dp/hard\libgcc.a(_aeabi_uldivmod.o)
                0x080002e0                __aeabi_uldivmod
 .text          0x08000310      0x2bc C:/ST/STM32CubeIDE_1.17.0/STM32CubeIDE/plugins/com.st.stm32cube.ide.mcu.externaltools.gnu-tools-for-stm32.12.3.rel1.win32_1.1.0.202410251130/tools/bin/../lib/gcc/arm-none-eabi/12.3.1/thumb/v7e-m+dp/hard\libgcc.a(_udivmoddi4.o)
                0x08000310                __udivmoddi4
 .text          0x080005cc        0x4 C:/ST/STM32CubeIDE_1.17.0/STM32CubeIDE/plugins/com.st.stm32cube.ide.mcu.externaltools.gnu-tools-for-stm32.12.3.rel1.win32_1.1.0.202410251130/tools/bin/../lib/gcc/arm-none-eabi/12.3.1/thumb/v7e-m+dp/hard\libgcc.a(_dvmd_tls.o)
                0x080005cc                __aeabi_idiv0
                0x080005cc                __aeabi_ldiv0
 *(.text*)
 .text.SerialLink_Init
                0x080005d0       0x1c ./Core/Src/Serial_link.o
                0x080005d0                SerialLink_Init
 .text.SerialLink_SendNode32_Async
                0x080005ec       0xb0 ./Core/Src/Serial_link.o
                0x080005ec                SerialLink_SendNode32_Async
 .text.SerialLink_TxTask
                0x0800069c       0x38 ./Core/Src/Serial_link.o
                0x0800069c                SerialLink_TxTask
 .text.CanCmd_SendToNode
                0x080006d4       0x6e ./Core/Src/app_can.o
                0x080006d4                CanCmd_SendToNode
 *fill*         0x08000742        0x2 
 .text.MX_CAN1_Init
                0x08000744       0x6c ./Core/Src/can.o
                0x08000744                MX_CAN1_Init
 .text.HAL_CAN_MspInit
                0x080007b0       0xb8 ./Core/Src/can.o
                0x080007b0                HAL_CAN_MspInit
 .text.CanRtosRx_Init
                0x08000868       0x68 ./Core/Src/can_rtos_rx.o
                0x08000868                CanRtosRx_Init
 .text.CanRtosRx_OnFifo0Pending
                0x080008d0       0x8c ./Core/Src/can_rtos_rx.o
                0x080008d0                CanRtosRx_OnFifo0Pending
 .text.CanRtosTx_Init
                0x0800095c       0x54 ./Core/Src/can_rtos_tx.o
                0x0800095c                CanRtosTx_Init
 .text.CanRtosTx_SendStd_Async
                0x080009b0       0xc0 ./Core/Src/can_rtos_tx.o
                0x080009b0                CanRtosTx_SendStd_Async
 .text.CanTxTask
                0x08000a70       0xec ./Core/Src/can_rtos_tx.o
                0x08000a70                CanTxTask
 .text.MX_FREERTOS_Init
                0x08000b5c      0x168 ./Core/Src/freertos.o
                0x08000b5c                MX_FREERTOS_Init
 .text.StartDefaultTask
                0x08000cc4       0x20 ./Core/Src/freertos.o
                0x08000cc4                StartDefaultTask
 .text.CanRxTask
                0x08000ce4      0x418 ./Core/Src/freertos.o
                0x08000ce4                CanRxTask
 .text.BuildNodeFlags
                0x080010fc       0x44 ./Core/Src/freertos.o
 .text.SensorStatus_IsValid
                0x08001140       0x48 ./Core/Src/freertos.o
 .text.SensorStatus_GetConfidence
                0x08001188       0x48 ./Core/Src/freertos.o
 .text.BedMap_GetRow
                0x080011d0       0x2c ./Core/Src/freertos.o
 .text.BedMap_GetCol
                0x080011fc       0x1e ./Core/Src/freertos.o
 *fill*         0x0800121a        0x2 
 .text.BedModel_UpdateNode
                0x0800121c       0xf4 ./Core/Src/freertos.o
 .text.BedSync_OnNodeUpdated
                0x08001310       0x6c ./Core/Src/freertos.o
 .text.Node1CmdTask
                0x0800137c       0x28 ./Core/Src/freertos.o
                0x0800137c                Node1CmdTask
 .text.NodeMonitorTask
                0x080013a4      0x130 ./Core/Src/freertos.o
                0x080013a4                NodeMonitorTask
 .text.MX_GPIO_Init
                0x080014d4       0xe8 ./Core/Src/gpio.o
                0x080014d4                MX_GPIO_Init
 .text._write   0x080015bc       0x2c ./Core/Src/main.o
                0x080015bc                _write
 .text.CAN_Filter_0x100_to_0x1FF
                0x080015e8       0x74 ./Core/Src/main.o
 .text.CAN_StartWithIrq
                0x0800165c       0x38 ./Core/Src/main.o
 .text.HAL_CAN_RxFifo0MsgPendingCallback
                0x08001694       0x16 ./Core/Src/main.o
                0x08001694                HAL_CAN_RxFifo0MsgPendingCallback
 .text.main     0x080016aa       0x46 ./Core/Src/main.o
                0x080016aa                main
 .text.SystemClock_Config
                0x080016f0       0xe8 ./Core/Src/main.o
                0x080016f0                SystemClock_Config
 .text.MPU_Config
                0x080017d8       0x58 ./Core/Src/main.o
 .text.Error_Handler
                0x08001830       0x10 ./Core/Src/main.o
                0x08001830                Error_Handler
 .text.HAL_MspInit
                0x08001840       0x50 ./Core/Src/stm32f7xx_hal_msp.o
                0x08001840                HAL_MspInit
 .text.NMI_Handler
                0x08001890        0x8 ./Core/Src/stm32f7xx_it.o
                0x08001890                NMI_Handler
 .text.HardFault_Handler
                0x08001898        0x8 ./Core/Src/stm32f7xx_it.o
                0x08001898                HardFault_Handler
 .text.MemManage_Handler
                0x080018a0        0x8 ./Core/Src/stm32f7xx_it.o
                0x080018a0                MemManage_Handler
 .text.BusFault_Handler
                0x080018a8        0x8 ./Core/Src/stm32f7xx_it.o
                0x080018a8                BusFault_Handler
 .text.UsageFault_Handler
                0x080018b0        0x8 ./Core/Src/stm32f7xx_it.o
                0x080018b0                UsageFault_Handler
 .text.DebugMon_Handler
                0x080018b8        0xe ./Core/Src/stm32f7xx_it.o
                0x080018b8                DebugMon_Handler
 .text.SysTick_Handler
                0x080018c6       0x1a ./Core/Src/stm32f7xx_it.o
                0x080018c6                SysTick_Handler
 .text.CAN1_RX0_IRQHandler
                0x080018e0       0x14 ./Core/Src/stm32f7xx_it.o
                0x080018e0                CAN1_RX0_IRQHandler
 .text._read    0x080018f4       0x3a ./Core/Src/syscalls.o
                0x080018f4                _read
 .text._close   0x0800192e       0x18 ./Core/Src/syscalls.o
                0x0800192e                _close
 .text._fstat   0x08001946       0x20 ./Core/Src/syscalls.o
                0x08001946                _fstat
 .text._isatty  0x08001966       0x16 ./Core/Src/syscalls.o
                0x08001966                _isatty
 .text._lseek   0x0800197c       0x1a ./Core/Src/syscalls.o
                0x0800197c                _lseek
 *fill*         0x08001996        0x2 
 .text._sbrk    0x08001998       0x6c ./Core/Src/sysmem.o
                0x08001998                _sbrk
 .text.SystemInit
                0x08001a04       0x24 ./Core/Src/system_stm32f7xx.o
                0x08001a04                SystemInit
 .text.UartPkt_Init
                0x08001a28       0x18 ./Core/Src/uart_pkt.o
                0x08001a28                UartPkt_Init
 .text.UartPkt_SendNode32
                0x08001a40       0x80 ./Core/Src/uart_pkt.o
                0x08001a40                UartPkt_SendNode32
 .text.MX_UART4_Init
                0x08001ac0       0x60 ./Core/Src/usart.o
                0x08001ac0                MX_UART4_Init
 .text.MX_USART3_UART_Init
                0x08001b20       0x60 ./Core/Src/usart.o
                0x08001b20                MX_USART3_UART_Init
 .text.HAL_UART_MspInit
                0x08001b80      0x14c ./Core/Src/usart.o
                0x08001b80                HAL_UART_MspInit
 .text.Reset_Handler
                0x08001ccc       0x50 ./Core/Startup/startup_stm32f767zitx.o
                0x08001ccc                Reset_Handler
 .text.Default_Handler
                0x08001d1c        0x2 ./Core/Startup/startup_stm32f767zitx.o
                0x08001d1c                RTC_Alarm_IRQHandler
                0x08001d1c                EXTI2_IRQHandler
                0x08001d1c                TIM8_CC_IRQHandler
                0x08001d1c                UART8_IRQHandler
                0x08001d1c                SPI4_IRQHandler
                0x08001d1c                TIM1_CC_IRQHandler
                0x08001d1c                DMA2_Stream5_IRQHandler
                0x08001d1c                JPEG_IRQHandler
                0x08001d1c                DMA1_Stream5_IRQHandler
                0x08001d1c                CAN3_RX1_IRQHandler
                0x08001d1c                PVD_IRQHandler
                0x08001d1c                TAMP_STAMP_IRQHandler
                0x08001d1c                CAN2_RX1_IRQHandler
                0x08001d1c                EXTI3_IRQHandler
                0x08001d1c                TIM8_TRG_COM_TIM14_IRQHandler
                0x08001d1c                DFSDM1_FLT1_IRQHandler
                0x08001d1c                TIM1_UP_TIM10_IRQHandler
                0x08001d1c                TIM8_UP_TIM13_IRQHandler
                0x08001d1c                I2C3_ER_IRQHandler
                0x08001d1c                DFSDM1_FLT2_IRQHandler
                0x08001d1c                EXTI0_IRQHandler
                0x08001d1c                I2C2_EV_IRQHandler
                0x08001d1c                DMA1_Stream2_IRQHandler
                0x08001d1c                FPU_IRQHandler
                0x08001d1c                OTG_HS_WKUP_IRQHandler
                0x08001d1c                CAN3_SCE_IRQHandler
                0x08001d1c                LTDC_ER_IRQHandler
                0x08001d1c                CAN2_SCE_IRQHandler
                0x08001d1c                DMA2_Stream2_IRQHandler
                0x08001d1c                SPI1_IRQHandler
                0x08001d1c                TIM6_DAC_IRQHandler
                0x08001d1c                TIM1_BRK_TIM9_IRQHandler
                0x08001d1c                DCMI_IRQHandler
                0x08001d1c                CAN2_RX0_IRQHandler
                0x08001d1c                DMA2_Stream3_IRQHandler
                0x08001d1c                SAI2_IRQHandler
                0x08001d1c                DFSDM1_FLT3_IRQHandler
                0x08001d1c                USART6_IRQHandler
                0x08001d1c                CAN3_RX0_IRQHandler
                0x08001d1c                USART3_IRQHandler
                0x08001d1c                CAN1_RX1_IRQHandler
                0x08001d1c                UART5_IRQHandler
                0x08001d1c                DMA2_Stream0_IRQHandler
                0x08001d1c                TIM4_IRQHandler
                0x08001d1c                QUADSPI_IRQHandler
                0x08001d1c                I2C1_EV_IRQHandler
                0x08001d1c                DMA1_Stream6_IRQHandler
                0x08001d1c                DMA1_Stream1_IRQHandler
                0x08001d1c                UART4_IRQHandler
                0x08001d1c                TIM3_IRQHandler
                0x08001d1c                RCC_IRQHandler
                0x08001d1c                TIM8_BRK_TIM12_IRQHandler
                0x08001d1c                Default_Handler
                0x08001d1c                CEC_IRQHandler
                0x08001d1c                EXTI15_10_IRQHandler
                0x08001d1c                ADC_IRQHandler
                0x08001d1c                DMA1_Stream7_IRQHandler
                0x08001d1c                SPI5_IRQHandler
                0x08001d1c                TIM7_IRQHandler
                0x08001d1c                SDMMC1_IRQHandler
                0x08001d1c                CAN2_TX_IRQHandler
                0x08001d1c                TIM5_IRQHandler
                0x08001d1c                DMA2_Stream7_IRQHandler
                0x08001d1c                I2C3_EV_IRQHandler
                0x08001d1c                EXTI9_5_IRQHandler
                0x08001d1c                RTC_WKUP_IRQHandler
                0x08001d1c                LTDC_IRQHandler
                0x08001d1c                ETH_WKUP_IRQHandler
                0x08001d1c                SPDIF_RX_IRQHandler
                0x08001d1c                SPI2_IRQHandler
                0x08001d1c                OTG_HS_EP1_IN_IRQHandler
                0x08001d1c                DMA1_Stream0_IRQHandler
                0x08001d1c                CAN1_TX_IRQHandler
                0x08001d1c                EXTI4_IRQHandler
                0x08001d1c                RNG_IRQHandler
                0x08001d1c                ETH_IRQHandler
                0x08001d1c                OTG_HS_EP1_OUT_IRQHandler
                0x08001d1c                WWDG_IRQHandler
                0x08001d1c                SPI6_IRQHandler
                0x08001d1c                MDIOS_IRQHandler
                0x08001d1c                I2C4_EV_IRQHandler
                0x08001d1c                CAN3_TX_IRQHandler
                0x08001d1c                TIM2_IRQHandler
                0x08001d1c                OTG_FS_WKUP_IRQHandler
                0x08001d1c                TIM1_TRG_COM_TIM11_IRQHandler
                0x08001d1c                OTG_HS_IRQHandler
                0x08001d1c                DMA2D_IRQHandler
                0x08001d1c                EXTI1_IRQHandler
                0x08001d1c                SDMMC2_IRQHandler
                0x08001d1c                UART7_IRQHandler
                0x08001d1c                USART2_IRQHandler
                0x08001d1c                DFSDM1_FLT0_IRQHandler
                0x08001d1c                I2C2_ER_IRQHandler
                0x08001d1c                DMA2_Stream1_IRQHandler
                0x08001d1c                CAN1_SCE_IRQHandler
                0x08001d1c                FLASH_IRQHandler
                0x08001d1c                DMA2_Stream4_IRQHandler
                0x08001d1c                USART1_IRQHandler
                0x08001d1c                OTG_FS_IRQHandler
                0x08001d1c                SPI3_IRQHandler
                0x08001d1c                DMA1_Stream4_IRQHandler
                0x08001d1c                I2C1_ER_IRQHandler
                0x08001d1c                FMC_IRQHandler
                0x08001d1c                LPTIM1_IRQHandler
                0x08001d1c                I2C4_ER_IRQHandler
                0x08001d1c                DMA2_Stream6_IRQHandler
                0x08001d1c                SAI1_IRQHandler
                0x08001d1c                DMA1_Stream3_IRQHandler
 .text.HAL_Init
                0x08001d1e       0x1a ./Drivers/STM32F7xx_HAL_Driver/Src/stm32f7xx_hal.o
                0x08001d1e                HAL_Init
 .text.HAL_InitTick
                0x08001d38       0x60 ./Drivers/STM32F7xx_HAL_Driver/Src/stm32f7xx_hal.o
                0x08001d38                HAL_InitTick
 .text.HAL_IncTick
                0x08001d98       0x28 ./Drivers/STM32F7xx_HAL_Driver/Src/stm32f7xx_hal.o
                0x08001d98                HAL_IncTick
 .text.HAL_GetTick
                0x08001dc0       0x18 ./Drivers/STM32F7xx_HAL_Driver/Src/stm32f7xx_hal.o
                0x08001dc0                HAL_GetTick
 .text.HAL_Delay
                0x08001dd8       0x48 ./Drivers/STM32F7xx_HAL_Driver/Src/stm32f7xx_hal.o
                0x08001dd8                HAL_Delay
 .text.HAL_CAN_Init
                0x08001e20      0x1f6 ./Drivers/STM32F7xx_HAL_Driver/Src/stm32f7xx_hal_can.o
                0x08001e20                HAL_CAN_Init
 *fill*         0x08002016        0x2 
 .text.HAL_CAN_ConfigFilter
                0x08002018      0x1d8 ./Drivers/STM32F7xx_HAL_Driver/Src/stm32f7xx_hal_can.o
                0x08002018                HAL_CAN_ConfigFilter
 .text.HAL_CAN_Start
                0x080021f0       0x88 ./Drivers/STM32F7xx_HAL_Driver/Src/stm32f7xx_hal_can.o
                0x080021f0                HAL_CAN_Start
 .text.HAL_CAN_AddTxMessage
                0x08002278      0x1a0 ./Drivers/STM32F7xx_HAL_Driver/Src/stm32f7xx_hal_can.o
                0x08002278                HAL_CAN_AddTxMessage
 .text.HAL_CAN_GetTxMailboxesFreeLevel
                0x08002418       0x6a ./Drivers/STM32F7xx_HAL_Driver/Src/stm32f7xx_hal_can.o
                0x08002418                HAL_CAN_GetTxMailboxesFreeLevel
 .text.HAL_CAN_GetRxMessage
                0x08002482      0x244 ./Drivers/STM32F7xx_HAL_Driver/Src/stm32f7xx_hal_can.o
                0x08002482                HAL_CAN_GetRxMessage
 .text.HAL_CAN_GetRxFifoFillLevel
                0x080026c6       0x50 ./Drivers/STM32F7xx_HAL_Driver/Src/stm32f7xx_hal_can.o
                0x080026c6                HAL_CAN_GetRxFifoFillLevel
 .text.HAL_CAN_ActivateNotification
                0x08002716       0x4c ./Drivers/STM32F7xx_HAL_Driver/Src/stm32f7xx_hal_can.o
                0x08002716                HAL_CAN_ActivateNotification
 .text.HAL_CAN_IRQHandler
                0x08002762      0x36e ./Drivers/STM32F7xx_HAL_Driver/Src/stm32f7xx_hal_can.o
                0x08002762                HAL_CAN_IRQHandler
 .text.HAL_CAN_TxMailbox0CompleteCallback
                0x08002ad0       0x14 ./Drivers/STM32F7xx_HAL_Driver/Src/stm32f7xx_hal_can.o
                0x08002ad0                HAL_CAN_TxMailbox0CompleteCallback
 .text.HAL_CAN_TxMailbox1CompleteCallback
                0x08002ae4       0x14 ./Drivers/STM32F7xx_HAL_Driver/Src/stm32f7xx_hal_can.o
                0x08002ae4                HAL_CAN_TxMailbox1CompleteCallback
 .text.HAL_CAN_TxMailbox2CompleteCallback
                0x08002af8       0x14 ./Drivers/STM32F7xx_HAL_Driver/Src/stm32f7xx_hal_can.o
                0x08002af8                HAL_CAN_TxMailbox2CompleteCallback
 .text.HAL_CAN_TxMailbox0AbortCallback
                0x08002b0c       0x14 ./Drivers/STM32F7xx_HAL_Driver/Src/stm32f7xx_hal_can.o
                0x08002b0c                HAL_CAN_TxMailbox0AbortCallback
 .text.HAL_CAN_TxMailbox1AbortCallback
                0x08002b20       0x14 ./Drivers/STM32F7xx_HAL_Driver/Src/stm32f7xx_hal_can.o
                0x08002b20                HAL_CAN_TxMailbox1AbortCallback
 .text.HAL_CAN_TxMailbox2AbortCallback
                0x08002b34       0x14 ./Drivers/STM32F7xx_HAL_Driver/Src/stm32f7xx_hal_can.o
                0x08002b34                HAL_CAN_TxMailbox2AbortCallback
 .text.HAL_CAN_RxFifo0FullCallback
                0x08002b48       0x14 ./Drivers/STM32F7xx_HAL_Driver/Src/stm32f7xx_hal_can.o
                0x08002b48                HAL_CAN_RxFifo0FullCallback
 .text.HAL_CAN_RxFifo1MsgPendingCallback
                0x08002b5c       0x14 ./Drivers/STM32F7xx_HAL_Driver/Src/stm32f7xx_hal_can.o
                0x08002b5c                HAL_CAN_RxFifo1MsgPendingCallback
 .text.HAL_CAN_RxFifo1FullCallback
                0x08002b70       0x14 ./Drivers/STM32F7xx_HAL_Driver/Src/stm32f7xx_hal_can.o
                0x08002b70                HAL_CAN_RxFifo1FullCallback
 .text.HAL_CAN_SleepCallback
                0x08002b84       0x14 ./Drivers/STM32F7xx_HAL_Driver/Src/stm32f7xx_hal_can.o
                0x08002b84                HAL_CAN_SleepCallback
 .text.HAL_CAN_WakeUpFromRxMsgCallback
                0x08002b98       0x14 ./Drivers/STM32F7xx_HAL_Driver/Src/stm32f7xx_hal_can.o
                0x08002b98                HAL_CAN_WakeUpFromRxMsgCallback
 .text.HAL_CAN_ErrorCallback
                0x08002bac       0x14 ./Drivers/STM32F7xx_HAL_Driver/Src/stm32f7xx_hal_can.o
                0x08002bac                HAL_CAN_ErrorCallback
 .text.HAL_CAN_GetError
                0x08002bc0       0x18 ./Drivers/STM32F7xx_HAL_Driver/Src/stm32f7xx_hal_can.o
                0x08002bc0                HAL_CAN_GetError
 .text.__NVIC_SetPriorityGrouping
                0x08002bd8       0x48 ./Drivers/STM32F7xx_HAL_Driver/Src/stm32f7xx_hal_cortex.o
 .text.__NVIC_GetPriorityGrouping
                0x08002c20       0x1c ./Drivers/STM32F7xx_HAL_Driver/Src/stm32f7xx_hal_cortex.o
 .text.__NVIC_EnableIRQ
                0x08002c3c       0x3c ./Drivers/STM32F7xx_HAL_Driver/Src/stm32f7xx_hal_cortex.o
 .text.__NVIC_SetPriority
                0x08002c78       0x54 ./Drivers/STM32F7xx_HAL_Driver/Src/stm32f7xx_hal_cortex.o
 .text.NVIC_EncodePriority
                0x08002ccc       0x66 ./Drivers/STM32F7xx_HAL_Driver/Src/stm32f7xx_hal_cortex.o
 *fill*         0x08002d32        0x2 
 .text.SysTick_Config
                0x08002d34       0x44 ./Drivers/STM32F7xx_HAL_Driver/Src/stm32f7xx_hal_cortex.o
 .text.HAL_NVIC_SetPriorityGrouping
                0x08002d78       0x16 ./Drivers/STM32F7xx_HAL_Driver/Src/stm32f7xx_hal_cortex.o
                0x08002d78                HAL_NVIC_SetPriorityGrouping
 .text.HAL_NVIC_SetPriority
                0x08002d8e       0x38 ./Drivers/STM32F7xx_HAL_Driver/Src/stm32f7xx_hal_cortex.o
                0x08002d8e                HAL_NVIC_SetPriority
 .text.HAL_NVIC_EnableIRQ
                0x08002dc6       0x1c ./Drivers/STM32F7xx_HAL_Driver/Src/stm32f7xx_hal_cortex.o
                0x08002dc6                HAL_NVIC_EnableIRQ
 .text.HAL_SYSTICK_Config
                0x08002de2       0x18 ./Drivers/STM32F7xx_HAL_Driver/Src/stm32f7xx_hal_cortex.o
                0x08002de2                HAL_SYSTICK_Config
 *fill*         0x08002dfa        0x2 
 .text.HAL_MPU_Disable
                0x08002dfc       0x30 ./Drivers/STM32F7xx_HAL_Driver/Src/stm32f7xx_hal_cortex.o
                0x08002dfc                HAL_MPU_Disable
 .text.HAL_MPU_Enable
                0x08002e2c       0x40 ./Drivers/STM32F7xx_HAL_Driver/Src/stm32f7xx_hal_cortex.o
                0x08002e2c                HAL_MPU_Enable
 .text.HAL_MPU_ConfigRegion
                0x08002e6c       0x80 ./Drivers/STM32F7xx_HAL_Driver/Src/stm32f7xx_hal_cortex.o
                0x08002e6c                HAL_MPU_ConfigRegion
 .text.HAL_GPIO_Init
                0x08002eec      0x358 ./Drivers/STM32F7xx_HAL_Driver/Src/stm32f7xx_hal_gpio.o
                0x08002eec                HAL_GPIO_Init
 .text.HAL_GPIO_WritePin
                0x08003244       0x32 ./Drivers/STM32F7xx_HAL_Driver/Src/stm32f7xx_hal_gpio.o
                0x08003244                HAL_GPIO_WritePin
 .text.HAL_GPIO_TogglePin
                0x08003276       0x34 ./Drivers/STM32F7xx_HAL_Driver/Src/stm32f7xx_hal_gpio.o
                0x08003276                HAL_GPIO_TogglePin
 *fill*         0x080032aa        0x2 
 .text.HAL_PWR_EnableBkUpAccess
                0x080032ac       0x20 ./Drivers/STM32F7xx_HAL_Driver/Src/stm32f7xx_hal_pwr.o
                0x080032ac                HAL_PWR_EnableBkUpAccess
 .text.HAL_PWREx_EnableOverDrive
                0x080032cc       0xa0 ./Drivers/STM32F7xx_HAL_Driver/Src/stm32f7xx_hal_pwr_ex.o
                0x080032cc                HAL_PWREx_EnableOverDrive
 .text.HAL_RCC_OscConfig
                0x0800336c      0x55c ./Drivers/STM32F7xx_HAL_Driver/Src/stm32f7xx_hal_rcc.o
                0x0800336c                HAL_RCC_OscConfig
 .text.HAL_RCC_ClockConfig
                0x080038c8      0x1d8 ./Drivers/STM32F7xx_HAL_Driver/Src/stm32f7xx_hal_rcc.o
                0x080038c8                HAL_RCC_ClockConfig
 .text.HAL_RCC_GetSysClockFreq
                0x08003aa0      0x20c ./Drivers/STM32F7xx_HAL_Driver/Src/stm32f7xx_hal_rcc.o
                0x08003aa0                HAL_RCC_GetSysClockFreq
 .text.HAL_RCC_GetHCLKFreq
                0x08003cac       0x18 ./Drivers/STM32F7xx_HAL_Driver/Src/stm32f7xx_hal_rcc.o
                0x08003cac                HAL_RCC_GetHCLKFreq
 .text.HAL_RCC_GetPCLK1Freq
                0x08003cc4       0x28 ./Drivers/STM32F7xx_HAL_Driver/Src/stm32f7xx_hal_rcc.o
                0x08003cc4                HAL_RCC_GetPCLK1Freq
 .text.HAL_RCC_GetPCLK2Freq
                0x08003cec       0x28 ./Drivers/STM32F7xx_HAL_Driver/Src/stm32f7xx_hal_rcc.o
                0x08003cec                HAL_RCC_GetPCLK2Freq
 .text.HAL_RCCEx_PeriphCLKConfig
                0x08003d14      0x850 ./Drivers/STM32F7xx_HAL_Driver/Src/stm32f7xx_hal_rcc_ex.o
                0x08003d14                HAL_RCCEx_PeriphCLKConfig
 .text.HAL_UART_Init
                0x08004564       0x9c ./Drivers/STM32F7xx_HAL_Driver/Src/stm32f7xx_hal_uart.o
                0x08004564                HAL_UART_Init
 .text.HAL_UART_Transmit
                0x08004600      0x112 ./Drivers/STM32F7xx_HAL_Driver/Src/stm32f7xx_hal_uart.o
                0x08004600                HAL_UART_Transmit
 *fill*         0x08004712        0x2 
 .text.UART_SetConfig
                0x08004714      0x4c8 ./Drivers/STM32F7xx_HAL_Driver/Src/stm32f7xx_hal_uart.o
                0x08004714                UART_SetConfig
 .text.UART_AdvFeatureConfig
                0x08004bdc      0x144 ./Drivers/STM32F7xx_HAL_Driver/Src/stm32f7xx_hal_uart.o
                0x08004bdc                UART_AdvFeatureConfig
 .text.UART_CheckIdleState
                0x08004d20      0x150 ./Drivers/STM32F7xx_HAL_Driver/Src/stm32f7xx_hal_uart.o
                0x08004d20                UART_CheckIdleState
 .text.UART_WaitOnFlagUntilTimeout
                0x08004e70       0xda ./Drivers/STM32F7xx_HAL_Driver/Src/stm32f7xx_hal_uart.o
                0x08004e70                UART_WaitOnFlagUntilTimeout
 .text.UART_EndRxTransfer
                0x08004f4a       0xc8 ./Drivers/STM32F7xx_HAL_Driver/Src/stm32f7xx_hal_uart.o
 .text.SVC_Setup
                0x08005012        0xe ./Middlewares/Third_Party/FreeRTOS/Source/CMSIS_RTOS_V2/cmsis_os2.o
 .text.osKernelInitialize
                0x08005020       0x68 ./Middlewares/Third_Party/FreeRTOS/Source/CMSIS_RTOS_V2/cmsis_os2.o
                0x08005020                osKernelInitialize
 .text.osKernelStart
                0x08005088       0x6c ./Middlewares/Third_Party/FreeRTOS/Source/CMSIS_RTOS_V2/cmsis_os2.o
                0x08005088                osKernelStart
 .text.osThreadNew
                0x080050f4      0x14c ./Middlewares/Third_Party/FreeRTOS/Source/CMSIS_RTOS_V2/cmsis_os2.o
                0x080050f4                osThreadNew
 .text.osDelay  0x08005240       0x5c ./Middlewares/Third_Party/FreeRTOS/Source/CMSIS_RTOS_V2/cmsis_os2.o
                0x08005240                osDelay
 .text.vApplicationGetIdleTaskMemory
                0x0800529c       0x34 ./Middlewares/Third_Party/FreeRTOS/Source/CMSIS_RTOS_V2/cmsis_os2.o
                0x0800529c                vApplicationGetIdleTaskMemory
 .text.vApplicationGetTimerTaskMemory
                0x080052d0       0x34 ./Middlewares/Third_Party/FreeRTOS/Source/CMSIS_RTOS_V2/cmsis_os2.o
                0x080052d0                vApplicationGetTimerTaskMemory
 .text.vListInitialise
                0x08005304       0x40 ./Middlewares/Third_Party/FreeRTOS/Source/list.o
                0x08005304                vListInitialise
 .text.vListInitialiseItem
                0x08005344       0x1a ./Middlewares/Third_Party/FreeRTOS/Source/list.o
                0x08005344                vListInitialiseItem
 .text.vListInsertEnd
                0x0800535e       0x48 ./Middlewares/Third_Party/FreeRTOS/Source/list.o
                0x0800535e                vListInsertEnd
 .text.vListInsert
                0x080053a6       0x72 ./Middlewares/Third_Party/FreeRTOS/Source/list.o
                0x080053a6                vListInsert
 .text.uxListRemove
                0x08005418       0x54 ./Middlewares/Third_Party/FreeRTOS/Source/list.o
                0x08005418                uxListRemove
 .text.xQueueGenericReset
                0x0800546c       0xd8 ./Middlewares/Third_Party/FreeRTOS/Source/queue.o
                0x0800546c                xQueueGenericReset
 .text.xQueueGenericCreateStatic
                0x08005544      0x10e ./Middlewares/Third_Party/FreeRTOS/Source/queue.o
                0x08005544                xQueueGenericCreateStatic
 .text.xQueueGenericCreate
                0x08005652       0x86 ./Middlewares/Third_Party/FreeRTOS/Source/queue.o
                0x08005652                xQueueGenericCreate
 .text.prvInitialiseNewQueue
                0x080056d8       0x46 ./Middlewares/Third_Party/FreeRTOS/Source/queue.o
 *fill*         0x0800571e        0x2 
 .text.xQueueGenericSend
                0x08005720      0x214 ./Middlewares/Third_Party/FreeRTOS/Source/queue.o
                0x08005720                xQueueGenericSend
 .text.xQueueGenericSendFromISR
                0x08005934      0x146 ./Middlewares/Third_Party/FreeRTOS/Source/queue.o
                0x08005934                xQueueGenericSendFromISR
 *fill*         0x08005a7a        0x2 
 .text.xQueueReceive
                0x08005a7c      0x1d0 ./Middlewares/Third_Party/FreeRTOS/Source/queue.o
                0x08005a7c                xQueueReceive
 .text.prvCopyDataToQueue
                0x08005c4c       0xd4 ./Middlewares/Third_Party/FreeRTOS/Source/queue.o
 .text.prvCopyDataFromQueue
                0x08005d20       0x4c ./Middlewares/Third_Party/FreeRTOS/Source/queue.o
 .text.prvUnlockQueue
                0x08005d6c       0xa4 ./Middlewares/Third_Party/FreeRTOS/Source/queue.o
 .text.prvIsQueueEmpty
                0x08005e10       0x2c ./Middlewares/Third_Party/FreeRTOS/Source/queue.o
 .text.prvIsQueueFull
                0x08005e3c       0x30 ./Middlewares/Third_Party/FreeRTOS/Source/queue.o
 .text.vQueueAddToRegistry
                0x08005e6c       0x54 ./Middlewares/Third_Party/FreeRTOS/Source/queue.o
                0x08005e6c                vQueueAddToRegistry
 .text.vQueueWaitForMessageRestricted
                0x08005ec0       0x68 ./Middlewares/Third_Party/FreeRTOS/Source/queue.o
                0x08005ec0                vQueueWaitForMessageRestricted
 .text.xTaskCreateStatic
                0x08005f28       0xcc ./Middlewares/Third_Party/FreeRTOS/Source/tasks.o
                0x08005f28                xTaskCreateStatic
 .text.xTaskCreate
                0x08005ff4       0x8a ./Middlewares/Third_Party/FreeRTOS/Source/tasks.o
                0x08005ff4                xTaskCreate
 .text.prvInitialiseNewTask
                0x0800607e      0x124 ./Middlewares/Third_Party/FreeRTOS/Source/tasks.o
 *fill*         0x080061a2        0x2 
 .text.prvAddNewTaskToReadyList
                0x080061a4       0xe0 ./Middlewares/Third_Party/FreeRTOS/Source/tasks.o
 .text.vTaskDelay
                0x08006284       0x70 ./Middlewares/Third_Party/FreeRTOS/Source/tasks.o
                0x08006284                vTaskDelay
 .text.vTaskStartScheduler
                0x080062f4       0xd8 ./Middlewares/Third_Party/FreeRTOS/Source/tasks.o
                0x080062f4                vTaskStartScheduler
 .text.vTaskSuspendAll
                0x080063cc       0x1c ./Middlewares/Third_Party/FreeRTOS/Source/tasks.o
                0x080063cc                vTaskSuspendAll
 .text.xTaskResumeAll
                0x080063e8      0x140 ./Middlewares/Third_Party/FreeRTOS/Source/tasks.o
                0x080063e8                xTaskResumeAll
 .text.xTaskGetTickCount
                0x08006528       0x20 ./Middlewares/Third_Party/FreeRTOS/Source/tasks.o
                0x08006528                xTaskGetTickCount
 .text.xTaskIncrementTick
                0x08006548      0x178 ./Middlewares/Third_Party/FreeRTOS/Source/tasks.o
                0x08006548                xTaskIncrementTick
 .text.vTaskSwitchContext
                0x080066c0       0xc0 ./Middlewares/Third_Party/FreeRTOS/Source/tasks.o
                0x080066c0                vTaskSwitchContext
 .text.vTaskPlaceOnEventList
                0x08006780       0x50 ./Middlewares/Third_Party/FreeRTOS/Source/tasks.o
                0x08006780                vTaskPlaceOnEventList
 .text.vTaskPlaceOnEventListRestricted
                0x080067d0       0x5c ./Middlewares/Third_Party/FreeRTOS/Source/tasks.o
                0x080067d0                vTaskPlaceOnEventListRestricted
 .text.xTaskRemoveFromEventList
                0x0800682c       0xcc ./Middlewares/Third_Party/FreeRTOS/Source/tasks.o
                0x0800682c                xTaskRemoveFromEventList
 .text.vTaskInternalSetTimeOutState
                0x080068f8       0x2c ./Middlewares/Third_Party/FreeRTOS/Source/tasks.o
                0x080068f8                vTaskInternalSetTimeOutState
 .text.xTaskCheckForTimeOut
                0x08006924       0xd0 ./Middlewares/Third_Party/FreeRTOS/Source/tasks.o
                0x08006924                xTaskCheckForTimeOut
 .text.vTaskMissedYield
                0x080069f4       0x18 ./Middlewares/Third_Party/FreeRTOS/Source/tasks.o
                0x080069f4                vTaskMissedYield
 .text.prvIdleTask
                0x08006a0c       0x30 ./Middlewares/Third_Party/FreeRTOS/Source/tasks.o
 .text.prvInitialiseTaskLists
                0x08006a3c       0x80 ./Middlewares/Third_Party/FreeRTOS/Source/tasks.o
 .text.prvCheckTasksWaitingTermination
                0x08006abc       0x5c ./Middlewares/Third_Party/FreeRTOS/Source/tasks.o
 .text.prvDeleteTCB
                0x08006b18       0x64 ./Middlewares/Third_Party/FreeRTOS/Source/tasks.o
 .text.prvResetNextTaskUnblockTime
                0x08006b7c       0x40 ./Middlewares/Third_Party/FreeRTOS/Source/tasks.o
 .text.xTaskGetSchedulerState
                0x08006bbc       0x3c ./Middlewares/Third_Party/FreeRTOS/Source/tasks.o
                0x08006bbc                xTaskGetSchedulerState
 .text.xTaskPriorityDisinherit
                0x08006bf8       0xe8 ./Middlewares/Third_Party/FreeRTOS/Source/tasks.o
                0x08006bf8                xTaskPriorityDisinherit
 .text.prvAddCurrentTaskToDelayedList
                0x08006ce0       0xa8 ./Middlewares/Third_Party/FreeRTOS/Source/tasks.o
 .text.xTimerCreateTimerTask
                0x08006d88       0x98 ./Middlewares/Third_Party/FreeRTOS/Source/timers.o
                0x08006d88                xTimerCreateTimerTask
 .text.xTimerGenericCommand
                0x08006e20       0xa0 ./Middlewares/Third_Party/FreeRTOS/Source/timers.o
                0x08006e20                xTimerGenericCommand
 .text.prvProcessExpiredTimer
                0x08006ec0       0xa0 ./Middlewares/Third_Party/FreeRTOS/Source/timers.o
 .text.prvTimerTask
                0x08006f60       0x26 ./Middlewares/Third_Party/FreeRTOS/Source/timers.o
 *fill*         0x08006f86        0x2 
 .text.prvProcessTimerOrBlockTask
                0x08006f88       0x9c ./Middlewares/Third_Party/FreeRTOS/Source/timers.o
 .text.prvGetNextExpireTime
                0x08007024       0x48 ./Middlewares/Third_Party/FreeRTOS/Source/timers.o
 .text.prvSampleTimeNow
                0x0800706c       0x40 ./Middlewares/Third_Party/FreeRTOS/Source/timers.o
 .text.prvInsertTimerInActiveList
                0x080070ac       0x84 ./Middlewares/Third_Party/FreeRTOS/Source/timers.o
 .text.prvProcessReceivedCommands
                0x08007130      0x1d8 ./Middlewares/Third_Party/FreeRTOS/Source/timers.o
 .text.prvSwitchTimerLists
                0x08007308       0xd0 ./Middlewares/Third_Party/FreeRTOS/Source/timers.o
 .text.prvCheckForValidListAndQueue
                0x080073d8       0x80 ./Middlewares/Third_Party/FreeRTOS/Source/timers.o
 .text.pxPortInitialiseStack
                0x08007458       0x68 ./Middlewares/Third_Party/FreeRTOS/Source/portable/GCC/ARM_CM7/r0p1/port.o
                0x08007458                pxPortInitialiseStack
 .text.prvTaskExitError
                0x080074c0       0x64 ./Middlewares/Third_Party/FreeRTOS/Source/portable/GCC/ARM_CM7/r0p1/port.o
 *fill*         0x08007524        0xc 
 .text.SVC_Handler
                0x08007530       0x28 ./Middlewares/Third_Party/FreeRTOS/Source/portable/GCC/ARM_CM7/r0p1/port.o
                0x08007530                SVC_Handler
 .text.prvPortStartFirstTask
                0x08007558       0x28 ./Middlewares/Third_Party/FreeRTOS/Source/portable/GCC/ARM_CM7/r0p1/port.o
 .text.xPortStartScheduler
                0x08007580       0xfc ./Middlewares/Third_Party/FreeRTOS/Source/portable/GCC/ARM_CM7/r0p1/port.o
                0x08007580                xPortStartScheduler
 .text.vPortEnterCritical
                0x0800767c       0x6c ./Middlewares/Third_Party/FreeRTOS/Source/portable/GCC/ARM_CM7/r0p1/port.o
                0x0800767c                vPortEnterCritical
 .text.vPortExitCritical
                0x080076e8       0x58 ./Middlewares/Third_Party/FreeRTOS/Source/portable/GCC/ARM_CM7/r0p1/port.o
                0x080076e8                vPortExitCritical
 .text.PendSV_Handler
                0x08007740       0x68 ./Middlewares/Third_Party/FreeRTOS/Source/portable/GCC/ARM_CM7/r0p1/port.o
                0x08007740                PendSV_Handler
 .text.xPortSysTickHandler
                0x080077a8       0x48 ./Middlewares/Third_Party/FreeRTOS/Source/portable/GCC/ARM_CM7/r0p1/port.o
                0x080077a8                xPortSysTickHandler
 .text.vPortSetupTimerInterrupt
                0x080077f0       0x48 ./Middlewares/Third_Party/FreeRTOS/Source/portable/GCC/ARM_CM7/r0p1/port.o
                0x080077f0                vPortSetupTimerInterrupt
 .text.vPortEnableVFP
                0x08007838       0x14 ./Middlewares/Third_Party/FreeRTOS/Source/portable/GCC/ARM_CM7/r0p1/port.o
 .text.vPortValidateInterruptPriority
                0x0800784c       0x8c ./Middlewares/Third_Party/FreeRTOS/Source/portable/GCC/ARM_CM7/r0p1/port.o
                0x0800784c                vPortValidateInterruptPriority
 .text.pvPortMalloc
                0x080078d8      0x19c ./Middlewares/Third_Party/FreeRTOS/Source/portable/MemMang/heap_4.o
                0x080078d8                pvPortMalloc
 .text.vPortFree
                0x08007a74       0xc0 ./Middlewares/Third_Party/FreeRTOS/Source/portable/MemMang/heap_4.o
                0x08007a74                vPortFree
 .text.prvHeapInit
                0x08007b34       0xc4 ./Middlewares/Third_Party/FreeRTOS/Source/portable/MemMang/heap_4.o
 .text.prvInsertBlockIntoFreeList
                0x08007bf8       0xb4 ./Middlewares/Third_Party/FreeRTOS/Source/portable/MemMang/heap_4.o
 .text.std      0x08007cac       0x6c C:/ST/STM32CubeIDE_1.17.0/STM32CubeIDE/plugins/com.st.stm32cube.ide.mcu.externaltools.gnu-tools-for-stm32.12.3.rel1.win32_1.1.0.202410251130/tools/bin/../lib/gcc/arm-none-eabi/12.3.1/../../../../arm-none-eabi/lib/thumb/v7e-m+dp/hard\libc_nano.a(libc_a-findfp.o)
 .text.stdio_exit_handler
                0x08007d18       0x18 C:/ST/STM32CubeIDE_1.17.0/STM32CubeIDE/plugins/com.st.stm32cube.ide.mcu.externaltools.gnu-tools-for-stm32.12.3.rel1.win32_1.1.0.202410251130/tools/bin/../lib/gcc/arm-none-eabi/12.3.1/../../../../arm-none-eabi/lib/thumb/v7e-m+dp/hard\libc_nano.a(libc_a-findfp.o)
 .text.cleanup_stdio
                0x08007d30       0x40 C:/ST/STM32CubeIDE_1.17.0/STM32CubeIDE/plugins/com.st.stm32cube.ide.mcu.externaltools.gnu-tools-for-stm32.12.3.rel1.win32_1.1.0.202410251130/tools/bin/../lib/gcc/arm-none-eabi/12.3.1/../../../../arm-none-eabi/lib/thumb/v7e-m+dp/hard\libc_nano.a(libc_a-findfp.o)
 .text.global_stdio_init.part.0
                0x08007d70       0x3c C:/ST/STM32CubeIDE_1.17.0/STM32CubeIDE/plugins/com.st.stm32cube.ide.mcu.externaltools.gnu-tools-for-stm32.12.3.rel1.win32_1.1.0.202410251130/tools/bin/../lib/gcc/arm-none-eabi/12.3.1/../../../../arm-none-eabi/lib/thumb/v7e-m+dp/hard\libc_nano.a(libc_a-findfp.o)
 .text.__sfp_lock_acquire
                0x08007dac        0xc C:/ST/STM32CubeIDE_1.17.0/STM32CubeIDE/plugins/com.st.stm32cube.ide.mcu.externaltools.gnu-tools-for-stm32.12.3.rel1.win32_1.1.0.202410251130/tools/bin/../lib/gcc/arm-none-eabi/12.3.1/../../../../arm-none-eabi/lib/thumb/v7e-m+dp/hard\libc_nano.a(libc_a-findfp.o)
                0x08007dac                __sfp_lock_acquire
 .text.__sfp_lock_release
                0x08007db8        0xc C:/ST/STM32CubeIDE_1.17.0/STM32CubeIDE/plugins/com.st.stm32cube.ide.mcu.externaltools.gnu-tools-for-stm32.12.3.rel1.win32_1.1.0.202410251130/tools/bin/../lib/gcc/arm-none-eabi/12.3.1/../../../../arm-none-eabi/lib/thumb/v7e-m+dp/hard\libc_nano.a(libc_a-findfp.o)
                0x08007db8                __sfp_lock_release
 .text.__sinit  0x08007dc4       0x30 C:/ST/STM32CubeIDE_1.17.0/STM32CubeIDE/plugins/com.st.stm32cube.ide.mcu.externaltools.gnu-tools-for-stm32.12.3.rel1.win32_1.1.0.202410251130/tools/bin/../lib/gcc/arm-none-eabi/12.3.1/../../../../arm-none-eabi/lib/thumb/v7e-m+dp/hard\libc_nano.a(libc_a-findfp.o)
                0x08007dc4                __sinit
 .text._fwalk_sglue
                0x08007df4       0x3c C:/ST/STM32CubeIDE_1.17.0/STM32CubeIDE/plugins/com.st.stm32cube.ide.mcu.externaltools.gnu-tools-for-stm32.12.3.rel1.win32_1.1.0.202410251130/tools/bin/../lib/gcc/arm-none-eabi/12.3.1/../../../../arm-none-eabi/lib/thumb/v7e-m+dp/hard\libc_nano.a(libc_a-fwalk.o)
                0x08007df4                _fwalk_sglue
 .text.printf   0x08007e30       0x24 C:/ST/STM32CubeIDE_1.17.0/STM32CubeIDE/plugins/com.st.stm32cube.ide.mcu.externaltools.gnu-tools-for-stm32.12.3.rel1.win32_1.1.0.202410251130/tools/bin/../lib/gcc/arm-none-eabi/12.3.1/../../../../arm-none-eabi/lib/thumb/v7e-m+dp/hard\libc_nano.a(libc_a-printf.o)
                0x08007e30                iprintf
                0x08007e30                printf
 .text._puts_r  0x08007e54       0xaa C:/ST/STM32CubeIDE_1.17.0/STM32CubeIDE/plugins/com.st.stm32cube.ide.mcu.externaltools.gnu-tools-for-stm32.12.3.rel1.win32_1.1.0.202410251130/tools/bin/../lib/gcc/arm-none-eabi/12.3.1/../../../../arm-none-eabi/lib/thumb/v7e-m+dp/hard\libc_nano.a(libc_a-puts.o)
                0x08007e54                _puts_r
 *fill*         0x08007efe        0x2 
 .text.puts     0x08007f00       0x10 C:/ST/STM32CubeIDE_1.17.0/STM32CubeIDE/plugins/com.st.stm32cube.ide.mcu.externaltools.gnu-tools-for-stm32.12.3.rel1.win32_1.1.0.202410251130/tools/bin/../lib/gcc/arm-none-eabi/12.3.1/../../../../arm-none-eabi/lib/thumb/v7e-m+dp/hard\libc_nano.a(libc_a-puts.o)
                0x08007f00                puts
 .text.__sread  0x08007f10       0x22 C:/ST/STM32CubeIDE_1.17.0/STM32CubeIDE/plugins/com.st.stm32cube.ide.mcu.externaltools.gnu-tools-for-stm32.12.3.rel1.win32_1.1.0.202410251130/tools/bin/../lib/gcc/arm-none-eabi/12.3.1/../../../../arm-none-eabi/lib/thumb/v7e-m+dp/hard\libc_nano.a(libc_a-stdio.o)
                0x08007f10                __sread
 .text.__swrite
                0x08007f32       0x38 C:/ST/STM32CubeIDE_1.17.0/STM32CubeIDE/plugins/com.st.stm32cube.ide.mcu.externaltools.gnu-tools-for-stm32.12.3.rel1.win32_1.1.0.202410251130/tools/bin/../lib/gcc/arm-none-eabi/12.3.1/../../../../arm-none-eabi/lib/thumb/v7e-m+dp/hard\libc_nano.a(libc_a-stdio.o)
                0x08007f32                __swrite
 .text.__sseek  0x08007f6a       0x24 C:/ST/STM32CubeIDE_1.17.0/STM32CubeIDE/plugins/com.st.stm32cube.ide.mcu.externaltools.gnu-tools-for-stm32.12.3.rel1.win32_1.1.0.202410251130/tools/bin/../lib/gcc/arm-none-eabi/12.3.1/../../../../arm-none-eabi/lib/thumb/v7e-m+dp/hard\libc_nano.a(libc_a-stdio.o)
                0x08007f6a                __sseek
 .text.__sclose
                0x08007f8e        0x8 C:/ST/STM32CubeIDE_1.17.0/STM32CubeIDE/plugins/com.st.stm32cube.ide.mcu.externaltools.gnu-tools-for-stm32.12.3.rel1.win32_1.1.0.202410251130/tools/bin/../lib/gcc/arm-none-eabi/12.3.1/../../../../arm-none-eabi/lib/thumb/v7e-m+dp/hard\libc_nano.a(libc_a-stdio.o)
                0x08007f8e                __sclose
 .text.__swbuf_r
                0x08007f96       0x7c C:/ST/STM32CubeIDE_1.17.0/STM32CubeIDE/plugins/com.st.stm32cube.ide.mcu.externaltools.gnu-tools-for-stm32.12.3.rel1.win32_1.1.0.202410251130/tools/bin/../lib/gcc/arm-none-eabi/12.3.1/../../../../arm-none-eabi/lib/thumb/v7e-m+dp/hard\libc_nano.a(libc_a-wbuf.o)
                0x08007f96                __swbuf_r
 *fill*         0x08008012        0x2 
 .text.__swsetup_r
                0x08008014       0xac C:/ST/STM32CubeIDE_1.17.0/STM32CubeIDE/plugins/com.st.stm32cube.ide.mcu.externaltools.gnu-tools-for-stm32.12.3.rel1.win32_1.1.0.202410251130/tools/bin/../lib/gcc/arm-none-eabi/12.3.1/../../../../arm-none-eabi/lib/thumb/v7e-m+dp/hard\libc_nano.a(libc_a-wsetup.o)
                0x08008014                __swsetup_r
 .text.memset   0x080080c0       0x10 C:/ST/STM32CubeIDE_1.17.0/STM32CubeIDE/plugins/com.st.stm32cube.ide.mcu.externaltools.gnu-tools-for-stm32.12.3.rel1.win32_1.1.0.202410251130/tools/bin/../lib/gcc/arm-none-eabi/12.3.1/../../../../arm-none-eabi/lib/thumb/v7e-m+dp/hard\libc_nano.a(libc_a-memset.o)
                0x080080c0                memset
 .text._close_r
                0x080080d0       0x20 C:/ST/STM32CubeIDE_1.17.0/STM32CubeIDE/plugins/com.st.stm32cube.ide.mcu.externaltools.gnu-tools-for-stm32.12.3.rel1.win32_1.1.0.202410251130/tools/bin/../lib/gcc/arm-none-eabi/12.3.1/../../../../arm-none-eabi/lib/thumb/v7e-m+dp/hard\libc_nano.a(libc_a-closer.o)
                0x080080d0                _close_r
 .text._lseek_r
                0x080080f0       0x24 C:/ST/STM32CubeIDE_1.17.0/STM32CubeIDE/plugins/com.st.stm32cube.ide.mcu.externaltools.gnu-tools-for-stm32.12.3.rel1.win32_1.1.0.202410251130/tools/bin/../lib/gcc/arm-none-eabi/12.3.1/../../../../arm-none-eabi/lib/thumb/v7e-m+dp/hard\libc_nano.a(libc_a-lseekr.o)
                0x080080f0                _lseek_r
 .text._read_r  0x08008114       0x24 C:/ST/STM32CubeIDE_1.17.0/STM32CubeIDE/plugins/com.st.stm32cube.ide.mcu.externaltools.gnu-tools-for-stm32.12.3.rel1.win32_1.1.0.202410251130/tools/bin/../lib/gcc/arm-none-eabi/12.3.1/../../../../arm-none-eabi/lib/thumb/v7e-m+dp/hard\libc_nano.a(libc_a-readr.o)
                0x08008114                _read_r
 .text._write_r
                0x08008138       0x24 C:/ST/STM32CubeIDE_1.17.0/STM32CubeIDE/plugins/com.st.stm32cube.ide.mcu.externaltools.gnu-tools-for-stm32.12.3.rel1.win32_1.1.0.202410251130/tools/bin/../lib/gcc/arm-none-eabi/12.3.1/../../../../arm-none-eabi/lib/thumb/v7e-m+dp/hard\libc_nano.a(libc_a-writer.o)
                0x08008138                _write_r
 .text.__errno  0x0800815c        0xc C:/ST/STM32CubeIDE_1.17.0/STM32CubeIDE/plugins/com.st.stm32cube.ide.mcu.externaltools.gnu-tools-for-stm32.12.3.rel1.win32_1.1.0.202410251130/tools/bin/../lib/gcc/arm-none-eabi/12.3.1/../../../../arm-none-eabi/lib/thumb/v7e-m+dp/hard\libc_nano.a(libc_a-errno.o)
                0x0800815c                __errno
 .text.__libc_init_array
                0x08008168       0x48 C:/ST/STM32CubeIDE_1.17.0/STM32CubeIDE/plugins/com.st.stm32cube.ide.mcu.externaltools.gnu-tools-for-stm32.12.3.rel1.win32_1.1.0.202410251130/tools/bin/../lib/gcc/arm-none-eabi/12.3.1/../../../../arm-none-eabi/lib/thumb/v7e-m+dp/hard\libc_nano.a(libc_a-init.o)
                0x08008168                __libc_init_array
 .text.__retarget_lock_init_recursive
                0x080081b0        0x2 C:/ST/STM32CubeIDE_1.17.0/STM32CubeIDE/plugins/com.st.stm32cube.ide.mcu.externaltools.gnu-tools-for-stm32.12.3.rel1.win32_1.1.0.202410251130/tools/bin/../lib/gcc/arm-none-eabi/12.3.1/../../../../arm-none-eabi/lib/thumb/v7e-m+dp/hard\libc_nano.a(libc_a-lock.o)
                0x080081b0                __retarget_lock_init_recursive
 .text.__retarget_lock_acquire_recursive
                0x080081b2        0x2 C:/ST/STM32CubeIDE_1.17.0/STM32CubeIDE/plugins/com.st.stm32cube.ide.mcu.externaltools.gnu-tools-for-stm32.12.3.rel1.win32_1.1.0.202410251130/tools/bin/../lib/gcc/arm-none-eabi/12.3.1/../../../../arm-none-eabi/lib/thumb/v7e-m+dp/hard\libc_nano.a(libc_a-lock.o)
                0x080081b2                __retarget_lock_acquire_recursive
 .text.__retarget_lock_release_recursive
                0x080081b4        0x2 C:/ST/STM32CubeIDE_1.17.0/STM32CubeIDE/plugins/com.st.stm32cube.ide.mcu.externaltools.gnu-tools-for-stm32.12.3.rel1.win32_1.1.0.202410251130/tools/bin/../lib/gcc/arm-none-eabi/12.3.1/../../../../arm-none-eabi/lib/thumb/v7e-m+dp/hard\libc_nano.a(libc_a-lock.o)
                0x080081b4                __retarget_lock_release_recursive
 .text.memcpy   0x080081b6       0x1c C:/ST/STM32CubeIDE_1.17.0/STM32CubeIDE/plugins/com.st.stm32cube.ide.mcu.externaltools.gnu-tools-for-stm32.12.3.rel1.win32_1.1.0.202410251130/tools/bin/../lib/gcc/arm-none-eabi/12.3.1/../../../../arm-none-eabi/lib/thumb/v7e-m+dp/hard\libc_nano.a(libc_a-memcpy-stub.o)
                0x080081b6                memcpy
 *fill*         0x080081d2        0x2 
 .text._free_r  0x080081d4       0x94 C:/ST/STM32CubeIDE_1.17.0/STM32CubeIDE/plugins/com.st.stm32cube.ide.mcu.externaltools.gnu-tools-for-stm32.12.3.rel1.win32_1.1.0.202410251130/tools/bin/../lib/gcc/arm-none-eabi/12.3.1/../../../../arm-none-eabi/lib/thumb/v7e-m+dp/hard\libc_nano.a(libc_a-freer.o)
                0x080081d4                _free_r
 .text.sbrk_aligned
                0x08008268       0x44 C:/ST/STM32CubeIDE_1.17.0/STM32CubeIDE/plugins/com.st.stm32cube.ide.mcu.externaltools.gnu-tools-for-stm32.12.3.rel1.win32_1.1.0.202410251130/tools/bin/../lib/gcc/arm-none-eabi/12.3.1/../../../../arm-none-eabi/lib/thumb/v7e-m+dp/hard\libc_nano.a(libc_a-mallocr.o)
 .text._malloc_r
                0x080082ac      0x100 C:/ST/STM32CubeIDE_1.17.0/STM32CubeIDE/plugins/com.st.stm32cube.ide.mcu.externaltools.gnu-tools-for-stm32.12.3.rel1.win32_1.1.0.202410251130/tools/bin/../lib/gcc/arm-none-eabi/12.3.1/../../../../arm-none-eabi/lib/thumb/v7e-m+dp/hard\libc_nano.a(libc_a-mallocr.o)
                0x080082ac                _malloc_r
 .text.__malloc_lock
                0x080083ac        0xc C:/ST/STM32CubeIDE_1.17.0/STM32CubeIDE/plugins/com.st.stm32cube.ide.mcu.externaltools.gnu-tools-for-stm32.12.3.rel1.win32_1.1.0.202410251130/tools/bin/../lib/gcc/arm-none-eabi/12.3.1/../../../../arm-none-eabi/lib/thumb/v7e-m+dp/hard\libc_nano.a(libc_a-mlock.o)
                0x080083ac                __malloc_lock
 .text.__malloc_unlock
                0x080083b8        0xc C:/ST/STM32CubeIDE_1.17.0/STM32CubeIDE/plugins/com.st.stm32cube.ide.mcu.externaltools.gnu-tools-for-stm32.12.3.rel1.win32_1.1.0.202410251130/tools/bin/../lib/gcc/arm-none-eabi/12.3.1/../../../../arm-none-eabi/lib/thumb/v7e-m+dp/hard\libc_nano.a(libc_a-mlock.o)
                0x080083b8                __malloc_unlock
 .text.__sfputc_r
                0x080083c4       0x2e C:/ST/STM32CubeIDE_1.17.0/STM32CubeIDE/plugins/com.st.stm32cube.ide.mcu.externaltools.gnu-tools-for-stm32.12.3.rel1.win32_1.1.0.202410251130/tools/bin/../lib/gcc/arm-none-eabi/12.3.1/../../../../arm-none-eabi/lib/thumb/v7e-m+dp/hard\libc_nano.a(libc_a-nano-vfprintf.o)
 .text.__sfputs_r
                0x080083f2       0x24 C:/ST/STM32CubeIDE_1.17.0/STM32CubeIDE/plugins/com.st.stm32cube.ide.mcu.externaltools.gnu-tools-for-stm32.12.3.rel1.win32_1.1.0.202410251130/tools/bin/../lib/gcc/arm-none-eabi/12.3.1/../../../../arm-none-eabi/lib/thumb/v7e-m+dp/hard\libc_nano.a(libc_a-nano-vfprintf.o)
                0x080083f2                __sfputs_r
 *fill*         0x08008416        0x2 
 .text._vfprintf_r
                0x08008418      0x230 C:/ST/STM32CubeIDE_1.17.0/STM32CubeIDE/plugins/com.st.stm32cube.ide.mcu.externaltools.gnu-tools-for-stm32.12.3.rel1.win32_1.1.0.202410251130/tools/bin/../lib/gcc/arm-none-eabi/12.3.1/../../../../arm-none-eabi/lib/thumb/v7e-m+dp/hard\libc_nano.a(libc_a-nano-vfprintf.o)
                0x08008418                _vfprintf_r
                0x08008418                _vfiprintf_r
 .text._printf_common
                0x08008648       0xda C:/ST/STM32CubeIDE_1.17.0/STM32CubeIDE/plugins/com.st.stm32cube.ide.mcu.externaltools.gnu-tools-for-stm32.12.3.rel1.win32_1.1.0.202410251130/tools/bin/../lib/gcc/arm-none-eabi/12.3.1/../../../../arm-none-eabi/lib/thumb/v7e-m+dp/hard\libc_nano.a(libc_a-nano-vfprintf_i.o)
                0x08008648                _printf_common
 *fill*         0x08008722        0x2 
 .text._printf_i
                0x08008724      0x240 C:/ST/STM32CubeIDE_1.17.0/STM32CubeIDE/plugins/com.st.stm32cube.ide.mcu.externaltools.gnu-tools-for-stm32.12.3.rel1.win32_1.1.0.202410251130/tools/bin/../lib/gcc/arm-none-eabi/12.3.1/../../../../arm-none-eabi/lib/thumb/v7e-m+dp/hard\libc_nano.a(libc_a-nano-vfprintf_i.o)
                0x08008724                _printf_i
 .text.__sflush_r
                0x08008964      0x108 C:/ST/STM32CubeIDE_1.17.0/STM32CubeIDE/plugins/com.st.stm32cube.ide.mcu.externaltools.gnu-tools-for-stm32.12.3.rel1.win32_1.1.0.202410251130/tools/bin/../lib/gcc/arm-none-eabi/12.3.1/../../../../arm-none-eabi/lib/thumb/v7e-m+dp/hard\libc_nano.a(libc_a-fflush.o)
                0x08008964                __sflush_r
 .text._fflush_r
                0x08008a6c       0x50 C:/ST/STM32CubeIDE_1.17.0/STM32CubeIDE/plugins/com.st.stm32cube.ide.mcu.externaltools.gnu-tools-for-stm32.12.3.rel1.win32_1.1.0.202410251130/tools/bin/../lib/gcc/arm-none-eabi/12.3.1/../../../../arm-none-eabi/lib/thumb/v7e-m+dp/hard\libc_nano.a(libc_a-fflush.o)
                0x08008a6c                _fflush_r
 .text.__swhatbuf_r
                0x08008abc       0x4c C:/ST/STM32CubeIDE_1.17.0/STM32CubeIDE/plugins/com.st.stm32cube.ide.mcu.externaltools.gnu-tools-for-stm32.12.3.rel1.win32_1.1.0.202410251130/tools/bin/../lib/gcc/arm-none-eabi/12.3.1/../../../../arm-none-eabi/lib/thumb/v7e-m+dp/hard\libc_nano.a(libc_a-makebuf.o)
                0x08008abc                __swhatbuf_r
 .text.__smakebuf_r
                0x08008b08       0x78 C:/ST/STM32CubeIDE_1.17.0/STM32CubeIDE/plugins/com.st.stm32cube.ide.mcu.externaltools.gnu-tools-for-stm32.12.3.rel1.win32_1.1.0.202410251130/tools/bin/../lib/gcc/arm-none-eabi/12.3.1/../../../../arm-none-eabi/lib/thumb/v7e-m+dp/hard\libc_nano.a(libc_a-makebuf.o)
                0x08008b08                __smakebuf_r
 .text._fstat_r
                0x08008b80       0x24 C:/ST/STM32CubeIDE_1.17.0/STM32CubeIDE/plugins/com.st.stm32cube.ide.mcu.externaltools.gnu-tools-for-stm32.12.3.rel1.win32_1.1.0.202410251130/tools/bin/../lib/gcc/arm-none-eabi/12.3.1/../../../../arm-none-eabi/lib/thumb/v7e-m+dp/hard\libc_nano.a(libc_a-fstatr.o)
                0x08008b80                _fstat_r
 .text._isatty_r
                0x08008ba4       0x20 C:/ST/STM32CubeIDE_1.17.0/STM32CubeIDE/plugins/com.st.stm32cube.ide.mcu.externaltools.gnu-tools-for-stm32.12.3.rel1.win32_1.1.0.202410251130/tools/bin/../lib/gcc/arm-none-eabi/12.3.1/../../../../arm-none-eabi/lib/thumb/v7e-m+dp/hard\libc_nano.a(libc_a-isattyr.o)
                0x08008ba4                _isatty_r
 .text._sbrk_r  0x08008bc4       0x20 C:/ST/STM32CubeIDE_1.17.0/STM32CubeIDE/plugins/com.st.stm32cube.ide.mcu.externaltools.gnu-tools-for-stm32.12.3.rel1.win32_1.1.0.202410251130/tools/bin/../lib/gcc/arm-none-eabi/12.3.1/../../../../arm-none-eabi/lib/thumb/v7e-m+dp/hard\libc_nano.a(libc_a-sbrkr.o)
                0x08008bc4                _sbrk_r
 *(.glue_7)
 .glue_7        0x08008be4        0x0 linker stubs
 *(.glue_7t)
 .glue_7t       0x08008be4        0x0 linker stubs
 *(.eh_frame)
 .eh_frame      0x08008be4        0x0 C:/ST/STM32CubeIDE_1.17.0/STM32CubeIDE/plugins/com.st.stm32cube.ide.mcu.externaltools.gnu-tools-for-stm32.12.3.rel1.win32_1.1.0.202410251130/tools/bin/../lib/gcc/arm-none-eabi/12.3.1/thumb/v7e-m+dp/hard/crtbegin.o
 *(.init)
 .init          0x08008be4        0x4 C:/ST/STM32CubeIDE_1.17.0/STM32CubeIDE/plugins/com.st.stm32cube.ide.mcu.externaltools.gnu-tools-for-stm32.12.3.rel1.win32_1.1.0.202410251130/tools/bin/../lib/gcc/arm-none-eabi/12.3.1/thumb/v7e-m+dp/hard/crti.o
                0x08008be4                _init
 .init          0x08008be8        0x8 C:/ST/STM32CubeIDE_1.17.0/STM32CubeIDE/plugins/com.st.stm32cube.ide.mcu.externaltools.gnu-tools-for-stm32.12.3.rel1.win32_1.1.0.202410251130/tools/bin/../lib/gcc/arm-none-eabi/12.3.1/thumb/v7e-m+dp/hard/crtn.o
 *(.fini)
 .fini          0x08008bf0        0x4 C:/ST/STM32CubeIDE_1.17.0/STM32CubeIDE/plugins/com.st.stm32cube.ide.mcu.externaltools.gnu-tools-for-stm32.12.3.rel1.win32_1.1.0.202410251130/tools/bin/../lib/gcc/arm-none-eabi/12.3.1/thumb/v7e-m+dp/hard/crti.o
                0x08008bf0                _fini
 .fini          0x08008bf4        0x8 C:/ST/STM32CubeIDE_1.17.0/STM32CubeIDE/plugins/com.st.stm32cube.ide.mcu.externaltools.gnu-tools-for-stm32.12.3.rel1.win32_1.1.0.202410251130/tools/bin/../lib/gcc/arm-none-eabi/12.3.1/thumb/v7e-m+dp/hard/crtn.o
                0x08008bfc                        . = ALIGN (0x4)
                0x08008bfc                        _etext = .

.vfp11_veneer   0x08008bfc        0x0
 .vfp11_veneer  0x08008bfc        0x0 linker stubs

.v4_bx          0x08008bfc        0x0
 .v4_bx         0x08008bfc        0x0 linker stubs

.iplt           0x08008bfc        0x0
 .iplt          0x08008bfc        0x0 C:/ST/STM32CubeIDE_1.17.0/STM32CubeIDE/plugins/com.st.stm32cube.ide.mcu.externaltools.gnu-tools-for-stm32.12.3.rel1.win32_1.1.0.202410251130/tools/bin/../lib/gcc/arm-none-eabi/12.3.1/thumb/v7e-m+dp/hard/crtbegin.o

.rodata         0x08008bfc      0x2b4
                0x08008bfc                        . = ALIGN (0x4)
 *(.rodata)
 .rodata        0x08008bfc       0x26 ./Core/Src/can_rtos_rx.o
 *fill*         0x08008c22        0x2 
 .rodata        0x08008c24       0x53 ./Core/Src/can_rtos_tx.o
 *fill*         0x08008c77        0x1 
 .rodata        0x08008c78      0x18c ./Core/Src/freertos.o
 .rodata        0x08008e04        0x5 ./Middlewares/Third_Party/FreeRTOS/Source/tasks.o
 *fill*         0x08008e09        0x3 
 .rodata        0x08008e0c        0xd ./Middlewares/Third_Party/FreeRTOS/Source/timers.o
 *(.rodata*)
 *fill*         0x08008e19        0x3 
 .rodata.defaultTask_attributes
                0x08008e1c       0x24 ./Core/Src/freertos.o
                0x08008e1c                defaultTask_attributes
 .rodata.v_CanRxTask_attributes
                0x08008e40       0x24 ./Core/Src/freertos.o
                0x08008e40                v_CanRxTask_attributes
 .rodata.AHBPrescTable
                0x08008e64       0x10 ./Core/Src/system_stm32f7xx.o
                0x08008e64                AHBPrescTable
 .rodata.APBPrescTable
                0x08008e74        0x8 ./Core/Src/system_stm32f7xx.o
                0x08008e74                APBPrescTable
 .rodata._vfprintf_r.str1.1
                0x08008e7c       0x11 C:/ST/STM32CubeIDE_1.17.0/STM32CubeIDE/plugins/com.st.stm32cube.ide.mcu.externaltools.gnu-tools-for-stm32.12.3.rel1.win32_1.1.0.202410251130/tools/bin/../lib/gcc/arm-none-eabi/12.3.1/../../../../arm-none-eabi/lib/thumb/v7e-m+dp/hard\libc_nano.a(libc_a-nano-vfprintf.o)
 .rodata._printf_i.str1.1
                0x08008e8d       0x22 C:/ST/STM32CubeIDE_1.17.0/STM32CubeIDE/plugins/com.st.stm32cube.ide.mcu.externaltools.gnu-tools-for-stm32.12.3.rel1.win32_1.1.0.202410251130/tools/bin/../lib/gcc/arm-none-eabi/12.3.1/../../../../arm-none-eabi/lib/thumb/v7e-m+dp/hard\libc_nano.a(libc_a-nano-vfprintf_i.o)
                0x08008eb0                        . = ALIGN (0x4)
 *fill*         0x08008eaf        0x1 

.ARM.extab      0x08008eb0        0x0
                0x08008eb0                        . = ALIGN (0x4)
 *(.ARM.extab* .gnu.linkonce.armextab.*)
                0x08008eb0                        . = ALIGN (0x4)

.ARM            0x08008eb0        0x8
                0x08008eb0                        . = ALIGN (0x4)
                0x08008eb0                        __exidx_start = .
 *(.ARM.exidx*)
 .ARM.exidx     0x08008eb0        0x8 C:/ST/STM32CubeIDE_1.17.0/STM32CubeIDE/plugins/com.st.stm32cube.ide.mcu.externaltools.gnu-tools-for-stm32.12.3.rel1.win32_1.1.0.202410251130/tools/bin/../lib/gcc/arm-none-eabi/12.3.1/../../../../arm-none-eabi/lib/thumb/v7e-m+dp/hard\libc_nano.a(libc_a-memchr.o)
 .ARM.exidx     0x08008eb8        0x0 C:/ST/STM32CubeIDE_1.17.0/STM32CubeIDE/plugins/com.st.stm32cube.ide.mcu.externaltools.gnu-tools-for-stm32.12.3.rel1.win32_1.1.0.202410251130/tools/bin/../lib/gcc/arm-none-eabi/12.3.1/thumb/v7e-m+dp/hard\libgcc.a(_udivmoddi4.o)
                                  0x8 (size before relaxing)
                0x08008eb8                        __exidx_end = .
                0x08008eb8                        . = ALIGN (0x4)

.preinit_array  0x08008eb8        0x0
                0x08008eb8                        . = ALIGN (0x4)
                0x08008eb8                        PROVIDE (__preinit_array_start = .)
 *(.preinit_array*)
                0x08008eb8                        PROVIDE (__preinit_array_end = .)
                0x08008eb8                        . = ALIGN (0x4)

.init_array     0x08008eb8        0x4
                0x08008eb8                        . = ALIGN (0x4)
                0x08008eb8                        PROVIDE (__init_array_start = .)
 *(SORT_BY_NAME(.init_array.*))
 *(.init_array*)
 .init_array    0x08008eb8        0x4 C:/ST/STM32CubeIDE_1.17.0/STM32CubeIDE/plugins/com.st.stm32cube.ide.mcu.externaltools.gnu-tools-for-stm32.12.3.rel1.win32_1.1.0.202410251130/tools/bin/../lib/gcc/arm-none-eabi/12.3.1/thumb/v7e-m+dp/hard/crtbegin.o
                0x08008ebc                        PROVIDE (__init_array_end = .)
                0x08008ebc                        . = ALIGN (0x4)

.fini_array     0x08008ebc        0x4
                0x08008ebc                        . = ALIGN (0x4)
                [!provide]                        PROVIDE (__fini_array_start = .)
 *(SORT_BY_NAME(.fini_array.*))
 *(.fini_array*)
 .fini_array    0x08008ebc        0x4 C:/ST/STM32CubeIDE_1.17.0/STM32CubeIDE/plugins/com.st.stm32cube.ide.mcu.externaltools.gnu-tools-for-stm32.12.3.rel1.win32_1.1.0.202410251130/tools/bin/../lib/gcc/arm-none-eabi/12.3.1/thumb/v7e-m+dp/hard/crtbegin.o
                [!provide]                        PROVIDE (__fini_array_end = .)
                0x08008ec0                        . = ALIGN (0x4)
                0x08008ec0                        _sidata = LOADADDR (.data)

.rel.dyn        0x08008ec0        0x0
 .rel.iplt      0x08008ec0        0x0 C:/ST/STM32CubeIDE_1.17.0/STM32CubeIDE/plugins/com.st.stm32cube.ide.mcu.externaltools.gnu-tools-for-stm32.12.3.rel1.win32_1.1.0.202410251130/tools/bin/../lib/gcc/arm-none-eabi/12.3.1/thumb/v7e-m+dp/hard/crtbegin.o

.data           0x20000000       0x6c load address 0x08008ec0
                0x20000000                        . = ALIGN (0x4)
                0x20000000                        _sdata = .
 *(.data)
 *(.data*)
 .data.SystemCoreClock
                0x20000000        0x4 ./Core/Src/system_stm32f7xx.o
                0x20000000                SystemCoreClock
 .data.uwTickPrio
                0x20000004        0x4 ./Drivers/STM32F7xx_HAL_Driver/Src/stm32f7xx_hal.o
                0x20000004                uwTickPrio
 .data.uwTickFreq
                0x20000008        0x1 ./Drivers/STM32F7xx_HAL_Driver/Src/stm32f7xx_hal.o
                0x20000008                uwTickFreq
 *fill*         0x20000009        0x3 
 .data.uxCriticalNesting
                0x2000000c        0x4 ./Middlewares/Third_Party/FreeRTOS/Source/portable/GCC/ARM_CM7/r0p1/port.o
 .data.__sglue  0x20000010        0xc C:/ST/STM32CubeIDE_1.17.0/STM32CubeIDE/plugins/com.st.stm32cube.ide.mcu.externaltools.gnu-tools-for-stm32.12.3.rel1.win32_1.1.0.202410251130/tools/bin/../lib/gcc/arm-none-eabi/12.3.1/../../../../arm-none-eabi/lib/thumb/v7e-m+dp/hard\libc_nano.a(libc_a-findfp.o)
                0x20000010                __sglue
 .data._impure_ptr
                0x2000001c        0x4 C:/ST/STM32CubeIDE_1.17.0/STM32CubeIDE/plugins/com.st.stm32cube.ide.mcu.externaltools.gnu-tools-for-stm32.12.3.rel1.win32_1.1.0.202410251130/tools/bin/../lib/gcc/arm-none-eabi/12.3.1/../../../../arm-none-eabi/lib/thumb/v7e-m+dp/hard\libc_nano.a(libc_a-impure.o)
                0x2000001c                _impure_ptr
 .data._impure_data
                0x20000020       0x4c C:/ST/STM32CubeIDE_1.17.0/STM32CubeIDE/plugins/com.st.stm32cube.ide.mcu.externaltools.gnu-tools-for-stm32.12.3.rel1.win32_1.1.0.202410251130/tools/bin/../lib/gcc/arm-none-eabi/12.3.1/../../../../arm-none-eabi/lib/thumb/v7e-m+dp/hard\libc_nano.a(libc_a-impure.o)
                0x20000020                _impure_data
 *(.RamFunc)
 *(.RamFunc*)
                0x2000006c                        . = ALIGN (0x4)
                0x2000006c                        _edata = .

.igot.plt       0x2000006c        0x0 load address 0x08008f2c
 .igot.plt      0x2000006c        0x0 C:/ST/STM32CubeIDE_1.17.0/STM32CubeIDE/plugins/com.st.stm32cube.ide.mcu.externaltools.gnu-tools-for-stm32.12.3.rel1.win32_1.1.0.202410251130/tools/bin/../lib/gcc/arm-none-eabi/12.3.1/thumb/v7e-m+dp/hard/crtbegin.o
                0x2000006c                        . = ALIGN (0x4)

.bss            0x2000006c     0x8564 load address 0x08008f2c
                0x2000006c                        _sbss = .
                0x2000006c                        __bss_start__ = _sbss
 *(.bss)
 .bss           0x2000006c       0x1c C:/ST/STM32CubeIDE_1.17.0/STM32CubeIDE/plugins/com.st.stm32cube.ide.mcu.externaltools.gnu-tools-for-stm32.12.3.rel1.win32_1.1.0.202410251130/tools/bin/../lib/gcc/arm-none-eabi/12.3.1/thumb/v7e-m+dp/hard/crtbegin.o
 *(.bss*)
 .bss.qSerialTx
                0x20000088        0x4 ./Core/Src/Serial_link.o
                0x20000088                qSerialTx
 .bss.sl_tx_dropped
                0x2000008c        0x4 ./Core/Src/Serial_link.o
 .bss.hcan1     0x20000090       0x28 ./Core/Src/can.o
                0x20000090                hcan1
 .bss.qCanRx    0x200000b8        0x4 ./Core/Src/can_rtos_rx.o
                0x200000b8                qCanRx
 .bss.dropped   0x200000bc        0x4 ./Core/Src/can_rtos_rx.o
 .bss.qCanRxCtrl
                0x200000c0       0x50 ./Core/Src/can_rtos_rx.o
 .bss.qCanRxStorage
                0x20000110     0x1200 ./Core/Src/can_rtos_rx.o
 .bss.qCanTx    0x20001310        0x4 ./Core/Src/can_rtos_tx.o
                0x20001310                qCanTx
 .bss.tx_dropped
                0x20001314        0x4 ./Core/Src/can_rtos_tx.o
 .bss.qCanTxCtrl
                0x20001318       0x50 ./Core/Src/can_rtos_tx.o
 .bss.qCanTxStorage
                0x20001368      0x300 ./Core/Src/can_rtos_tx.o
 .bss.serialTxTaskHandle
                0x20001668        0x4 ./Core/Src/freertos.o
                0x20001668                serialTxTaskHandle
 .bss.canTxTaskHandle
                0x2000166c        0x4 ./Core/Src/freertos.o
                0x2000166c                canTxTaskHandle
 .bss.nodeMonitorTaskHandle
                0x20001670        0x4 ./Core/Src/freertos.o
                0x20001670                nodeMonitorTaskHandle
 .bss.defaultTaskHandle
                0x20001674        0x4 ./Core/Src/freertos.o
                0x20001674                defaultTaskHandle
 .bss.v_CanRxTaskHandle
                0x20001678        0x4 ./Core/Src/freertos.o
                0x20001678                v_CanRxTaskHandle
 .bss.v_CanRxTaskBuffer
                0x2000167c     0x1000 ./Core/Src/freertos.o
                0x2000167c                v_CanRxTaskBuffer
 .bss.v_CanRxTaskControlBlock
                0x2000267c       0x5c ./Core/Src/freertos.o
                0x2000267c                v_CanRxTaskControlBlock
 .bss.tx_drop.1
                0x200026d8        0x4 ./Core/Src/freertos.o
 .bss.prev_state.0
                0x200026dc       0x10 ./Core/Src/freertos.o
 .bss.last_rx_ms
                0x200026ec        0x4 ./Core/Src/main.o
                0x200026ec                last_rx_ms
 .bss.can_ok    0x200026f0        0x1 ./Core/Src/main.o
                0x200026f0                can_ok
 *fill*         0x200026f1        0x3 
 .bss.sensors32
                0x200026f4      0x200 ./Core/Src/main.o
                0x200026f4                sensors32
 .bss.chunk_mask
                0x200028f4       0x10 ./Core/Src/main.o
                0x200028f4                chunk_mask
 .bss.cycles_ok
                0x20002904       0x40 ./Core/Src/main.o
                0x20002904                cycles_ok
 .bss.asm_start_ms
                0x20002944       0x40 ./Core/Src/main.o
                0x20002944                asm_start_ms
 .bss.sensor_value
                0x20002984      0x200 ./Core/Src/main.o
                0x20002984                sensor_value
 .bss.sensor_status
                0x20002b84      0x200 ./Core/Src/main.o
                0x20002b84                sensor_status
 .bss.valid_mask
                0x20002d84      0x200 ./Core/Src/main.o
                0x20002d84                valid_mask
 .bss.bed_value
                0x20002f84      0x200 ./Core/Src/main.o
                0x20002f84                bed_value
 .bss.bed_status
                0x20003184      0x200 ./Core/Src/main.o
                0x20003184                bed_status
 .bss.bed_valid
                0x20003384      0x200 ./Core/Src/main.o
                0x20003384                bed_valid
 .bss.bed_confidence
                0x20003584      0x200 ./Core/Src/main.o
                0x20003584                bed_confidence
 .bss.bed_sync_mask
                0x20003784        0x4 ./Core/Src/main.o
                0x20003784                bed_sync_mask
 .bss.bed_cycle
                0x20003788        0x4 ./Core/Src/main.o
                0x20003788                bed_cycle
 .bss.bed_snapshot_ready
                0x2000378c        0x1 ./Core/Src/main.o
                0x2000378c                bed_snapshot_ready
 *fill*         0x2000378d        0x3 
 .bss.sensor_confidence
                0x20003790      0x200 ./Core/Src/main.o
                0x20003790                sensor_confidence
 .bss.node_last_frame_ms
                0x20003990       0x40 ./Core/Src/main.o
                0x20003990                node_last_frame_ms
 .bss.node_last_complete_ms
                0x200039d0       0x40 ./Core/Src/main.o
                0x200039d0                node_last_complete_ms
 .bss.node_state
                0x20003a10       0x10 ./Core/Src/main.o
                0x20003a10                node_state
 .bss.__sbrk_heap_end
                0x20003a20        0x4 ./Core/Src/sysmem.o
 .bss.g_seq     0x20003a24        0x1 ./Core/Src/uart_pkt.o
 *fill*         0x20003a25        0x3 
 .bss.huart4    0x20003a28       0x88 ./Core/Src/usart.o
                0x20003a28                huart4
 .bss.huart3    0x20003ab0       0x88 ./Core/Src/usart.o
                0x20003ab0                huart3
 .bss.uwTick    0x20003b38        0x4 ./Drivers/STM32F7xx_HAL_Driver/Src/stm32f7xx_hal.o
                0x20003b38                uwTick
 .bss.KernelState
                0x20003b3c        0x4 ./Middlewares/Third_Party/FreeRTOS/Source/CMSIS_RTOS_V2/cmsis_os2.o
 .bss.Idle_TCB  0x20003b40       0x5c ./Middlewares/Third_Party/FreeRTOS/Source/CMSIS_RTOS_V2/cmsis_os2.o
 .bss.Idle_Stack
                0x20003b9c      0x200 ./Middlewares/Third_Party/FreeRTOS/Source/CMSIS_RTOS_V2/cmsis_os2.o
 .bss.Timer_TCB
                0x20003d9c       0x5c ./Middlewares/Third_Party/FreeRTOS/Source/CMSIS_RTOS_V2/cmsis_os2.o
 .bss.Timer_Stack
                0x20003df8      0x400 ./Middlewares/Third_Party/FreeRTOS/Source/CMSIS_RTOS_V2/cmsis_os2.o
 .bss.xQueueRegistry
                0x200041f8       0x40 ./Middlewares/Third_Party/FreeRTOS/Source/queue.o
                0x200041f8                xQueueRegistry
 .bss.pxCurrentTCB
                0x20004238        0x4 ./Middlewares/Third_Party/FreeRTOS/Source/tasks.o
                0x20004238                pxCurrentTCB
 .bss.pxReadyTasksLists
                0x2000423c      0x460 ./Middlewares/Third_Party/FreeRTOS/Source/tasks.o
 .bss.xDelayedTaskList1
                0x2000469c       0x14 ./Middlewares/Third_Party/FreeRTOS/Source/tasks.o
 .bss.xDelayedTaskList2
                0x200046b0       0x14 ./Middlewares/Third_Party/FreeRTOS/Source/tasks.o
 .bss.pxDelayedTaskList
                0x200046c4        0x4 ./Middlewares/Third_Party/FreeRTOS/Source/tasks.o
 .bss.pxOverflowDelayedTaskList
                0x200046c8        0x4 ./Middlewares/Third_Party/FreeRTOS/Source/tasks.o
 .bss.xPendingReadyList
                0x200046cc       0x14 ./Middlewares/Third_Party/FreeRTOS/Source/tasks.o
 .bss.xTasksWaitingTermination
                0x200046e0       0x14 ./Middlewares/Third_Party/FreeRTOS/Source/tasks.o
 .bss.uxDeletedTasksWaitingCleanUp
                0x200046f4        0x4 ./Middlewares/Third_Party/FreeRTOS/Source/tasks.o
 .bss.xSuspendedTaskList
                0x200046f8       0x14 ./Middlewares/Third_Party/FreeRTOS/Source/tasks.o
 .bss.uxCurrentNumberOfTasks
                0x2000470c        0x4 ./Middlewares/Third_Party/FreeRTOS/Source/tasks.o
 .bss.xTickCount
                0x20004710        0x4 ./Middlewares/Third_Party/FreeRTOS/Source/tasks.o
 .bss.uxTopReadyPriority
                0x20004714        0x4 ./Middlewares/Third_Party/FreeRTOS/Source/tasks.o
 .bss.xSchedulerRunning
                0x20004718        0x4 ./Middlewares/Third_Party/FreeRTOS/Source/tasks.o
 .bss.uxPendedTicks
                0x2000471c        0x4 ./Middlewares/Third_Party/FreeRTOS/Source/tasks.o
 .bss.xYieldPending
                0x20004720        0x4 ./Middlewares/Third_Party/FreeRTOS/Source/tasks.o
 .bss.xNumOfOverflows
                0x20004724        0x4 ./Middlewares/Third_Party/FreeRTOS/Source/tasks.o
 .bss.uxTaskNumber
                0x20004728        0x4 ./Middlewares/Third_Party/FreeRTOS/Source/tasks.o
 .bss.xNextTaskUnblockTime
                0x2000472c        0x4 ./Middlewares/Third_Party/FreeRTOS/Source/tasks.o
 .bss.xIdleTaskHandle
                0x20004730        0x4 ./Middlewares/Third_Party/FreeRTOS/Source/tasks.o
 .bss.uxSchedulerSuspended
                0x20004734        0x4 ./Middlewares/Third_Party/FreeRTOS/Source/tasks.o
 .bss.xActiveTimerList1
                0x20004738       0x14 ./Middlewares/Third_Party/FreeRTOS/Source/timers.o
 .bss.xActiveTimerList2
                0x2000474c       0x14 ./Middlewares/Third_Party/FreeRTOS/Source/timers.o
 .bss.pxCurrentTimerList
                0x20004760        0x4 ./Middlewares/Third_Party/FreeRTOS/Source/timers.o
 .bss.pxOverflowTimerList
                0x20004764        0x4 ./Middlewares/Third_Party/FreeRTOS/Source/timers.o
 .bss.xTimerQueue
                0x20004768        0x4 ./Middlewares/Third_Party/FreeRTOS/Source/timers.o
 .bss.xTimerTaskHandle
                0x2000476c        0x4 ./Middlewares/Third_Party/FreeRTOS/Source/timers.o
 .bss.xLastTime.2
                0x20004770        0x4 ./Middlewares/Third_Party/FreeRTOS/Source/timers.o
 .bss.ucStaticTimerQueueStorage.1
                0x20004774       0xa0 ./Middlewares/Third_Party/FreeRTOS/Source/timers.o
 .bss.xStaticTimerQueue.0
                0x20004814       0x50 ./Middlewares/Third_Party/FreeRTOS/Source/timers.o
 .bss.ucMaxSysCallPriority
                0x20004864        0x1 ./Middlewares/Third_Party/FreeRTOS/Source/portable/GCC/ARM_CM7/r0p1/port.o
 *fill*         0x20004865        0x3 
 .bss.ulMaxPRIGROUPValue
                0x20004868        0x4 ./Middlewares/Third_Party/FreeRTOS/Source/portable/GCC/ARM_CM7/r0p1/port.o
 .bss.ucHeap    0x2000486c     0x3c00 ./Middlewares/Third_Party/FreeRTOS/Source/portable/MemMang/heap_4.o
 .bss.xStart    0x2000846c        0x8 ./Middlewares/Third_Party/FreeRTOS/Source/portable/MemMang/heap_4.o
 .bss.pxEnd     0x20008474        0x4 ./Middlewares/Third_Party/FreeRTOS/Source/portable/MemMang/heap_4.o
 .bss.xFreeBytesRemaining
                0x20008478        0x4 ./Middlewares/Third_Party/FreeRTOS/Source/portable/MemMang/heap_4.o
 .bss.xMinimumEverFreeBytesRemaining
                0x2000847c        0x4 ./Middlewares/Third_Party/FreeRTOS/Source/portable/MemMang/heap_4.o
 .bss.xBlockAllocatedBit
                0x20008480        0x4 ./Middlewares/Third_Party/FreeRTOS/Source/portable/MemMang/heap_4.o
 .bss.__sf      0x20008484      0x138 C:/ST/STM32CubeIDE_1.17.0/STM32CubeIDE/plugins/com.st.stm32cube.ide.mcu.externaltools.gnu-tools-for-stm32.12.3.rel1.win32_1.1.0.202410251130/tools/bin/../lib/gcc/arm-none-eabi/12.3.1/../../../../arm-none-eabi/lib/thumb/v7e-m+dp/hard\libc_nano.a(libc_a-findfp.o)
                0x20008484                __sf
 .bss.__stdio_exit_handler
                0x200085bc        0x4 C:/ST/STM32CubeIDE_1.17.0/STM32CubeIDE/plugins/com.st.stm32cube.ide.mcu.externaltools.gnu-tools-for-stm32.12.3.rel1.win32_1.1.0.202410251130/tools/bin/../lib/gcc/arm-none-eabi/12.3.1/../../../../arm-none-eabi/lib/thumb/v7e-m+dp/hard\libc_nano.a(libc_a-findfp.o)
                0x200085bc                __stdio_exit_handler
 .bss.errno     0x200085c0        0x4 C:/ST/STM32CubeIDE_1.17.0/STM32CubeIDE/plugins/com.st.stm32cube.ide.mcu.externaltools.gnu-tools-for-stm32.12.3.rel1.win32_1.1.0.202410251130/tools/bin/../lib/gcc/arm-none-eabi/12.3.1/../../../../arm-none-eabi/lib/thumb/v7e-m+dp/hard\libc_nano.a(libc_a-reent.o)
                0x200085c0                errno
 .bss.__lock___malloc_recursive_mutex
                0x200085c4        0x1 C:/ST/STM32CubeIDE_1.17.0/STM32CubeIDE/plugins/com.st.stm32cube.ide.mcu.externaltools.gnu-tools-for-stm32.12.3.rel1.win32_1.1.0.202410251130/tools/bin/../lib/gcc/arm-none-eabi/12.3.1/../../../../arm-none-eabi/lib/thumb/v7e-m+dp/hard\libc_nano.a(libc_a-lock.o)
                0x200085c4                __lock___malloc_recursive_mutex
 .bss.__lock___sfp_recursive_mutex
                0x200085c5        0x1 C:/ST/STM32CubeIDE_1.17.0/STM32CubeIDE/plugins/com.st.stm32cube.ide.mcu.externaltools.gnu-tools-for-stm32.12.3.rel1.win32_1.1.0.202410251130/tools/bin/../lib/gcc/arm-none-eabi/12.3.1/../../../../arm-none-eabi/lib/thumb/v7e-m+dp/hard\libc_nano.a(libc_a-lock.o)
                0x200085c5                __lock___sfp_recursive_mutex
 *fill*         0x200085c6        0x2 
 .bss.__malloc_sbrk_start
                0x200085c8        0x4 C:/ST/STM32CubeIDE_1.17.0/STM32CubeIDE/plugins/com.st.stm32cube.ide.mcu.externaltools.gnu-tools-for-stm32.12.3.rel1.win32_1.1.0.202410251130/tools/bin/../lib/gcc/arm-none-eabi/12.3.1/../../../../arm-none-eabi/lib/thumb/v7e-m+dp/hard\libc_nano.a(libc_a-mallocr.o)
                0x200085c8                __malloc_sbrk_start
 .bss.__malloc_free_list
                0x200085cc        0x4 C:/ST/STM32CubeIDE_1.17.0/STM32CubeIDE/plugins/com.st.stm32cube.ide.mcu.externaltools.gnu-tools-for-stm32.12.3.rel1.win32_1.1.0.202410251130/tools/bin/../lib/gcc/arm-none-eabi/12.3.1/../../../../arm-none-eabi/lib/thumb/v7e-m+dp/hard\libc_nano.a(libc_a-mallocr.o)
                0x200085cc                __malloc_free_list
 *(COMMON)
                0x200085d0                        . = ALIGN (0x4)
                0x200085d0                        _ebss = .
                0x200085d0                        __bss_end__ = _ebss

._user_heap_stack
                0x200085d0      0x600 load address 0x08008f2c
                0x200085d0                        . = ALIGN (0x8)
                [!provide]                        PROVIDE (end = .)
                0x200085d0                        PROVIDE (_end = .)
                0x200087d0                        . = (. + _Min_Heap_Size)
 *fill*         0x200085d0      0x200 
                0x20008bd0                        . = (. + _Min_Stack_Size)
 *fill*         0x200087d0      0x400 
                0x20008bd0                        . = ALIGN (0x8)

/DISCARD/
 libc.a(*)
 libm.a(*)
 libgcc.a(*)

.ARM.attributes
                0x00000000       0x2e
 *(.ARM.attributes)
 .ARM.attributes
                0x00000000       0x20 C:/ST/STM32CubeIDE_1.17.0/STM32CubeIDE/plugins/com.st.stm32cube.ide.mcu.externaltools.gnu-tools-for-stm32.12.3.rel1.win32_1.1.0.202410251130/tools/bin/../lib/gcc/arm-none-eabi/12.3.1/thumb/v7e-m+dp/hard/crti.o
 .ARM.attributes
                0x00000020       0x32 C:/ST/STM32CubeIDE_1.17.0/STM32CubeIDE/plugins/com.st.stm32cube.ide.mcu.externaltools.gnu-tools-for-stm32.12.3.rel1.win32_1.1.0.202410251130/tools/bin/../lib/gcc/arm-none-eabi/12.3.1/thumb/v7e-m+dp/hard/crtbegin.o
 .ARM.attributes
                0x00000052       0x32 ./Core/Src/Serial_link.o
 .ARM.attributes
                0x00000084       0x32 ./Core/Src/app_can.o
 .ARM.attributes
                0x000000b6       0x32 ./Core/Src/can.o
 .ARM.attributes
                0x000000e8       0x32 ./Core/Src/can_rtos_rx.o
 .ARM.attributes
                0x0000011a       0x32 ./Core/Src/can_rtos_tx.o
 .ARM.attributes
                0x0000014c       0x32 ./Core/Src/freertos.o
 .ARM.attributes
                0x0000017e       0x32 ./Core/Src/gpio.o
 .ARM.attributes
                0x000001b0       0x32 ./Core/Src/main.o
 .ARM.attributes
                0x000001e2       0x32 ./Core/Src/stm32f7xx_hal_msp.o
 .ARM.attributes
                0x00000214       0x32 ./Core/Src/stm32f7xx_it.o
 .ARM.attributes
                0x00000246       0x32 ./Core/Src/syscalls.o
 .ARM.attributes
                0x00000278       0x32 ./Core/Src/sysmem.o
 .ARM.attributes
                0x000002aa       0x32 ./Core/Src/system_stm32f7xx.o
 .ARM.attributes
                0x000002dc       0x32 ./Core/Src/uart_pkt.o
 .ARM.attributes
                0x0000030e       0x32 ./Core/Src/usart.o
 .ARM.attributes
                0x00000340       0x21 ./Core/Startup/startup_stm32f767zitx.o
 .ARM.attributes
                0x00000361       0x32 ./Drivers/STM32F7xx_HAL_Driver/Src/stm32f7xx_hal.o
 .ARM.attributes
                0x00000393       0x32 ./Drivers/STM32F7xx_HAL_Driver/Src/stm32f7xx_hal_can.o
 .ARM.attributes
                0x000003c5       0x32 ./Drivers/STM32F7xx_HAL_Driver/Src/stm32f7xx_hal_cortex.o
 .ARM.attributes
                0x000003f7       0x32 ./Drivers/STM32F7xx_HAL_Driver/Src/stm32f7xx_hal_gpio.o
 .ARM.attributes
                0x00000429       0x32 ./Drivers/STM32F7xx_HAL_Driver/Src/stm32f7xx_hal_pwr.o
 .ARM.attributes
                0x0000045b       0x32 ./Drivers/STM32F7xx_HAL_Driver/Src/stm32f7xx_hal_pwr_ex.o
 .ARM.attributes
                0x0000048d       0x32 ./Drivers/STM32F7xx_HAL_Driver/Src/stm32f7xx_hal_rcc.o
 .ARM.attributes
                0x000004bf       0x32 ./Drivers/STM32F7xx_HAL_Driver/Src/stm32f7xx_hal_rcc_ex.o
 .ARM.attributes
                0x000004f1       0x32 ./Drivers/STM32F7xx_HAL_Driver/Src/stm32f7xx_hal_uart.o
 .ARM.attributes
                0x00000523       0x32 ./Middlewares/Third_Party/FreeRTOS/Source/CMSIS_RTOS_V2/cmsis_os2.o
 .ARM.attributes
                0x00000555       0x32 ./Middlewares/Third_Party/FreeRTOS/Source/list.o
 .ARM.attributes
                0x00000587       0x32 ./Middlewares/Third_Party/FreeRTOS/Source/queue.o
 .ARM.attributes
                0x000005b9       0x32 ./Middlewares/Third_Party/FreeRTOS/Source/tasks.o
 .ARM.attributes
                0x000005eb       0x32 ./Middlewares/Third_Party/FreeRTOS/Source/timers.o
 .ARM.attributes
                0x0000061d       0x32 ./Middlewares/Third_Party/FreeRTOS/Source/portable/GCC/ARM_CM7/r0p1/port.o
 .ARM.attributes
                0x0000064f       0x32 ./Middlewares/Third_Party/FreeRTOS/Source/portable/MemMang/heap_4.o
 .ARM.attributes
                0x00000681       0x32 C:/ST/STM32CubeIDE_1.17.0/STM32CubeIDE/plugins/com.st.stm32cube.ide.mcu.externaltools.gnu-tools-for-stm32.12.3.rel1.win32_1.1.0.202410251130/tools/bin/../lib/gcc/arm-none-eabi/12.3.1/../../../../arm-none-eabi/lib/thumb/v7e-m+dp/hard\libc_nano.a(libc_a-findfp.o)
 .ARM.attributes
                0x000006b3       0x32 C:/ST/STM32CubeIDE_1.17.0/STM32CubeIDE/plugins/com.st.stm32cube.ide.mcu.externaltools.gnu-tools-for-stm32.12.3.rel1.win32_1.1.0.202410251130/tools/bin/../lib/gcc/arm-none-eabi/12.3.1/../../../../arm-none-eabi/lib/thumb/v7e-m+dp/hard\libc_nano.a(libc_a-fwalk.o)
 .ARM.attributes
                0x000006e5       0x32 C:/ST/STM32CubeIDE_1.17.0/STM32CubeIDE/plugins/com.st.stm32cube.ide.mcu.externaltools.gnu-tools-for-stm32.12.3.rel1.win32_1.1.0.202410251130/tools/bin/../lib/gcc/arm-none-eabi/12.3.1/../../../../arm-none-eabi/lib/thumb/v7e-m+dp/hard\libc_nano.a(libc_a-printf.o)
 .ARM.attributes
                0x00000717       0x32 C:/ST/STM32CubeIDE_1.17.0/STM32CubeIDE/plugins/com.st.stm32cube.ide.mcu.externaltools.gnu-tools-for-stm32.12.3.rel1.win32_1.1.0.202410251130/tools/bin/../lib/gcc/arm-none-eabi/12.3.1/../../../../arm-none-eabi/lib/thumb/v7e-m+dp/hard\libc_nano.a(libc_a-puts.o)
 .ARM.attributes
                0x00000749       0x32 C:/ST/STM32CubeIDE_1.17.0/STM32CubeIDE/plugins/com.st.stm32cube.ide.mcu.externaltools.gnu-tools-for-stm32.12.3.rel1.win32_1.1.0.202410251130/tools/bin/../lib/gcc/arm-none-eabi/12.3.1/../../../../arm-none-eabi/lib/thumb/v7e-m+dp/hard\libc_nano.a(libc_a-stdio.o)
 .ARM.attributes
                0x0000077b       0x32 C:/ST/STM32CubeIDE_1.17.0/STM32CubeIDE/plugins/com.st.stm32cube.ide.mcu.externaltools.gnu-tools-for-stm32.12.3.rel1.win32_1.1.0.202410251130/tools/bin/../lib/gcc/arm-none-eabi/12.3.1/../../../../arm-none-eabi/lib/thumb/v7e-m+dp/hard\libc_nano.a(libc_a-wbuf.o)
 .ARM.attributes
                0x000007ad       0x32 C:/ST/STM32CubeIDE_1.17.0/STM32CubeIDE/plugins/com.st.stm32cube.ide.mcu.externaltools.gnu-tools-for-stm32.12.3.rel1.win32_1.1.0.202410251130/tools/bin/../lib/gcc/arm-none-eabi/12.3.1/../../../../arm-none-eabi/lib/thumb/v7e-m+dp/hard\libc_nano.a(libc_a-wsetup.o)
 .ARM.attributes
                0x000007df       0x32 C:/ST/STM32CubeIDE_1.17.0/STM32CubeIDE/plugins/com.st.stm32cube.ide.mcu.externaltools.gnu-tools-for-stm32.12.3.rel1.win32_1.1.0.202410251130/tools/bin/../lib/gcc/arm-none-eabi/12.3.1/../../../../arm-none-eabi/lib/thumb/v7e-m+dp/hard\libc_nano.a(libc_a-memset.o)
 .ARM.attributes
                0x00000811       0x32 C:/ST/STM32CubeIDE_1.17.0/STM32CubeIDE/plugins/com.st.stm32cube.ide.mcu.externaltools.gnu-tools-for-stm32.12.3.rel1.win32_1.1.0.202410251130/tools/bin/../lib/gcc/arm-none-eabi/12.3.1/../../../../arm-none-eabi/lib/thumb/v7e-m+dp/hard\libc_nano.a(libc_a-closer.o)
 .ARM.attributes
                0x00000843       0x32 C:/ST/STM32CubeIDE_1.17.0/STM32CubeIDE/plugins/com.st.stm32cube.ide.mcu.externaltools.gnu-tools-for-stm32.12.3.rel1.win32_1.1.0.202410251130/tools/bin/../lib/gcc/arm-none-eabi/12.3.1/../../../../arm-none-eabi/lib/thumb/v7e-m+dp/hard\libc_nano.a(libc_a-reent.o)
 .ARM.attributes
                0x00000875       0x32 C:/ST/STM32CubeIDE_1.17.0/STM32CubeIDE/plugins/com.st.stm32cube.ide.mcu.externaltools.gnu-tools-for-stm32.12.3.rel1.win32_1.1.0.202410251130/tools/bin/../lib/gcc/arm-none-eabi/12.3.1/../../../../arm-none-eabi/lib/thumb/v7e-m+dp/hard\libc_nano.a(libc_a-impure.o)
 .ARM.attributes
                0x000008a7       0x32 C:/ST/STM32CubeIDE_1.17.0/STM32CubeIDE/plugins/com.st.stm32cube.ide.mcu.externaltools.gnu-tools-for-stm32.12.3.rel1.win32_1.1.0.202410251130/tools/bin/../lib/gcc/arm-none-eabi/12.3.1/../../../../arm-none-eabi/lib/thumb/v7e-m+dp/hard\libc_nano.a(libc_a-lseekr.o)
 .ARM.attributes
                0x000008d9       0x32 C:/ST/STM32CubeIDE_1.17.0/STM32CubeIDE/plugins/com.st.stm32cube.ide.mcu.externaltools.gnu-tools-for-stm32.12.3.rel1.win32_1.1.0.202410251130/tools/bin/../lib/gcc/arm-none-eabi/12.3.1/../../../../arm-none-eabi/lib/thumb/v7e-m+dp/hard\libc_nano.a(libc_a-readr.o)
 .ARM.attributes
                0x0000090b       0x32 C:/ST/STM32CubeIDE_1.17.0/STM32CubeIDE/plugins/com.st.stm32cube.ide.mcu.externaltools.gnu-tools-for-stm32.12.3.rel1.win32_1.1.0.202410251130/tools/bin/../lib/gcc/arm-none-eabi/12.3.1/../../../../arm-none-eabi/lib/thumb/v7e-m+dp/hard\libc_nano.a(libc_a-writer.o)
 .ARM.attributes
                0x0000093d       0x32 C:/ST/STM32CubeIDE_1.17.0/STM32CubeIDE/plugins/com.st.stm32cube.ide.mcu.externaltools.gnu-tools-for-stm32.12.3.rel1.win32_1.1.0.202410251130/tools/bin/../lib/gcc/arm-none-eabi/12.3.1/../../../../arm-none-eabi/lib/thumb/v7e-m+dp/hard\libc_nano.a(libc_a-errno.o)
 .ARM.attributes